12-20 15:03:00.883 W/PackageManager(  434): Resource path for pkg : com.zhy.lierdafridge changing from /data/app/com.zhy.lierdafridge-2 to /data/app/com.zhy.lierdafridge-1
12-20 15:03:01.006 I/ActivityManagerService(  434): Force stopping com.zhy.lierdafridge appid=10055 user=0: pkg removed
12-20 15:03:01.038 D/JobSchedulerService(  434): Receieved: android.intent.action.PACKAGE_REMOVED
12-20 15:03:01.039 D/BackupManagerService(  434): Received broadcast Intent { act=android.intent.action.PACKAGE_REMOVED dat=package:com.zhy.lierdafridge flg=0x4000020 (has extras) }
12-20 15:03:01.050 D/BackupManagerService(  434): Received broadcast Intent { act=android.intent.action.PACKAGE_ADDED dat=package:com.zhy.lierdafridge flg=0x4000020 (has extras) }
12-20 15:03:01.057 W/BackupManagerService(  434): Removing schedule queue dupe of com.zhy.lierdafridge
12-20 15:03:01.103 W/ContextImpl( 1147): Calling a method in the system process without a qualified user: android.app.ContextImpl.startService:1709 android.content.ContextWrapper.startService:516 android.content.ContextWrapper.startService:516 com.android.keychain.KeyChainBroadcastReceiver.onReceive:12 android.app.ActivityThread.handleReceiver:2629 
12-20 15:03:01.164 W/VoiceInteractionManagerService(  434): no available voice recognition services found for user 0
12-20 15:03:01.223 W/BackupManagerService(  434): dataChanged but no participant pkg='com.android.launcher3' uid=10027
12-20 15:03:01.874 I/ActivityStackSupervisor(  434): START u0 {act=android.intent.action.MAIN cat=[android.intent.category.LAUNCHER] flg=0x10000000 cmp=com.zhy.lierdafridge/.MainActivity} from uid 2000 on display 0
12-20 15:03:01.924 V/WindowManagerService(  434): Adding window Window{23903a27 u0 Starting com.zhy.lierdafridge} at 5 of 10 (after Window{27219f66 u0 com.android.settings/com.android.settings.SubSettings})
12-20 15:03:01.974 I/ActivityManagerService(  434): Start proc 4999:com.zhy.lierdafridge/u0a55 for activity com.zhy.lierdafridge/.MainActivity
12-20 15:03:02.386 V/WindowManagerService(  434): Adding window Window{3ce5fb17 u0 com.zhy.lierdafridge/com.zhy.lierdafridge.MainActivity} at 5 of 11 (before Window{23903a27 u0 Starting com.zhy.lierdafridge})
12-20 15:03:04.293 D/TaskPersister(  434): removeObsoleteFile: deleting file=101_task.xml
12-20 15:03:04.294 D/TaskPersister(  434): removeObsoleteFile: deleting file=101_task_thumbnail.png
12-20 15:03:11.027 D/PhoneWindowManager(  434): interceptKeyTq interactive = true, (isInjected && !isWakeKey) = false
12-20 15:03:11.027 D/PhoneWindowManager(  434): interceptKeyTq interactive = true, (isInjected && !isWakeKey) = false
12-20 15:03:11.028 D/WindowManagerService(  434): interceptKeyBeforeDispatching event = KeyEvent { action=ACTION_DOWN, keyCode=KEYCODE_F1, scanCode=59, metaState=0, flags=0x8, repeatCount=0, eventTime=891300, downTime=891300, deviceId=1, source=0x101 }
12-20 15:03:11.028 D/WindowManagerService(  434): interceptKeyBeforeDispatching event = KeyEvent { action=ACTION_UP, keyCode=KEYCODE_F1, scanCode=59, metaState=0, flags=0x8, repeatCount=0, eventTime=891300, downTime=891300, deviceId=1, source=0x101 }
12-20 15:03:38.192 D/DefContainer( 1653): Copying /data/local/tmp/com.zhy.lierdafridge to base.apk
12-20 15:03:38.531 D/PackageManager(  434): Renaming /data/app/vmdl9080239.tmp to /data/app/com.zhy.lierdafridge-2
12-20 15:03:38.532 I/ActivityManagerService(  434): Force stopping com.zhy.lierdafridge appid=10055 user=-1: uninstall pkg
12-20 15:03:38.533 I/ActivityManagerService(  434): Killing 4999:com.zhy.lierdafridge/u0a55 (adj 0): stop com.zhy.lierdafridge
12-20 15:03:38.543 I/WindowState(  434): WIN DEATH: Window{3ce5fb17 u0 com.zhy.lierdafridge/com.zhy.lierdafridge.MainActivity}
12-20 15:03:38.553 W/ActivityManagerService(  434): Force removing ActivityRecord{e6d220e u0 com.zhy.lierdafridge/.MainActivity t102}: app died, no saved state
12-20 15:03:38.617 I/PackageManager(  434): Package com.zhy.lierdafridge codePath changed from /data/app/com.zhy.lierdafridge-1 to /data/app/com.zhy.lierdafridge-2; Retaining data and using new
12-20 15:03:38.628 W/ActivityManagerService(  434): Spurious death for ProcessRecord{3465d807 4999:com.zhy.lierdafridge/u0a55}, curProc for 4999: null
12-20 15:03:38.787 W/InputMethodManagerService(  434): Got RemoteException sending setActive(false) notification to pid 4999 uid 10055
12-20 15:03:40.567 W/PackageManager(  434): Code path for pkg : com.zhy.lierdafridge changing from /data/app/com.zhy.lierdafridge-1 to /data/app/com.zhy.lierdafridge-2
12-20 15:03:40.567 I/ActivityManagerService(  434): Force stopping com.zhy.lierdafridge appid=10055 user=-1: update pkg
12-20 15:03:40.567 W/PackageManager(  434): Resource path for pkg : com.zhy.lierdafridge changing from /data/app/com.zhy.lierdafridge-1 to /data/app/com.zhy.lierdafridge-2
12-20 15:03:40.706 I/ActivityManagerService(  434): Force stopping com.zhy.lierdafridge appid=10055 user=0: pkg removed
12-20 15:03:40.814 W/ContextImpl( 1147): Calling a method in the system process without a qualified user: android.app.ContextImpl.startService:1709 android.content.ContextWrapper.startService:516 android.content.ContextWrapper.startService:516 com.android.keychain.KeyChainBroadcastReceiver.onReceive:12 android.app.ActivityThread.handleReceiver:2629 
12-20 15:03:40.848 D/JobSchedulerService(  434): Receieved: android.intent.action.PACKAGE_REMOVED
12-20 15:03:40.848 D/BackupManagerService(  434): Received broadcast Intent { act=android.intent.action.PACKAGE_REMOVED dat=package:com.zhy.lierdafridge flg=0x4000020 (has extras) }
12-20 15:03:40.869 D/BackupManagerService(  434): Received broadcast Intent { act=android.intent.action.PACKAGE_ADDED dat=package:com.zhy.lierdafridge flg=0x4000020 (has extras) }
12-20 15:03:40.871 W/BackupManagerService(  434): Removing schedule queue dupe of com.zhy.lierdafridge
12-20 15:03:40.945 W/VoiceInteractionManagerService(  434): no available voice recognition services found for user 0
12-20 15:03:41.004 W/BackupManagerService(  434): dataChanged but no participant pkg='com.android.launcher3' uid=10027
12-20 15:03:41.605 I/ActivityStackSupervisor(  434): START u0 {act=android.intent.action.MAIN cat=[android.intent.category.LAUNCHER] flg=0x10000000 cmp=com.zhy.lierdafridge/.MainActivity} from uid 2000 on display 0
12-20 15:03:41.665 V/WindowManagerService(  434): Adding window Window{a108a2e u0 Starting com.zhy.lierdafridge} at 5 of 10 (after Window{27219f66 u0 com.android.settings/com.android.settings.SubSettings})
12-20 15:03:41.707 I/ActivityManagerService(  434): Start proc 5076:com.zhy.lierdafridge/u0a55 for activity com.zhy.lierdafridge/.MainActivity
12-20 15:03:42.113 V/WindowManagerService(  434): Adding window Window{2cd75560 u0 com.zhy.lierdafridge/com.zhy.lierdafridge.MainActivity} at 5 of 11 (before Window{a108a2e u0 Starting com.zhy.lierdafridge})
12-20 15:03:44.216 D/TaskPersister(  434): removeObsoleteFile: deleting file=102_task.xml
12-20 15:04:29.357 D/PhoneWindowManager(  434): interceptKeyTq interactive = true, (isInjected && !isWakeKey) = false
12-20 15:04:29.357 D/PhoneWindowManager(  434): interceptKeyTq interactive = true, (isInjected && !isWakeKey) = false
12-20 15:04:29.358 D/WindowManagerService(  434): interceptKeyBeforeDispatching event = KeyEvent { action=ACTION_DOWN, keyCode=KEYCODE_F1, scanCode=59, metaState=0, flags=0x8, repeatCount=0, eventTime=969630, downTime=969630, deviceId=1, source=0x101 }
12-20 15:04:29.358 D/WindowManagerService(  434): interceptKeyBeforeDispatching event = KeyEvent { action=ACTION_UP, keyCode=KEYCODE_F1, scanCode=59, metaState=0, flags=0x8, repeatCount=0, eventTime=969630, downTime=969630, deviceId=1, source=0x101 }
12-20 15:04:32.991 I/ActivityStackSupervisor(  434): START u0 {act=com.android.systemui.recents.SHOW_RECENTS flg=0x10804000 cmp=com.android.systemui/.recents.RecentsActivity} from uid 10011 on display 0
12-20 15:04:37.626 I/ActivityStackSupervisor(  434): START u0 {act=android.intent.action.MAIN cmp=com.android.settings/.SubSettings (has extras)} from uid 1000 on display 0
12-20 15:04:37.859 V/WindowManagerService(  434): Adding window Window{1d7bf5a1 u0 com.android.settings/com.android.settings.SubSettings} at 5 of 10 (after Window{37b2aeaf u0 com.android.settings/com.android.settings.Settings})
12-20 15:04:38.916 I/ActivityStackSupervisor(  434): START u0 {act=android.intent.action.MAIN cmp=com.android.settings/.SubSettings (has extras)} from uid 1000 on display 0
12-20 15:04:39.074 V/WindowManagerService(  434): Adding window Window{3fafba76 u0 com.android.settings/com.android.settings.SubSettings} at 6 of 11 (after Window{1d7bf5a1 u0 com.android.settings/com.android.settings.SubSettings})
12-20 15:04:39.844 V/WindowManagerService(  434): not Base app: Adding window Window{2fe4949 u0 com.android.settings/com.android.settings.SubSettings} at 7 of 12
12-20 15:04:40.797 W/InputMethodManagerService(  434): Window already focused, ignoring focus gain of: com.android.internal.view.IInputMethodClient$Stub$Proxy@5593105 attribute=null, token = android.os.BinderProxy@203c8911
12-20 15:04:42.473 D/VoldCmdListener(  156): cryptfs cryptocomplete
12-20 15:04:42.474 E/Cryptfs (  156): not running with encryption, aborting
12-20 15:04:42.535 V/WindowManagerService(  434): not Base app: Adding window Window{3c18338b u0 com.android.settings/com.android.settings.SubSettings} at 7 of 12
12-20 15:04:43.271 D/VoldCmdListener(  156): cryptfs cryptocomplete
12-20 15:04:43.271 E/Cryptfs (  156): not running with encryption, aborting
12-20 15:04:43.342 W/InputMethodManagerService(  434): Window already focused, ignoring focus gain of: com.android.internal.view.IInputMethodClient$Stub$Proxy@1e847c68 attribute=null, token = android.os.BinderProxy@203c8911
12-20 15:06:43.114 D/DefContainer( 1653): Copying /data/local/tmp/com.zhy.lierdafridge to base.apk
12-20 15:06:43.447 D/PackageManager(  434): Renaming /data/app/vmdl1615316759.tmp to /data/app/com.zhy.lierdafridge-1
12-20 15:06:43.447 I/ActivityManagerService(  434): Force stopping com.zhy.lierdafridge appid=10055 user=-1: uninstall pkg
12-20 15:06:43.448 I/ActivityManagerService(  434): Killing 5076:com.zhy.lierdafridge/u0a55 (adj 9): stop com.zhy.lierdafridge
12-20 15:06:43.459 I/WindowState(  434): WIN DEATH: Window{2cd75560 u0 com.zhy.lierdafridge/com.zhy.lierdafridge.MainActivity}
12-20 15:06:43.483 I/ActivityManagerService(  434):   Force finishing activity 3 ActivityRecord{309c1871 u0 com.zhy.lierdafridge/.MainActivity t103}
12-20 15:06:43.487 W/ActivityManagerService(  434): Spurious death for ProcessRecord{ecf3afe 5076:com.zhy.lierdafridge/u0a55}, curProc for 5076: null
12-20 15:06:43.516 I/PackageManager(  434): Package com.zhy.lierdafridge codePath changed from /data/app/com.zhy.lierdafridge-2 to /data/app/com.zhy.lierdafridge-1; Retaining data and using new
12-20 15:06:45.113 W/PackageManager(  434): Code path for pkg : com.zhy.lierdafridge changing from /data/app/com.zhy.lierdafridge-2 to /data/app/com.zhy.lierdafridge-1
12-20 15:06:45.113 I/ActivityManagerService(  434): Force stopping com.zhy.lierdafridge appid=10055 user=-1: update pkg
12-20 15:06:45.113 W/PackageManager(  434): Resource path for pkg : com.zhy.lierdafridge changing from /data/app/com.zhy.lierdafridge-2 to /data/app/com.zhy.lierdafridge-1
12-20 15:06:45.237 I/ActivityManagerService(  434): Force stopping com.zhy.lierdafridge appid=10055 user=0: pkg removed
12-20 15:06:45.353 D/JobSchedulerService(  434): Receieved: android.intent.action.PACKAGE_REMOVED
12-20 15:06:45.353 D/BackupManagerService(  434): Received broadcast Intent { act=android.intent.action.PACKAGE_REMOVED dat=package:com.zhy.lierdafridge flg=0x4000020 (has extras) }
12-20 15:06:45.359 W/ContextImpl( 1147): Calling a method in the system process without a qualified user: android.app.ContextImpl.startService:1709 android.content.ContextWrapper.startService:516 android.content.ContextWrapper.startService:516 com.android.keychain.KeyChainBroadcastReceiver.onReceive:12 android.app.ActivityThread.handleReceiver:2629 
12-20 15:06:45.363 D/BackupManagerService(  434): Received broadcast Intent { act=android.intent.action.PACKAGE_ADDED dat=package:com.zhy.lierdafridge flg=0x4000020 (has extras) }
12-20 15:06:45.368 W/BackupManagerService(  434): Removing schedule queue dupe of com.zhy.lierdafridge
12-20 15:06:45.455 W/VoiceInteractionManagerService(  434): no available voice recognition services found for user 0
12-20 15:06:45.507 W/BackupManagerService(  434): dataChanged but no participant pkg='com.android.launcher3' uid=10027
12-20 15:06:46.137 I/ActivityStackSupervisor(  434): START u0 {act=android.intent.action.MAIN cat=[android.intent.category.LAUNCHER] flg=0x10000000 cmp=com.zhy.lierdafridge/.MainActivity} from uid 2000 on display 0
12-20 15:06:46.185 V/WindowManagerService(  434): Adding window Window{34c5bda4 u0 Starting com.zhy.lierdafridge} at 6 of 11 (after Window{3fafba76 u0 com.android.settings/com.android.settings.SubSettings})
12-20 15:06:46.224 I/ActivityManagerService(  434): Start proc 5165:com.zhy.lierdafridge/u0a55 for activity com.zhy.lierdafridge/.MainActivity
12-20 15:06:46.606 V/WindowManagerService(  434): Adding window Window{3fe5d7d4 u0 com.zhy.lierdafridge/com.zhy.lierdafridge.MainActivity} at 6 of 12 (before Window{34c5bda4 u0 Starting com.zhy.lierdafridge})
12-20 15:06:48.618 D/TaskPersister(  434): removeObsoleteFile: deleting file=103_task.xml
12-20 15:06:48.618 D/TaskPersister(  434): removeObsoleteFile: deleting file=103_task_thumbnail.png
12-20 15:06:51.147 D/PhoneWindowManager(  434): interceptKeyTq interactive = true, (isInjected && !isWakeKey) = false
12-20 15:06:51.147 D/PhoneWindowManager(  434): interceptKeyTq interactive = true, (isInjected && !isWakeKey) = false
12-20 15:06:51.148 D/WindowManagerService(  434): interceptKeyBeforeDispatching event = KeyEvent { action=ACTION_DOWN, keyCode=KEYCODE_F1, scanCode=59, metaState=0, flags=0x8, repeatCount=0, eventTime=1111420, downTime=1111420, deviceId=1, source=0x101 }
12-20 15:06:51.148 D/WindowManagerService(  434): interceptKeyBeforeDispatching event = KeyEvent { action=ACTION_UP, keyCode=KEYCODE_F1, scanCode=59, metaState=0, flags=0x8, repeatCount=0, eventTime=1111420, downTime=1111420, deviceId=1, source=0x101 }
12-20 15:07:11.387 D/PhoneWindowManager(  434): interceptKeyTq interactive = true, (isInjected && !isWakeKey) = false
12-20 15:07:11.388 D/WindowManagerService(  434): interceptKeyBeforeDispatching event = KeyEvent { action=ACTION_DOWN, keyCode=KEYCODE_BACK, scanCode=0, metaState=0, flags=0x48, repeatCount=0, eventTime=1131659, downTime=1131659, deviceId=-1, source=0x101 }
12-20 15:07:11.481 D/PhoneWindowManager(  434): interceptKeyTq interactive = true, (isInjected && !isWakeKey) = false
12-20 15:07:11.481 D/WindowManagerService(  434): interceptKeyBeforeDispatching event = KeyEvent { action=ACTION_UP, keyCode=KEYCODE_BACK, scanCode=0, metaState=0, flags=0x48, repeatCount=0, eventTime=1131755, downTime=1131659, deviceId=-1, source=0x101 }
12-20 15:07:13.350 V/WindowManagerService(  434): not Base app: Adding window Window{99810b3 u0 com.android.settings/com.android.settings.SubSettings} at 6 of 11
12-20 15:07:14.222 W/InputMethodManagerService(  434): Window already focused, ignoring focus gain of: com.android.internal.view.IInputMethodClient$Stub$Proxy@37f9050f attribute=null, token = android.os.BinderProxy@203c8911
12-20 15:07:16.044 D/VoldCmdListener(  156): cryptfs cryptocomplete
12-20 15:07:16.044 E/Cryptfs (  156): not running with encryption, aborting
12-20 15:07:16.099 V/WindowManagerService(  434): not Base app: Adding window Window{27882fa5 u0 com.android.settings/com.android.settings.SubSettings} at 6 of 11
12-20 15:07:16.880 D/VoldCmdListener(  156): cryptfs cryptocomplete
12-20 15:07:16.880 E/Cryptfs (  156): not running with encryption, aborting
12-20 15:07:16.949 W/InputMethodManagerService(  434): Window already focused, ignoring focus gain of: com.android.internal.view.IInputMethodClient$Stub$Proxy@121ebf7a attribute=null, token = android.os.BinderProxy@203c8911
12-20 15:07:22.475 I/ActivityStackSupervisor(  434): START u0 {act=com.android.systemui.recents.SHOW_RECENTS flg=0x10804000 cmp=com.android.systemui/.recents.RecentsActivity} from uid 10011 on display 0
12-20 15:07:23.550 I/ActivityManagerService(  434): Killing 863:com.android.printspooler/u0a40 (adj 15): empty #17
12-20 15:07:23.567 I/ActivityManagerService(  434): Killing 3174:com.android.settings/1000 (adj 9): remove task
12-20 15:07:23.586 I/WindowState(  434): WIN DEATH: Window{1d7bf5a1 u0 com.android.settings/com.android.settings.SubSettings}
12-20 15:07:23.587 D/WifiService(  434): Client connection lost with reason: 4
12-20 15:07:23.598 W/ActivityManagerService(  434): 3174cleanUpRemovedTaskLocked  of task: TaskRecord{34f5bba0 #99 A=com.android.settings U=0 sz=3}
12-20 15:07:23.600 I/WindowState(  434): WIN DEATH: Window{3fafba76 u0 com.android.settings/com.android.settings.SubSettings}
12-20 15:07:23.728 D/TaskPersister(  434): removeObsoleteFile: deleting file=99_task.xml
12-20 15:07:23.729 D/TaskPersister(  434): removeObsoleteFile: deleting file=99_task_thumbnail.png
12-20 15:07:23.864 I/ActivityManagerService(  434): Killing 5165:com.zhy.lierdafridge/u0a55 (adj 9): remove task
12-20 15:07:23.893 W/ActivityManagerService(  434): 5165cleanUpRemovedTaskLocked  of task: TaskRecord{298bd359 #104 A=com.zhy.lierdafridge U=0 sz=0}
12-20 15:07:23.898 I/ActivityStackSupervisor(  434): START u0 {act=android.intent.action.MAIN cat=[android.intent.category.HOME] flg=0x10200000 cmp=com.android.launcher3/.Launcher} from uid 10011 on display 0
12-20 15:07:23.916 D/TaskPersister(  434): removeObsoleteFile: deleting file=104_task.xml
12-20 15:07:23.917 D/TaskPersister(  434): removeObsoleteFile: deleting file=104_task_thumbnail.png
12-20 15:07:24.031 W/InputMethodManagerService(  434): Starting input on non-focused client com.android.internal.view.IInputMethodClient$Stub$Proxy@2bab4fff (uid=10011 pid=580)
12-20 15:07:28.696 I/ActivityManagerService(  434): Force stopping com.zhy.lierdafridge appid=10055 user=0: from pid 5202
12-20 15:07:29.412 I/ActivityStackSupervisor(  434): START u0 {act=android.intent.action.MAIN cat=[android.intent.category.LAUNCHER] flg=0x10000000 cmp=com.zhy.lierdafridge/.MainActivity} from uid 2000 on display 0
12-20 15:07:29.466 I/ActivityManagerService(  434): Start proc 5232:com.zhy.lierdafridge/u0a55 for activity com.zhy.lierdafridge/.MainActivity
12-20 15:07:29.473 V/WindowManagerService(  434): Adding window Window{37cbe8cd u0 Starting com.zhy.lierdafridge} at 3 of 8 (after Window{3998a2cd u0 com.android.launcher3/com.android.launcher3.Launcher})
12-20 15:07:29.836 V/WindowManagerService(  434): Adding window Window{1ed014e7 u0 com.zhy.lierdafridge/com.zhy.lierdafridge.MainActivity} at 3 of 9 (before Window{37cbe8cd u0 Starting com.zhy.lierdafridge})
12-20 15:07:37.610 I/ActivityStackSupervisor(  434): START u0 {act=com.android.systemui.recents.SHOW_RECENTS flg=0x10804000 cmp=com.android.systemui/.recents.RecentsActivity} from uid 10011 on display 0
12-20 15:07:38.819 D/PhoneWindowManager(  434): interceptKeyTq interactive = true, (isInjected && !isWakeKey) = true
12-20 15:07:38.820 D/WindowManagerService(  434): interceptKeyBeforeDispatching event = KeyEvent { action=ACTION_DOWN, keyCode=KEYCODE_HOME, scanCode=0, metaState=0, flags=0x48, repeatCount=0, eventTime=1159092, downTime=1159092, deviceId=-1, source=0x101 }
12-20 15:07:38.924 D/PhoneWindowManager(  434): interceptKeyTq interactive = true, (isInjected && !isWakeKey) = true
12-20 15:07:38.925 D/WindowManagerService(  434): interceptKeyBeforeDispatching event = KeyEvent { action=ACTION_UP, keyCode=KEYCODE_HOME, scanCode=0, metaState=0, flags=0x48, repeatCount=0, eventTime=1159198, downTime=1159092, deviceId=-1, source=0x101 }
12-20 15:07:39.206 I/ActivityStackSupervisor(  434): START u0 {act=android.intent.action.MAIN cat=[android.intent.category.HOME] flg=0x10200000 cmp=com.android.launcher3/.Launcher} from uid 10011 on display 0
12-20 15:07:40.137 I/ActivityStackSupervisor(  434): START u0 {act=android.intent.action.MAIN cat=[android.intent.category.LAUNCHER] flg=0x10200000 cmp=com.android.settings/.Settings bnds=[506,378][640,469] (has extras)} from uid 10027 on display 0
12-20 15:07:40.179 V/WindowManagerService(  434): Adding window Window{1b2a12c7 u0 Starting com.android.settings} at 4 of 9 (after Window{1ed014e7 u0 com.zhy.lierdafridge/com.zhy.lierdafridge.MainActivity})
12-20 15:07:40.232 I/ActivityManagerService(  434): Start proc 5262:com.android.settings/1000 for activity com.android.settings/.Settings
12-20 15:07:40.622 V/WindowManagerService(  434): Adding window Window{229e6ebc u0 com.android.settings/com.android.settings.Settings} at 4 of 10 (before Window{1b2a12c7 u0 Starting com.android.settings})
12-20 15:07:42.968 I/ActivityStackSupervisor(  434): START u0 {act=android.intent.action.MAIN cmp=com.android.settings/.SubSettings (has extras)} from uid 1000 on display 0
12-20 15:07:43.248 V/WindowManagerService(  434): Adding window Window{6f8a2b5 u0 com.android.settings/com.android.settings.SubSettings} at 5 of 10 (after Window{229e6ebc u0 com.android.settings/com.android.settings.Settings})
12-20 15:07:44.761 I/ActivityStackSupervisor(  434): START u0 {act=android.intent.action.MAIN cmp=com.android.settings/.SubSettings (has extras)} from uid 1000 on display 0
12-20 15:07:44.916 V/WindowManagerService(  434): Adding window Window{2e90ecfa u0 com.android.settings/com.android.settings.SubSettings} at 6 of 11 (after Window{6f8a2b5 u0 com.android.settings/com.android.settings.SubSettings})
12-20 15:07:45.720 D/VoldCmdListener(  156): cryptfs cryptocomplete
12-20 15:07:45.720 E/Cryptfs (  156): not running with encryption, aborting
12-20 15:07:45.782 V/WindowManagerService(  434): not Base app: Adding window Window{121911dd u0 com.android.settings/com.android.settings.SubSettings} at 7 of 12
12-20 15:07:46.874 D/VoldCmdListener(  156): cryptfs cryptocomplete
12-20 15:07:46.874 E/Cryptfs (  156): not running with encryption, aborting
12-20 15:07:46.939 W/InputMethodManagerService(  434): Window already focused, ignoring focus gain of: com.android.internal.view.IInputMethodClient$Stub$Proxy@1b19eed9 attribute=null, token = android.os.BinderProxy@11d8a325
12-20 15:08:05.207 D/PhoneWindowManager(  434): interceptKeyTq interactive = true, (isInjected && !isWakeKey) = false
12-20 15:08:05.207 D/PhoneWindowManager(  434): interceptKeyTq interactive = true, (isInjected && !isWakeKey) = false
12-20 15:08:05.208 D/WindowManagerService(  434): interceptKeyBeforeDispatching event = KeyEvent { action=ACTION_DOWN, keyCode=KEYCODE_F1, scanCode=59, metaState=0, flags=0x8, repeatCount=0, eventTime=1185480, downTime=1185480, deviceId=1, source=0x101 }
12-20 15:08:05.208 D/WindowManagerService(  434): interceptKeyBeforeDispatching event = KeyEvent { action=ACTION_UP, keyCode=KEYCODE_F1, scanCode=59, metaState=0, flags=0x8, repeatCount=0, eventTime=1185480, downTime=1185480, deviceId=1, source=0x101 }
12-20 15:08:10.545 V/WindowManagerService(  434): not Base app: Adding window Window{227f977f u0 com.android.settings/com.android.settings.SubSettings} at 7 of 12
12-20 15:08:11.601 W/InputMethodManagerService(  434): Window already focused, ignoring focus gain of: com.android.internal.view.IInputMethodClient$Stub$Proxy@3bb6634c attribute=null, token = android.os.BinderProxy@11d8a325
12-20 15:08:40.462 I/UsageStatsService(  434): User[0] Flushing usage stats to disk
12-20 15:09:30.738 D/DefContainer( 1653): Copying /data/local/tmp/com.zhy.lierdafridge to base.apk
12-20 15:09:31.100 D/PackageManager(  434): Renaming /data/app/vmdl1399035587.tmp to /data/app/com.zhy.lierdafridge-2
12-20 15:09:31.102 I/ActivityManagerService(  434): Force stopping com.zhy.lierdafridge appid=10055 user=-1: uninstall pkg
12-20 15:09:31.102 I/ActivityManagerService(  434): Killing 5232:com.zhy.lierdafridge/u0a55 (adj 9): stop com.zhy.lierdafridge
12-20 15:09:31.116 I/WindowState(  434): WIN DEATH: Window{1ed014e7 u0 com.zhy.lierdafridge/com.zhy.lierdafridge.MainActivity}
12-20 15:09:31.120 I/ActivityManagerService(  434):   Force finishing activity 3 ActivityRecord{288af1cc u0 com.zhy.lierdafridge/.MainActivity t105}
12-20 15:09:31.135 W/ActivityManagerService(  434): Spurious death for ProcessRecord{1e3b8302 5232:com.zhy.lierdafridge/u0a55}, curProc for 5232: null
12-20 15:09:31.166 I/PackageManager(  434): Package com.zhy.lierdafridge codePath changed from /data/app/com.zhy.lierdafridge-1 to /data/app/com.zhy.lierdafridge-2; Retaining data and using new
12-20 15:09:32.840 W/PackageManager(  434): Code path for pkg : com.zhy.lierdafridge changing from /data/app/com.zhy.lierdafridge-1 to /data/app/com.zhy.lierdafridge-2
12-20 15:09:32.841 I/ActivityManagerService(  434): Force stopping com.zhy.lierdafridge appid=10055 user=-1: update pkg
12-20 15:09:32.841 W/PackageManager(  434): Resource path for pkg : com.zhy.lierdafridge changing from /data/app/com.zhy.lierdafridge-1 to /data/app/com.zhy.lierdafridge-2
12-20 15:09:32.966 I/ActivityManagerService(  434): Force stopping com.zhy.lierdafridge appid=10055 user=0: pkg removed
12-20 15:09:32.989 D/JobSchedulerService(  434): Receieved: android.intent.action.PACKAGE_REMOVED
12-20 15:09:32.990 D/BackupManagerService(  434): Received broadcast Intent { act=android.intent.action.PACKAGE_REMOVED dat=package:com.zhy.lierdafridge flg=0x4000020 (has extras) }
12-20 15:09:33.037 D/BackupManagerService(  434): Received broadcast Intent { act=android.intent.action.PACKAGE_ADDED dat=package:com.zhy.lierdafridge flg=0x4000020 (has extras) }
12-20 15:09:33.046 W/BackupManagerService(  434): Removing schedule queue dupe of com.zhy.lierdafridge
12-20 15:09:33.068 W/ContextImpl( 1147): Calling a method in the system process without a qualified user: android.app.ContextImpl.startService:1709 android.content.ContextWrapper.startService:516 android.content.ContextWrapper.startService:516 com.android.keychain.KeyChainBroadcastReceiver.onReceive:12 android.app.ActivityThread.handleReceiver:2629 
12-20 15:09:33.190 W/VoiceInteractionManagerService(  434): no available voice recognition services found for user 0
12-20 15:09:33.332 W/BackupManagerService(  434): dataChanged but no participant pkg='com.android.launcher3' uid=10027
12-20 15:09:33.819 I/ActivityStackSupervisor(  434): START u0 {act=android.intent.action.MAIN cat=[android.intent.category.LAUNCHER] flg=0x10000000 cmp=com.zhy.lierdafridge/.MainActivity} from uid 2000 on display 0
12-20 15:09:33.868 V/WindowManagerService(  434): Adding window Window{3605c186 u0 Starting com.zhy.lierdafridge} at 6 of 11 (after Window{2e90ecfa u0 com.android.settings/com.android.settings.SubSettings})
12-20 15:09:33.908 I/ActivityManagerService(  434): Start proc 5351:com.zhy.lierdafridge/u0a55 for activity com.zhy.lierdafridge/.MainActivity
12-20 15:09:34.278 V/WindowManagerService(  434): Adding window Window{395b6955 u0 com.zhy.lierdafridge/com.zhy.lierdafridge.MainActivity} at 6 of 12 (before Window{3605c186 u0 Starting com.zhy.lierdafridge})
12-20 15:09:36.249 D/TaskPersister(  434): removeObsoleteFile: deleting file=105_task.xml
12-20 15:09:36.249 D/TaskPersister(  434): removeObsoleteFile: deleting file=105_task_thumbnail.png
12-20 15:10:54.038 D/DefContainer( 1653): Copying /data/local/tmp/com.zhy.lierdafridge to base.apk
12-20 15:10:54.953 D/PackageManager(  434): Renaming /data/app/vmdl1867323596.tmp to /data/app/com.zhy.lierdafridge-1
12-20 15:10:54.954 I/ActivityManagerService(  434): Force stopping com.zhy.lierdafridge appid=10055 user=-1: uninstall pkg
12-20 15:10:54.954 I/ActivityManagerService(  434): Killing 5351:com.zhy.lierdafridge/u0a55 (adj 0): stop com.zhy.lierdafridge
12-20 15:10:54.967 I/WindowState(  434): WIN DEATH: Window{395b6955 u0 com.zhy.lierdafridge/com.zhy.lierdafridge.MainActivity}
12-20 15:10:54.970 W/ActivityManagerService(  434): Force removing ActivityRecord{3c369729 u0 com.zhy.lierdafridge/.MainActivity t107}: app died, no saved state
12-20 15:10:55.037 I/PackageManager(  434): Package com.zhy.lierdafridge codePath changed from /data/app/com.zhy.lierdafridge-2 to /data/app/com.zhy.lierdafridge-1; Retaining data and using new
12-20 15:10:55.046 W/ActivityManagerService(  434): Spurious death for ProcessRecord{35ed071a 5351:com.zhy.lierdafridge/u0a55}, curProc for 5351: null
12-20 15:10:55.105 W/InputMethodManagerService(  434): Got RemoteException sending setActive(false) notification to pid 5351 uid 10055
12-20 15:10:56.978 W/PackageManager(  434): Code path for pkg : com.zhy.lierdafridge changing from /data/app/com.zhy.lierdafridge-2 to /data/app/com.zhy.lierdafridge-1
12-20 15:10:56.978 I/ActivityManagerService(  434): Force stopping com.zhy.lierdafridge appid=10055 user=-1: update pkg
12-20 15:10:56.978 W/PackageManager(  434): Resource path for pkg : com.zhy.lierdafridge changing from /data/app/com.zhy.lierdafridge-2 to /data/app/com.zhy.lierdafridge-1
12-20 15:10:57.106 I/ActivityManagerService(  434): Force stopping com.zhy.lierdafridge appid=10055 user=0: pkg removed
12-20 15:10:57.208 W/ContextImpl( 1147): Calling a method in the system process without a qualified user: android.app.ContextImpl.startService:1709 android.content.ContextWrapper.startService:516 android.content.ContextWrapper.startService:516 com.android.keychain.KeyChainBroadcastReceiver.onReceive:12 android.app.ActivityThread.handleReceiver:2629 
12-20 15:10:57.238 D/JobSchedulerService(  434): Receieved: android.intent.action.PACKAGE_REMOVED
12-20 15:10:57.238 D/BackupManagerService(  434): Received broadcast Intent { act=android.intent.action.PACKAGE_REMOVED dat=package:com.zhy.lierdafridge flg=0x4000020 (has extras) }
12-20 15:10:57.255 D/BackupManagerService(  434): Received broadcast Intent { act=android.intent.action.PACKAGE_ADDED dat=package:com.zhy.lierdafridge flg=0x4000020 (has extras) }
12-20 15:10:57.257 W/BackupManagerService(  434): Removing schedule queue dupe of com.zhy.lierdafridge
12-20 15:10:57.317 W/VoiceInteractionManagerService(  434): no available voice recognition services found for user 0
12-20 15:10:57.358 W/BackupManagerService(  434): dataChanged but no participant pkg='com.android.launcher3' uid=10027
12-20 15:10:57.997 I/ActivityStackSupervisor(  434): START u0 {act=android.intent.action.MAIN cat=[android.intent.category.LAUNCHER] flg=0x10000000 cmp=com.zhy.lierdafridge/.MainActivity} from uid 2000 on display 0
12-20 15:10:58.055 V/WindowManagerService(  434): Adding window Window{1c0871b8 u0 Starting com.zhy.lierdafridge} at 6 of 11 (after Window{2e90ecfa u0 com.android.settings/com.android.settings.SubSettings})
12-20 15:10:58.094 I/ActivityManagerService(  434): Start proc 5425:com.zhy.lierdafridge/u0a55 for activity com.zhy.lierdafridge/.MainActivity
12-20 15:10:58.492 V/WindowManagerService(  434): Adding window Window{30223bc9 u0 com.zhy.lierdafridge/com.zhy.lierdafridge.MainActivity} at 6 of 12 (before Window{1c0871b8 u0 Starting com.zhy.lierdafridge})
12-20 15:11:00.666 D/TaskPersister(  434): removeObsoleteFile: deleting file=107_task.xml
12-20 15:11:42.829 D/DefContainer( 1653): Copying /data/local/tmp/com.zhy.lierdafridge to base.apk
12-20 15:11:43.744 D/PackageManager(  434): Renaming /data/app/vmdl637415227.tmp to /data/app/com.zhy.lierdafridge-2
12-20 15:11:43.745 I/ActivityManagerService(  434): Force stopping com.zhy.lierdafridge appid=10055 user=-1: uninstall pkg
12-20 15:11:43.746 I/ActivityManagerService(  434): Killing 5425:com.zhy.lierdafridge/u0a55 (adj 0): stop com.zhy.lierdafridge
12-20 15:11:43.757 I/WindowState(  434): WIN DEATH: Window{30223bc9 u0 com.zhy.lierdafridge/com.zhy.lierdafridge.MainActivity}
12-20 15:11:43.761 W/ActivityManagerService(  434): Force removing ActivityRecord{2beb2ba3 u0 com.zhy.lierdafridge/.MainActivity t108}: app died, no saved state
12-20 15:11:43.826 I/PackageManager(  434): Package com.zhy.lierdafridge codePath changed from /data/app/com.zhy.lierdafridge-1 to /data/app/com.zhy.lierdafridge-2; Retaining data and using new
12-20 15:11:43.835 W/ActivityManagerService(  434): Spurious death for ProcessRecord{13119b7e 5425:com.zhy.lierdafridge/u0a55}, curProc for 5425: null
12-20 15:11:43.926 W/InputMethodManagerService(  434): Got RemoteException sending setActive(false) notification to pid 5425 uid 10055
12-20 15:11:45.734 W/PackageManager(  434): Code path for pkg : com.zhy.lierdafridge changing from /data/app/com.zhy.lierdafridge-1 to /data/app/com.zhy.lierdafridge-2
12-20 15:11:45.734 I/ActivityManagerService(  434): Force stopping com.zhy.lierdafridge appid=10055 user=-1: update pkg
12-20 15:11:45.734 W/PackageManager(  434): Resource path for pkg : com.zhy.lierdafridge changing from /data/app/com.zhy.lierdafridge-1 to /data/app/com.zhy.lierdafridge-2
12-20 15:11:45.797 W/PackageManager(  434): Not granting permission android.permission.MOUNT_UNMOUNT_FILESYSTEMS to package com.zhy.lierdafridge (protectionLevel=18 flags=0x48bf46)
12-20 15:11:45.797 W/PackageManager(  434): Not granting permission android.permission.WRITE_MEDIA_STORAGE to package com.zhy.lierdafridge (protectionLevel=18 flags=0x48bf46)
12-20 15:11:45.866 I/ActivityManagerService(  434): Force stopping com.zhy.lierdafridge appid=10055 user=0: pkg removed
12-20 15:11:45.894 D/JobSchedulerService(  434): Receieved: android.intent.action.PACKAGE_REMOVED
12-20 15:11:45.898 D/BackupManagerService(  434): Received broadcast Intent { act=android.intent.action.PACKAGE_REMOVED dat=package:com.zhy.lierdafridge flg=0x4000020 (has extras) }
12-20 15:11:45.926 D/BackupManagerService(  434): Received broadcast Intent { act=android.intent.action.PACKAGE_ADDED dat=package:com.zhy.lierdafridge flg=0x4000020 (has extras) }
12-20 15:11:45.932 W/BackupManagerService(  434): Removing schedule queue dupe of com.zhy.lierdafridge
12-20 15:11:45.970 W/ContextImpl( 1147): Calling a method in the system process without a qualified user: android.app.ContextImpl.startService:1709 android.content.ContextWrapper.startService:516 android.content.ContextWrapper.startService:516 com.android.keychain.KeyChainBroadcastReceiver.onReceive:12 android.app.ActivityThread.handleReceiver:2629 
12-20 15:11:46.047 W/VoiceInteractionManagerService(  434): no available voice recognition services found for user 0
12-20 15:11:46.132 W/BackupManagerService(  434): dataChanged but no participant pkg='com.android.launcher3' uid=10027
12-20 15:11:46.723 I/ActivityStackSupervisor(  434): START u0 {act=android.intent.action.MAIN cat=[android.intent.category.LAUNCHER] flg=0x10000000 cmp=com.zhy.lierdafridge/.MainActivity} from uid 2000 on display 0
12-20 15:11:46.772 V/WindowManagerService(  434): Adding window Window{39dd5989 u0 Starting com.zhy.lierdafridge} at 6 of 11 (after Window{2e90ecfa u0 com.android.settings/com.android.settings.SubSettings})
12-20 15:11:46.805 I/ActivityManagerService(  434): Start proc 5498:com.zhy.lierdafridge/u0a55 for activity com.zhy.lierdafridge/.MainActivity
12-20 15:11:47.191 V/WindowManagerService(  434): Adding window Window{ea14066 u0 com.zhy.lierdafridge/com.zhy.lierdafridge.MainActivity} at 6 of 12 (before Window{39dd5989 u0 Starting com.zhy.lierdafridge})
12-20 15:11:48.959 D/TaskPersister(  434): removeObsoleteFile: deleting file=108_task.xml
12-20 15:13:27.804 D/DefContainer( 1653): Copying /data/local/tmp/com.zhy.lierdafridge to base.apk
12-20 15:13:28.727 D/PackageManager(  434): Renaming /data/app/vmdl817376332.tmp to /data/app/com.zhy.lierdafridge-1
12-20 15:13:28.728 I/ActivityManagerService(  434): Force stopping com.zhy.lierdafridge appid=10055 user=-1: uninstall pkg
12-20 15:13:28.728 I/ActivityManagerService(  434): Killing 5498:com.zhy.lierdafridge/u0a55 (adj 0): stop com.zhy.lierdafridge
12-20 15:13:28.742 I/WindowState(  434): WIN DEATH: Window{ea14066 u0 com.zhy.lierdafridge/com.zhy.lierdafridge.MainActivity}
12-20 15:13:28.760 W/ActivityManagerService(  434): Force removing ActivityRecord{3be29678 u0 com.zhy.lierdafridge/.MainActivity t109}: app died, no saved state
12-20 15:13:28.826 I/PackageManager(  434): Package com.zhy.lierdafridge codePath changed from /data/app/com.zhy.lierdafridge-2 to /data/app/com.zhy.lierdafridge-1; Retaining data and using new
12-20 15:13:28.835 W/ActivityManagerService(  434): Spurious death for ProcessRecord{109d097 5498:com.zhy.lierdafridge/u0a55}, curProc for 5498: null
12-20 15:13:28.924 W/InputMethodManagerService(  434): Got RemoteException sending setActive(false) notification to pid 5498 uid 10055
12-20 15:13:30.711 W/PackageManager(  434): Code path for pkg : com.zhy.lierdafridge changing from /data/app/com.zhy.lierdafridge-2 to /data/app/com.zhy.lierdafridge-1
12-20 15:13:30.711 I/ActivityManagerService(  434): Force stopping com.zhy.lierdafridge appid=10055 user=-1: update pkg
12-20 15:13:30.711 W/PackageManager(  434): Resource path for pkg : com.zhy.lierdafridge changing from /data/app/com.zhy.lierdafridge-2 to /data/app/com.zhy.lierdafridge-1
12-20 15:13:30.777 W/PackageManager(  434): Not granting permission android.permission.MOUNT_UNMOUNT_FILESYSTEMS to package com.zhy.lierdafridge (protectionLevel=18 flags=0x48bf46)
12-20 15:13:30.777 W/PackageManager(  434): Not granting permission android.permission.WRITE_MEDIA_STORAGE to package com.zhy.lierdafridge (protectionLevel=18 flags=0x48bf46)
12-20 15:13:30.846 I/ActivityManagerService(  434): Force stopping com.zhy.lierdafridge appid=10055 user=0: pkg removed
12-20 15:13:30.875 D/JobSchedulerService(  434): Receieved: android.intent.action.PACKAGE_REMOVED
12-20 15:13:30.877 D/BackupManagerService(  434): Received broadcast Intent { act=android.intent.action.PACKAGE_REMOVED dat=package:com.zhy.lierdafridge flg=0x4000020 (has extras) }
12-20 15:13:30.889 D/BackupManagerService(  434): Received broadcast Intent { act=android.intent.action.PACKAGE_ADDED dat=package:com.zhy.lierdafridge flg=0x4000020 (has extras) }
12-20 15:13:30.904 W/BackupManagerService(  434): Removing schedule queue dupe of com.zhy.lierdafridge
12-20 15:13:30.941 W/ContextImpl( 1147): Calling a method in the system process without a qualified user: android.app.ContextImpl.startService:1709 android.content.ContextWrapper.startService:516 android.content.ContextWrapper.startService:516 com.android.keychain.KeyChainBroadcastReceiver.onReceive:12 android.app.ActivityThread.handleReceiver:2629 
12-20 15:13:31.020 W/VoiceInteractionManagerService(  434): no available voice recognition services found for user 0
12-20 15:13:31.060 W/BackupManagerService(  434): dataChanged but no participant pkg='com.android.launcher3' uid=10027
12-20 15:13:31.669 I/ActivityStackSupervisor(  434): START u0 {act=android.intent.action.MAIN cat=[android.intent.category.LAUNCHER] flg=0x10000000 cmp=com.zhy.lierdafridge/.MainActivity} from uid 2000 on display 0
12-20 15:13:31.718 V/WindowManagerService(  434): Adding window Window{f40c326 u0 Starting com.zhy.lierdafridge} at 6 of 11 (after Window{2e90ecfa u0 com.android.settings/com.android.settings.SubSettings})
12-20 15:13:31.776 I/ActivityManagerService(  434): Start proc 5574:com.zhy.lierdafridge/u0a55 for activity com.zhy.lierdafridge/.MainActivity
12-20 15:13:32.059 W/ActivityManagerService(  434): Unable to start service Intent { cmp=com.zhy.lierdafridge/com.iflytek.common.LaunchService } U=0: not found
12-20 15:13:32.223 W/ActivityManagerService(  434): Unable to start service Intent { cmp=com.zhy.lierdafridge/com.iflytek.common.LaunchService } U=0: not found
12-20 15:13:32.362 V/WindowManagerService(  434): Adding window Window{a3b3f0a u0 com.zhy.lierdafridge/com.zhy.lierdafridge.MainActivity} at 6 of 12 (before Window{f40c326 u0 Starting com.zhy.lierdafridge})
12-20 15:13:33.941 D/TaskPersister(  434): removeObsoleteFile: deleting file=109_task.xml
12-20 15:13:51.067 D/PhoneWindowManager(  434): interceptKeyTq interactive = true, (isInjected && !isWakeKey) = false
12-20 15:13:51.068 D/WindowManagerService(  434): interceptKeyBeforeDispatching event = KeyEvent { action=ACTION_DOWN, keyCode=KEYCODE_BACK, scanCode=0, metaState=0, flags=0x48, repeatCount=0, eventTime=1531340, downTime=1531340, deviceId=-1, source=0x101 }
12-20 15:13:51.149 D/PhoneWindowManager(  434): interceptKeyTq interactive = true, (isInjected && !isWakeKey) = false
12-20 15:13:51.150 D/WindowManagerService(  434): interceptKeyBeforeDispatching event = KeyEvent { action=ACTION_UP, keyCode=KEYCODE_BACK, scanCode=0, metaState=0, flags=0x48, repeatCount=0, eventTime=1531423, downTime=1531340, deviceId=-1, source=0x101 }
12-20 15:13:53.846 D/VoldCmdListener(  156): cryptfs cryptocomplete
12-20 15:13:53.846 E/Cryptfs (  156): not running with encryption, aborting
12-20 15:13:53.910 V/WindowManagerService(  434): not Base app: Adding window Window{15e0cc86 u0 com.android.settings/com.android.settings.SubSettings} at 6 of 11
12-20 15:13:54.875 D/VoldCmdListener(  156): cryptfs cryptocomplete
12-20 15:13:54.875 E/Cryptfs (  156): not running with encryption, aborting
12-20 15:13:54.953 W/InputMethodManagerService(  434): Window already focused, ignoring focus gain of: com.android.internal.view.IInputMethodClient$Stub$Proxy@2eed2b12 attribute=null, token = android.os.BinderProxy@11d8a325
12-20 15:14:03.626 D/PhoneWindowManager(  434): interceptKeyTq interactive = true, (isInjected && !isWakeKey) = false
12-20 15:14:03.627 D/PhoneWindowManager(  434): interceptKeyTq interactive = true, (isInjected && !isWakeKey) = false
12-20 15:14:03.628 D/WindowManagerService(  434): interceptKeyBeforeDispatching event = KeyEvent { action=ACTION_DOWN, keyCode=KEYCODE_F1, scanCode=59, metaState=0, flags=0x8, repeatCount=0, eventTime=1543900, downTime=1543900, deviceId=1, source=0x101 }
12-20 15:14:03.628 D/WindowManagerService(  434): interceptKeyBeforeDispatching event = KeyEvent { action=ACTION_UP, keyCode=KEYCODE_F1, scanCode=59, metaState=0, flags=0x8, repeatCount=0, eventTime=1543900, downTime=1543900, deviceId=1, source=0x101 }
12-20 15:14:54.730 I/ActivityManagerService(  434): Force stopping com.zhy.lierdafridge appid=10055 user=0: from pid 5623
12-20 15:14:54.731 I/ActivityManagerService(  434): Killing 5574:com.zhy.lierdafridge/u0a55 (adj 9): stop com.zhy.lierdafridge
12-20 15:14:54.749 W/ActivityManagerService(  434): Spurious death for ProcessRecord{200702e3 5574:com.zhy.lierdafridge/u0a55}, curProc for 5574: null
12-20 15:14:55.560 I/ActivityManagerService(  434): Force stopping com.zhy.lierdafridge appid=10055 user=-1: set debug app
12-20 15:14:55.561 I/ActivityStackSupervisor(  434): START u0 {act=android.intent.action.MAIN cat=[android.intent.category.LAUNCHER] flg=0x10000000 cmp=com.zhy.lierdafridge/.MainActivity} from uid 2000 on display 0
12-20 15:14:55.621 V/WindowManagerService(  434): Adding window Window{157e5cd1 u0 Starting com.zhy.lierdafridge} at 6 of 11 (after Window{2e90ecfa u0 com.android.settings/com.android.settings.SubSettings})
12-20 15:14:55.668 I/ActivityManagerService(  434): Start proc 5653:com.zhy.lierdafridge/u0a55 for activity com.zhy.lierdafridge/.MainActivity
12-20 15:14:55.773 W/ActivityThread( 5653): Application com.zhy.lierdafridge is waiting for the debugger on port 8100...
12-20 15:14:58.564 W/ActivityManagerService(  434): Unable to start service Intent { cmp=com.zhy.lierdafridge/com.iflytek.common.LaunchService } U=0: not found
12-20 15:14:58.844 V/WindowManagerService(  434): Adding window Window{173deb1b u0 com.zhy.lierdafridge/com.zhy.lierdafridge.MainActivity} at 6 of 12 (before Window{157e5cd1 u0 Starting com.zhy.lierdafridge})
12-20 15:15:00.206 D/TaskPersister(  434): removeObsoleteFile: deleting file=110_task.xml
12-20 15:15:00.207 D/TaskPersister(  434): removeObsoleteFile: deleting file=110_task_thumbnail.png
12-20 15:15:01.368 D/PhoneWindowManager(  434): interceptKeyTq interactive = true, (isInjected && !isWakeKey) = true
12-20 15:15:01.370 D/WindowManagerService(  434): interceptKeyBeforeDispatching event = KeyEvent { action=ACTION_DOWN, keyCode=KEYCODE_HOME, scanCode=0, metaState=0, flags=0x48, repeatCount=0, eventTime=1601641, downTime=1601641, deviceId=-1, source=0x101 }
12-20 15:15:01.457 D/PhoneWindowManager(  434): interceptKeyTq interactive = true, (isInjected && !isWakeKey) = true
12-20 15:15:01.458 D/WindowManagerService(  434): interceptKeyBeforeDispatching event = KeyEvent { action=ACTION_UP, keyCode=KEYCODE_HOME, scanCode=0, metaState=0, flags=0x48, repeatCount=0, eventTime=1601731, downTime=1601641, deviceId=-1, source=0x101 }
12-20 15:15:01.468 I/ActivityStackSupervisor(  434): START u0 {act=android.intent.action.MAIN cat=[android.intent.category.HOME] flg=0x10200000 cmp=com.android.launcher3/.Launcher} from uid 1000 on display 0
12-20 15:15:02.516 I/ActivityStackSupervisor(  434): START u0 {act=android.intent.action.MAIN cat=[android.intent.category.LAUNCHER] flg=0x10200000 cmp=com.android.settings/.Settings bnds=[506,378][640,469] (has extras)} from uid 10027 on display 0
12-20 15:15:04.266 I/ActivityStackSupervisor(  434): START u0 {act=android.intent.action.MAIN cmp=com.android.settings/.SubSettings (has extras)} from uid 1000 on display 0
12-20 15:15:04.478 V/WindowManagerService(  434): Adding window Window{36b9e3d7 u0 com.android.settings/com.android.settings.SubSettings} at 5 of 10 (after Window{229e6ebc u0 com.android.settings/com.android.settings.Settings})
12-20 15:15:06.015 I/ActivityStackSupervisor(  434): START u0 {act=android.intent.action.MAIN cmp=com.android.settings/.SubSettings (has extras)} from uid 1000 on display 0
12-20 15:15:06.174 V/WindowManagerService(  434): Adding window Window{1277d6f4 u0 com.android.settings/com.android.settings.SubSettings} at 6 of 11 (after Window{36b9e3d7 u0 com.android.settings/com.android.settings.SubSettings})
12-20 15:15:07.092 D/VoldCmdListener(  156): cryptfs cryptocomplete
12-20 15:15:07.092 E/Cryptfs (  156): not running with encryption, aborting
12-20 15:15:07.167 V/WindowManagerService(  434): not Base app: Adding window Window{3239b1bf u0 com.android.settings/com.android.settings.SubSettings} at 7 of 12
12-20 15:15:08.249 D/VoldCmdListener(  156): cryptfs cryptocomplete
12-20 15:15:08.249 E/Cryptfs (  156): not running with encryption, aborting
12-20 15:15:08.311 W/InputMethodManagerService(  434): Window already focused, ignoring focus gain of: com.android.internal.view.IInputMethodClient$Stub$Proxy@7e1aadb attribute=null, token = android.os.BinderProxy@366570c7
12-20 15:18:14.252 D/DefContainer( 1653): Copying /data/local/tmp/com.zhy.lierdafridge to base.apk
12-20 15:18:15.188 D/PackageManager(  434): Renaming /data/app/vmdl1654059820.tmp to /data/app/com.zhy.lierdafridge-2
12-20 15:18:15.189 I/ActivityManagerService(  434): Force stopping com.zhy.lierdafridge appid=10055 user=-1: uninstall pkg
12-20 15:18:15.189 I/ActivityManagerService(  434): Killing 5653:com.zhy.lierdafridge/u0a55 (adj 7): stop com.zhy.lierdafridge
12-20 15:18:15.206 I/WindowState(  434): WIN DEATH: Window{173deb1b u0 com.zhy.lierdafridge/com.zhy.lierdafridge.MainActivity}
12-20 15:18:15.220 I/ActivityManagerService(  434):   Force finishing activity 3 ActivityRecord{246f94e0 u0 com.zhy.lierdafridge/.MainActivity t111}
12-20 15:18:15.223 W/ActivityManagerService(  434): Spurious death for ProcessRecord{1a4f5089 5653:com.zhy.lierdafridge/u0a55}, curProc for 5653: null
12-20 15:18:15.256 I/PackageManager(  434): Package com.zhy.lierdafridge codePath changed from /data/app/com.zhy.lierdafridge-1 to /data/app/com.zhy.lierdafridge-2; Retaining data and using new
12-20 15:18:17.246 W/PackageManager(  434): Code path for pkg : com.zhy.lierdafridge changing from /data/app/com.zhy.lierdafridge-1 to /data/app/com.zhy.lierdafridge-2
12-20 15:18:17.246 I/ActivityManagerService(  434): Force stopping com.zhy.lierdafridge appid=10055 user=-1: update pkg
12-20 15:18:17.246 W/PackageManager(  434): Resource path for pkg : com.zhy.lierdafridge changing from /data/app/com.zhy.lierdafridge-1 to /data/app/com.zhy.lierdafridge-2
12-20 15:18:17.317 W/PackageManager(  434): Not granting permission android.permission.MOUNT_UNMOUNT_FILESYSTEMS to package com.zhy.lierdafridge (protectionLevel=18 flags=0x48bf46)
12-20 15:18:17.317 W/PackageManager(  434): Not granting permission android.permission.WRITE_MEDIA_STORAGE to package com.zhy.lierdafridge (protectionLevel=18 flags=0x48bf46)
12-20 15:18:17.386 I/ActivityManagerService(  434): Force stopping com.zhy.lierdafridge appid=10055 user=0: pkg removed
12-20 15:18:17.408 D/JobSchedulerService(  434): Receieved: android.intent.action.PACKAGE_REMOVED
12-20 15:18:17.409 D/BackupManagerService(  434): Received broadcast Intent { act=android.intent.action.PACKAGE_REMOVED dat=package:com.zhy.lierdafridge flg=0x4000020 (has extras) }
12-20 15:18:17.438 D/BackupManagerService(  434): Received broadcast Intent { act=android.intent.action.PACKAGE_ADDED dat=package:com.zhy.lierdafridge flg=0x4000020 (has extras) }
12-20 15:18:17.440 W/BackupManagerService(  434): Removing schedule queue dupe of com.zhy.lierdafridge
12-20 15:18:17.490 W/ContextImpl( 1147): Calling a method in the system process without a qualified user: android.app.ContextImpl.startService:1709 android.content.ContextWrapper.startService:516 android.content.ContextWrapper.startService:516 com.android.keychain.KeyChainBroadcastReceiver.onReceive:12 android.app.ActivityThread.handleReceiver:2629 
12-20 15:18:17.571 W/VoiceInteractionManagerService(  434): no available voice recognition services found for user 0
