12-20 16:41:16.934 D/hwcomposer(  157): 	rect0: {0,0,48,1280}
12-20 16:41:16.943 D/hwcomposer(  157): hwc_set(4025):Layers to set:
12-20 16:41:16.943 D/hwcomposer(  157): layer=0xb652b418, layer name=com.android.settings/com.android.settings.SubSettings, type=0, hints=00000000, flags=00000000, handle=0xb5c525c0, tr=04, blend=0100, {0,0,1280,720}, {0,0,720,1280}
12-20 16:41:16.943 D/hwcomposer(  157): 	rect0: {0,0,720,1280}
12-20 16:41:16.943 D/hwcomposer(  157): layer 0xb652b4e8 skipped
12-20 16:41:16.943 D/hwcomposer(  157): layer=0xb652b5b8, layer name=com.android.settings/com.android.settings.SubSettings, type=0, hints=00000000, flags=00000000, handle=0xb5c52080, tr=04, blend=ff0105, {0,0,768,472}, {136,256,608,1024}
12-20 16:41:16.943 D/hwcomposer(  157): 	rect0: {136,256,608,1024}
12-20 16:41:16.944 D/hwcomposer(  157): layer=0xb652b688, layer name=StatusBar, type=0, hints=00000000, flags=00000000, handle=0xb64726d0, tr=04, blend=ff0105, {0,0,1280,25}, {695,0,720,1280}
12-20 16:41:16.944 D/hwcomposer(  157): 	rect0: {695,0,720,1280}
12-20 16:41:16.944 D/hwcomposer(  157): layer=0xb652b758, layer name=NavigationBar, type=0, hints=00000000, flags=00000000, handle=0xb6472ac0, tr=04, blend=ff0105, {0,0,1280,48}, {0,0,48,1280}
12-20 16:41:16.944 D/hwcomposer(  157): 	rect0: {0,0,48,1280}
12-20 16:41:16.951 D/hwcomposer(  157): Skip 5 layer 
12-20 16:41:16.951 D/hwcomposer(  157): hwc_prepare(3273):Layers to prepare:
12-20 16:41:16.951 D/hwcomposer(  157): layer=0xb652b418, layer name=com.android.settings/com.android.settings.SubSettings, type=0, hints=00000000, flags=00000000, handle=0xb5c525c0, tr=04, blend=0100, {0,0,1280,720}, {0,0,720,1280}
12-20 16:41:16.951 D/hwcomposer(  157): 	rect0: {0,0,720,1280}
12-20 16:41:16.951 D/hwcomposer(  157): layer 0xb652b4e8 skipped
12-20 16:41:16.951 D/hwcomposer(  157): layer=0xb652b5b8, layer name=com.android.settings/com.android.settings.SubSettings, type=0, hints=00000000, flags=00000000, handle=0xb5c526a0, tr=04, blend=ff0105, {0,0,768,472}, {136,256,608,1024}
12-20 16:41:16.951 D/hwcomposer(  157): 	rect0: {136,256,608,1024}
12-20 16:41:16.951 D/hwcomposer(  157): layer=0xb652b688, layer name=StatusBar, type=0, hints=00000000, flags=00000000, handle=0xb64726d0, tr=04, blend=ff0105, {0,0,1280,25}, {695,0,720,1280}
12-20 16:41:16.951 D/hwcomposer(  157): 	rect0: {695,0,720,1280}
12-20 16:41:16.951 D/hwcomposer(  157): layer=0xb652b758, layer name=NavigationBar, type=0, hints=00000000, flags=00000000, handle=0xb6472ac0, tr=04, blend=ff0105, {0,0,1280,48}, {0,0,48,1280}
12-20 16:41:16.951 D/hwcomposer(  157): 	rect0: {0,0,48,1280}
12-20 16:41:16.961 D/hwcomposer(  157): hwc_set(4025):Layers to set:
12-20 16:41:16.961 D/hwcomposer(  157): layer=0xb652b418, layer name=com.android.settings/com.android.settings.SubSettings, type=0, hints=00000000, flags=00000000, handle=0xb5c525c0, tr=04, blend=0100, {0,0,1280,720}, {0,0,720,1280}
12-20 16:41:16.961 D/hwcomposer(  157): 	rect0: {0,0,720,1280}
12-20 16:41:16.961 D/hwcomposer(  157): layer 0xb652b4e8 skipped
12-20 16:41:16.961 D/hwcomposer(  157): layer=0xb652b5b8, layer name=com.android.settings/com.android.settings.SubSettings, type=0, hints=00000000, flags=00000000, handle=0xb5c526a0, tr=04, blend=ff0105, {0,0,768,472}, {136,256,608,1024}
12-20 16:41:16.961 D/hwcomposer(  157): 	rect0: {136,256,608,1024}
12-20 16:41:16.961 D/hwcomposer(  157): layer=0xb652b688, layer name=StatusBar, type=0, hints=00000000, flags=00000000, handle=0xb64726d0, tr=04, blend=ff0105, {0,0,1280,25}, {695,0,720,1280}
12-20 16:41:16.961 D/hwcomposer(  157): 	rect0: {695,0,720,1280}
12-20 16:41:16.961 D/hwcomposer(  157): layer=0xb652b758, layer name=NavigationBar, type=0, hints=00000000, flags=00000000, handle=0xb6472ac0, tr=04, blend=ff0105, {0,0,1280,48}, {0,0,48,1280}
12-20 16:41:16.961 D/hwcomposer(  157): 	rect0: {0,0,48,1280}
12-20 16:41:16.968 D/hwcomposer(  157): Skip 5 layer 
12-20 16:41:16.968 D/hwcomposer(  157): hwc_prepare(3273):Layers to prepare:
12-20 16:41:16.968 D/hwcomposer(  157): layer=0xb652b418, layer name=com.android.settings/com.android.settings.SubSettings, type=0, hints=00000000, flags=00000000, handle=0xb5c525c0, tr=04, blend=0100, {0,0,1280,720}, {0,0,720,1280}
12-20 16:41:16.968 D/hwcomposer(  157): 	rect0: {0,0,720,1280}
12-20 16:41:16.968 D/hwcomposer(  157): layer 0xb652b4e8 skipped
12-20 16:41:16.968 D/hwcomposer(  157): layer=0xb652b5b8, layer name=com.android.settings/com.android.settings.SubSettings, type=0, hints=00000000, flags=00000000, handle=0xb5c52710, tr=04, blend=ff0105, {0,0,768,472}, {136,256,608,1024}
12-20 16:41:16.968 D/hwcomposer(  157): 	rect0: {136,256,608,1024}
12-20 16:41:16.968 D/hwcomposer(  157): layer=0xb652b688, layer name=StatusBar, type=0, hints=00000000, flags=00000000, handle=0xb64726d0, tr=04, blend=ff0105, {0,0,1280,25}, {695,0,720,1280}
12-20 16:41:16.968 D/hwcomposer(  157): 	rect0: {695,0,720,1280}
12-20 16:41:16.968 D/hwcomposer(  157): layer=0xb652b758, layer name=NavigationBar, type=0, hints=00000000, flags=00000000, handle=0xb6472ac0, tr=04, blend=ff0105, {0,0,1280,48}, {0,0,48,1280}
12-20 16:41:16.969 D/hwcomposer(  157): 	rect0: {0,0,48,1280}
12-20 16:41:16.978 D/hwcomposer(  157): hwc_set(4025):Layers to set:
12-20 16:41:16.979 D/hwcomposer(  157): layer=0xb652b418, layer name=com.android.settings/com.android.settings.SubSettings, type=0, hints=00000000, flags=00000000, handle=0xb5c525c0, tr=04, blend=0100, {0,0,1280,720}, {0,0,720,1280}
12-20 16:41:16.979 D/hwcomposer(  157): 	rect0: {0,0,720,1280}
12-20 16:41:16.979 D/hwcomposer(  157): layer 0xb652b4e8 skipped
12-20 16:41:16.979 D/hwcomposer(  157): layer=0xb652b5b8, layer name=com.android.settings/com.android.settings.SubSettings, type=0, hints=00000000, flags=00000000, handle=0xb5c52710, tr=04, blend=ff0105, {0,0,768,472}, {136,256,608,1024}
12-20 16:41:16.979 D/hwcomposer(  157): 	rect0: {136,256,608,1024}
12-20 16:41:16.979 D/hwcomposer(  157): layer=0xb652b688, layer name=StatusBar, type=0, hints=00000000, flags=00000000, handle=0xb64726d0, tr=04, blend=ff0105, {0,0,1280,25}, {695,0,720,1280}
12-20 16:41:16.979 D/hwcomposer(  157): 	rect0: {695,0,720,1280}
12-20 16:41:16.979 D/hwcomposer(  157): layer=0xb652b758, layer name=NavigationBar, type=0, hints=00000000, flags=00000000, handle=0xb6472ac0, tr=04, blend=ff0105, {0,0,1280,48}, {0,0,48,1280}
12-20 16:41:16.979 D/hwcomposer(  157): 	rect0: {0,0,48,1280}
12-20 16:41:16.982 D/VoldCmdListener(  156): cryptfs cryptocomplete
12-20 16:41:16.982 E/Cryptfs (  156): not running with encryption, aborting
12-20 16:41:16.983 W/AudioTrack(  434): AUDIO_OUTPUT_FLAG_FAST denied by client
12-20 16:41:16.986 D/hwcomposer(  157): Skip 5 layer 
12-20 16:41:16.986 D/hwcomposer(  157): hwc_prepare(3273):Layers to prepare:
12-20 16:41:16.986 D/hwcomposer(  157): layer=0xb652b418, layer name=com.android.settings/com.android.settings.SubSettings, type=0, hints=00000000, flags=00000000, handle=0xb5c525c0, tr=04, blend=0100, {0,0,1280,720}, {0,0,720,1280}
12-20 16:41:16.986 D/hwcomposer(  157): 	rect0: {0,0,720,1280}
12-20 16:41:16.986 D/hwcomposer(  157): layer 0xb652b4e8 skipped
12-20 16:41:16.986 D/hwcomposer(  157): layer=0xb652b5b8, layer name=com.android.settings/com.android.settings.SubSettings, type=0, hints=00000000, flags=00000000, handle=0xb5c52780, tr=04, blend=ff0105, {0,0,768,472}, {136,256,608,1024}
12-20 16:41:16.986 D/hwcomposer(  157): 	rect0: {136,256,608,1024}
12-20 16:41:16.986 D/hwcomposer(  157): layer=0xb652b688, layer name=StatusBar, type=0, hints=00000000, flags=00000000, handle=0xb64726d0, tr=04, blend=ff0105, {0,0,1280,25}, {695,0,720,1280}
12-20 16:41:16.986 D/hwcomposer(  157): 	rect0: {695,0,720,1280}
12-20 16:41:16.986 D/hwcomposer(  157): layer=0xb652b758, layer name=NavigationBar, type=0, hints=00000000, flags=00000000, handle=0xb6472ac0, tr=04, blend=ff0105, {0,0,1280,48}, {0,0,48,1280}
12-20 16:41:16.986 D/hwcomposer(  157): 	rect0: {0,0,48,1280}
12-20 16:41:16.995 D/hwcomposer(  157): hwc_set(4025):Layers to set:
12-20 16:41:16.995 D/hwcomposer(  157): layer=0xb652b418, layer name=com.android.settings/com.android.settings.SubSettings, type=0, hints=00000000, flags=00000000, handle=0xb5c525c0, tr=04, blend=0100, {0,0,1280,720}, {0,0,720,1280}
12-20 16:41:16.995 D/hwcomposer(  157): 	rect0: {0,0,720,1280}
12-20 16:41:16.995 D/hwcomposer(  157): layer 0xb652b4e8 skipped
12-20 16:41:16.995 D/hwcomposer(  157): layer=0xb652b5b8, layer name=com.android.settings/com.android.settings.SubSettings, type=0, hints=00000000, flags=00000000, handle=0xb5c52780, tr=04, blend=ff0105, {0,0,768,472}, {136,256,608,1024}
12-20 16:41:16.995 D/hwcomposer(  157): 	rect0: {136,256,608,1024}
12-20 16:41:16.995 D/hwcomposer(  157): layer=0xb652b688, layer name=StatusBar, type=0, hints=00000000, flags=00000000, handle=0xb64726d0, tr=04, blend=ff0105, {0,0,1280,25}, {695,0,720,1280}
12-20 16:41:16.995 D/hwcomposer(  157): 	rect0: {695,0,720,1280}
12-20 16:41:16.995 D/hwcomposer(  157): layer=0xb652b758, layer name=NavigationBar, type=0, hints=00000000, flags=00000000, handle=0xb6472ac0, tr=04, blend=ff0105, {0,0,1280,48}, {0,0,48,1280}
12-20 16:41:16.995 D/hwcomposer(  157): 	rect0: {0,0,48,1280}
12-20 16:41:17.017 D/ViewRootImpl(15498): onDetachedFromWindow ungister contentObserver
12-20 16:41:17.020 D/hwcomposer(  157): Skip 5 layer 
12-20 16:41:17.020 D/hwcomposer(  157): hwc_prepare(3273):Layers to prepare:
12-20 16:41:17.020 D/hwcomposer(  157): layer=0xb652b418, layer name=com.android.settings/com.android.settings.SubSettings, type=0, hints=00000000, flags=00000000, handle=0xb5c525c0, tr=04, blend=0100, {0,0,1280,720}, {0,0,720,1280}
12-20 16:41:17.020 D/hwcomposer(  157): 	rect0: {0,0,720,1280}
12-20 16:41:17.020 D/hwcomposer(  157): layer 0xb652b4e8 skipped
12-20 16:41:17.020 D/hwcomposer(  157): layer=0xb652b5b8, layer name=com.android.settings/com.android.settings.SubSettings, type=0, hints=00000000, flags=00000000, handle=0xb5c52780, tr=04, blend=ff0105, {0,0,768,472}, {136,256,608,1024}
12-20 16:41:17.020 D/hwcomposer(  157): 	rect0: {136,256,608,1024}
12-20 16:41:17.020 E/HAL     (15498): load: ++++++++++++TWM++++++++++++++++id path=gralloc
12-20 16:41:17.020 D/hwcomposer(  157): layer=0xb652b688, layer name=StatusBar, type=0, hints=00000000, flags=00000000, handle=0xb64726d0, tr=04, blend=ff0105, {0,0,1280,25}, {695,0,720,1280}
12-20 16:41:17.020 E/HAL     (15498): load: ++++++++++++TWM++++++++++++++++module path=/system/lib/hw/gralloc.rk30board.so
12-20 16:41:17.020 D/hwcomposer(  157): 	rect0: {695,0,720,1280}
12-20 16:41:17.020 D/hwcomposer(  157): layer=0xb652b758, layer name=NavigationBar, type=0, hints=00000000, flags=00000000, handle=0xb6472ac0, tr=04, blend=ff0105, {0,0,1280,48}, {0,0,48,1280}
12-20 16:41:17.020 D/hwcomposer(  157): 	rect0: {0,0,48,1280}
12-20 16:41:17.021 E/HAL     (15498): load: ++++++++++++TWM++++++++++++++++id path=gralloc
12-20 16:41:17.021 E/HAL     (15498): load: ++++++++++++TWM++++++++++++++++module path=/system/lib/hw/gralloc.rk30board.so
12-20 16:41:17.021 E/HAL     (15498): load: ++++++++++++TWM++++++++++++++++id path=gralloc
12-20 16:41:17.021 E/HAL     (15498): load: ++++++++++++TWM++++++++++++++++module path=/system/lib/hw/gralloc.rk30board.so
12-20 16:41:17.021 E/HAL     (15498): load: ++++++++++++TWM++++++++++++++++id path=gralloc
12-20 16:41:17.021 E/HAL     (15498): load: ++++++++++++TWM++++++++++++++++module path=/system/lib/hw/gralloc.rk30board.so
12-20 16:41:17.031 D/WindowManagerService(  434): Window{3c8b32fd u0 com.android.settings/com.android.settings.SubSettings}  ==========setInputFocusLw ==========  =======
12-20 16:41:17.031 D/hwcomposer(  157): hwc_set(4025):Layers to set:
12-20 16:41:17.032 D/hwcomposer(  157): layer=0xb652b418, layer name=com.android.settings/com.android.settings.SubSettings, type=0, hints=00000000, flags=00000000, handle=0xb5c525c0, tr=04, blend=0100, {0,0,1280,720}, {0,0,720,1280}
12-20 16:41:17.032 D/hwcomposer(  157): 	rect0: {0,0,720,1280}
12-20 16:41:17.032 D/hwcomposer(  157): layer 0xb652b4e8 skipped
12-20 16:41:17.032 D/hwcomposer(  157): layer=0xb652b5b8, layer name=com.android.settings/com.android.settings.SubSettings, type=0, hints=00000000, flags=00000000, handle=0xb5c52780, tr=04, blend=ff0105, {0,0,768,472}, {136,256,608,1024}
12-20 16:41:17.032 D/hwcomposer(  157): 	rect0: {136,256,608,1024}
12-20 16:41:17.032 D/hwcomposer(  157): layer=0xb652b688, layer name=StatusBar, type=0, hints=00000000, flags=00000000, handle=0xb64726d0, tr=04, blend=ff0105, {0,0,1280,25}, {695,0,720,1280}
12-20 16:41:17.032 D/hwcomposer(  157): 	rect0: {695,0,720,1280}
12-20 16:41:17.032 D/hwcomposer(  157): layer=0xb652b758, layer name=NavigationBar, type=0, hints=00000000, flags=00000000, handle=0xb6472ac0, tr=04, blend=ff0105, {0,0,1280,48}, {0,0,48,1280}
12-20 16:41:17.032 D/hwcomposer(  157): 	rect0: {0,0,48,1280}
12-20 16:41:17.048 W/InputMethodManagerService(  434): Window already focused, ignoring focus gain of: com.android.internal.view.IInputMethodClient$Stub$Proxy@2b2f27d8 attribute=null, token = android.os.BinderProxy@36060354
12-20 16:41:17.054 D/hwcomposer(  157): Skip 5 layer 
12-20 16:41:17.054 D/hwcomposer(  157): hwc_prepare(3273):Layers to prepare:
12-20 16:41:17.054 D/hwcomposer(  157): layer=0xb652b418, layer name=com.android.settings/com.android.settings.SubSettings, type=0, hints=00000000, flags=00000000, handle=0xb6471860, tr=04, blend=0100, {0,0,1280,720}, {0,0,720,1280}
12-20 16:41:17.054 D/hwcomposer(  157): 	rect0: {0,0,720,1280}
12-20 16:41:17.054 D/hwcomposer(  157): layer 0xb652b4e8 skipped
12-20 16:41:17.054 D/hwcomposer(  157): layer=0xb652b5b8, layer name=com.android.settings/com.android.settings.SubSettings, type=0, hints=00000000, flags=00000000, handle=0xb5c52780, tr=04, blend=ff0105, {0,0,768,472}, {136,256,608,1024}
12-20 16:41:17.054 D/hwcomposer(  157): 	rect0: {136,256,608,1024}
12-20 16:41:17.055 D/hwcomposer(  157): layer=0xb652b688, layer name=StatusBar, type=0, hints=00000000, flags=00000000, handle=0xb64726d0, tr=04, blend=ff0105, {0,0,1280,25}, {695,0,720,1280}
12-20 16:41:17.055 D/hwcomposer(  157): 	rect0: {695,0,720,1280}
12-20 16:41:17.055 D/hwcomposer(  157): layer=0xb652b758, layer name=NavigationBar, type=0, hints=00000000, flags=00000000, handle=0xb6472ac0, tr=04, blend=ff0105, {0,0,1280,48}, {0,0,48,1280}
12-20 16:41:17.055 D/hwcomposer(  157): 	rect0: {0,0,48,1280}
12-20 16:41:17.063 D/hwcomposer(  157): hwc_set(4025):Layers to set:
12-20 16:41:17.063 D/hwcomposer(  157): layer=0xb652b418, layer name=com.android.settings/com.android.settings.SubSettings, type=0, hints=00000000, flags=00000000, handle=0xb6471860, tr=04, blend=0100, {0,0,1280,720}, {0,0,720,1280}
12-20 16:41:17.063 D/hwcomposer(  157): 	rect0: {0,0,720,1280}
12-20 16:41:17.063 D/hwcomposer(  157): layer 0xb652b4e8 skipped
12-20 16:41:17.064 D/hwcomposer(  157): layer=0xb652b5b8, layer name=com.android.settings/com.android.settings.SubSettings, type=0, hints=00000000, flags=00000000, handle=0xb5c52780, tr=04, blend=ff0105, {0,0,768,472}, {136,256,608,1024}
12-20 16:41:17.064 D/hwcomposer(  157): 	rect0: {136,256,608,1024}
12-20 16:41:17.064 D/hwcomposer(  157): layer=0xb652b688, layer name=StatusBar, type=0, hints=00000000, flags=00000000, handle=0xb64726d0, tr=04, blend=ff0105, {0,0,1280,25}, {695,0,720,1280}
12-20 16:41:17.064 D/hwcomposer(  157): 	rect0: {695,0,720,1280}
12-20 16:41:17.064 D/hwcomposer(  157): layer=0xb652b758, layer name=NavigationBar, type=0, hints=00000000, flags=00000000, handle=0xb6472ac0, tr=04, blend=ff0105, {0,0,1280,48}, {0,0,48,1280}
12-20 16:41:17.064 D/hwcomposer(  157): 	rect0: {0,0,48,1280}
12-20 16:41:17.072 D/hwcomposer(  157): Skip 5 layer 
12-20 16:41:17.072 D/hwcomposer(  157): hwc_prepare(3273):Layers to prepare:
12-20 16:41:17.072 D/hwcomposer(  157): layer=0xb652b418, layer name=com.android.settings/com.android.settings.SubSettings, type=0, hints=00000000, flags=00000000, handle=0xb5c524e0, tr=04, blend=0100, {0,0,1280,720}, {0,0,720,1280}
12-20 16:41:17.072 D/hwcomposer(  157): 	rect0: {0,0,720,1280}
12-20 16:41:17.072 D/hwcomposer(  157): layer 0xb652b4e8 skipped
12-20 16:41:17.072 D/hwcomposer(  157): layer=0xb652b5b8, layer name=com.android.settings/com.android.settings.SubSettings, type=0, hints=00000000, flags=00000000, handle=0xb5c52780, tr=04, blend=ff0105, {0,0,768,472}, {136,256,608,1024}
12-20 16:41:17.072 D/hwcomposer(  157): 	rect0: {136,256,608,1024}
12-20 16:41:17.072 D/hwcomposer(  157): layer=0xb652b688, layer name=StatusBar, type=0, hints=00000000, flags=00000000, handle=0xb64726d0, tr=04, blend=ff0105, {0,0,1280,25}, {695,0,720,1280}
12-20 16:41:17.072 D/hwcomposer(  157): 	rect0: {695,0,720,1280}
12-20 16:41:17.072 D/hwcomposer(  157): layer=0xb652b758, layer name=NavigationBar, type=0, hints=00000000, flags=00000000, handle=0xb6472ac0, tr=04, blend=ff0105, {0,0,1280,48}, {0,0,48,1280}
12-20 16:41:17.072 D/hwcomposer(  157): 	rect0: {0,0,48,1280}
12-20 16:41:17.081 D/hwcomposer(  157): hwc_set(4025):Layers to set:
12-20 16:41:17.081 D/hwcomposer(  157): layer=0xb652b418, layer name=com.android.settings/com.android.settings.SubSettings, type=0, hints=00000000, flags=00000000, handle=0xb5c524e0, tr=04, blend=0100, {0,0,1280,720}, {0,0,720,1280}
12-20 16:41:17.081 D/hwcomposer(  157): 	rect0: {0,0,720,1280}
12-20 16:41:17.081 D/hwcomposer(  157): layer 0xb652b4e8 skipped
12-20 16:41:17.081 D/hwcomposer(  157): layer=0xb652b5b8, layer name=com.android.settings/com.android.settings.SubSettings, type=0, hints=00000000, flags=00000000, handle=0xb5c52780, tr=04, blend=ff0105, {0,0,768,472}, {136,256,608,1024}
12-20 16:41:17.081 D/hwcomposer(  157): 	rect0: {136,256,608,1024}
12-20 16:41:17.081 D/hwcomposer(  157): layer=0xb652b688, layer name=StatusBar, type=0, hints=00000000, flags=00000000, handle=0xb64726d0, tr=04, blend=ff0105, {0,0,1280,25}, {695,0,720,1280}
12-20 16:41:17.081 D/hwcomposer(  157): 	rect0: {695,0,720,1280}
12-20 16:41:17.081 D/hwcomposer(  157): layer=0xb652b758, layer name=NavigationBar, type=0, hints=00000000, flags=00000000, handle=0xb6472ac0, tr=04, blend=ff0105, {0,0,1280,48}, {0,0,48,1280}
12-20 16:41:17.081 D/hwcomposer(  157): 	rect0: {0,0,48,1280}
12-20 16:41:17.089 D/hwcomposer(  157): Skip 5 layer 
12-20 16:41:17.089 D/hwcomposer(  157): hwc_prepare(3273):Layers to prepare:
12-20 16:41:17.089 D/hwcomposer(  157): layer=0xb652b418, layer name=com.android.settings/com.android.settings.SubSettings, type=0, hints=00000000, flags=00000000, handle=0xb5c52550, tr=04, blend=0100, {0,0,1280,720}, {0,0,720,1280}
12-20 16:41:17.089 D/hwcomposer(  157): 	rect0: {0,0,720,1280}
12-20 16:41:17.089 D/hwcomposer(  157): layer 0xb652b4e8 skipped
12-20 16:41:17.089 D/hwcomposer(  157): layer 0xb652b5b8 skipped
12-20 16:41:17.089 D/hwcomposer(  157): layer=0xb652b688, layer name=StatusBar, type=0, hints=00000000, flags=00000000, handle=0xb64726d0, tr=04, blend=ff0105, {0,0,1280,25}, {695,0,720,1280}
12-20 16:41:17.089 D/hwcomposer(  157): 	rect0: {695,0,720,1280}
12-20 16:41:17.089 D/hwcomposer(  157): layer=0xb652b758, layer name=NavigationBar, type=0, hints=00000000, flags=00000000, handle=0xb6472ac0, tr=04, blend=ff0105, {0,0,1280,48}, {0,0,48,1280}
12-20 16:41:17.089 D/hwcomposer(  157): 	rect0: {0,0,48,1280}
12-20 16:41:17.098 D/hwcomposer(  157): hwc_set(4025):Layers to set:
12-20 16:41:17.098 D/hwcomposer(  157): layer=0xb652b418, layer name=com.android.settings/com.android.settings.SubSettings, type=0, hints=00000000, flags=00000000, handle=0xb5c52550, tr=04, blend=0100, {0,0,1280,720}, {0,0,720,1280}
12-20 16:41:17.098 D/hwcomposer(  157): 	rect0: {0,0,720,1280}
12-20 16:41:17.098 D/hwcomposer(  157): layer 0xb652b4e8 skipped
12-20 16:41:17.098 D/hwcomposer(  157): layer 0xb652b5b8 skipped
12-20 16:41:17.099 D/hwcomposer(  157): layer=0xb652b688, layer name=StatusBar, type=0, hints=00000000, flags=00000000, handle=0xb64726d0, tr=04, blend=ff0105, {0,0,1280,25}, {695,0,720,1280}
12-20 16:41:17.099 D/hwcomposer(  157): 	rect0: {695,0,720,1280}
12-20 16:41:17.099 D/hwcomposer(  157): layer=0xb652b758, layer name=NavigationBar, type=0, hints=00000000, flags=00000000, handle=0xb6472ac0, tr=04, blend=ff0105, {0,0,1280,48}, {0,0,48,1280}
12-20 16:41:17.099 D/hwcomposer(  157): 	rect0: {0,0,48,1280}
12-20 16:41:17.106 D/hwcomposer(  157): Skip 5 layer 
12-20 16:41:17.106 D/hwcomposer(  157): hwc_prepare(3273):Layers to prepare:
12-20 16:41:17.106 D/hwcomposer(  157): layer=0xb652b418, layer name=com.android.settings/com.android.settings.SubSettings, type=0, hints=00000000, flags=00000000, handle=0xb5c525c0, tr=04, blend=0100, {0,0,1280,720}, {0,0,720,1280}
12-20 16:41:17.106 D/hwcomposer(  157): 	rect0: {0,0,720,1280}
12-20 16:41:17.106 D/hwcomposer(  157): layer 0xb652b4e8 skipped
12-20 16:41:17.106 D/hwcomposer(  157): layer 0xb652b5b8 skipped
12-20 16:41:17.106 D/hwcomposer(  157): layer=0xb652b688, layer name=StatusBar, type=0, hints=00000000, flags=00000000, handle=0xb64726d0, tr=04, blend=ff0105, {0,0,1280,25}, {695,0,720,1280}
12-20 16:41:17.106 D/hwcomposer(  157): 	rect0: {695,0,720,1280}
12-20 16:41:17.106 D/hwcomposer(  157): layer=0xb652b758, layer name=NavigationBar, type=0, hints=00000000, flags=00000000, handle=0xb6472ac0, tr=04, blend=ff0105, {0,0,1280,48}, {0,0,48,1280}
12-20 16:41:17.106 D/hwcomposer(  157): 	rect0: {0,0,48,1280}
12-20 16:41:17.116 D/hwcomposer(  157): hwc_set(4025):Layers to set:
12-20 16:41:17.116 D/hwcomposer(  157): layer=0xb652b418, layer name=com.android.settings/com.android.settings.SubSettings, type=0, hints=00000000, flags=00000000, handle=0xb5c525c0, tr=04, blend=0100, {0,0,1280,720}, {0,0,720,1280}
12-20 16:41:17.116 D/hwcomposer(  157): 	rect0: {0,0,720,1280}
12-20 16:41:17.116 D/hwcomposer(  157): layer 0xb652b4e8 skipped
12-20 16:41:17.116 D/hwcomposer(  157): layer 0xb652b5b8 skipped
12-20 16:41:17.116 D/hwcomposer(  157): layer=0xb652b688, layer name=StatusBar, type=0, hints=00000000, flags=00000000, handle=0xb64726d0, tr=04, blend=ff0105, {0,0,1280,25}, {695,0,720,1280}
12-20 16:41:17.116 D/hwcomposer(  157): 	rect0: {695,0,720,1280}
12-20 16:41:17.116 D/hwcomposer(  157): layer=0xb652b758, layer name=NavigationBar, type=0, hints=00000000, flags=00000000, handle=0xb6472ac0, tr=04, blend=ff0105, {0,0,1280,48}, {0,0,48,1280}
12-20 16:41:17.116 D/hwcomposer(  157): 	rect0: {0,0,48,1280}
12-20 16:41:17.123 D/hwcomposer(  157): Skip 5 layer 
12-20 16:41:17.123 D/hwcomposer(  157): hwc_prepare(3273):Layers to prepare:
12-20 16:41:17.123 D/hwcomposer(  157): layer=0xb652b418, layer name=com.android.settings/com.android.settings.SubSettings, type=0, hints=00000000, flags=00000000, handle=0xb6471860, tr=04, blend=0100, {0,0,1280,720}, {0,0,720,1280}
12-20 16:41:17.123 D/hwcomposer(  157): 	rect0: {0,0,720,1280}
12-20 16:41:17.123 D/hwcomposer(  157): layer 0xb652b4e8 skipped
12-20 16:41:17.123 D/hwcomposer(  157): layer 0xb652b5b8 skipped
12-20 16:41:17.123 D/hwcomposer(  157): layer=0xb652b688, layer name=StatusBar, type=0, hints=00000000, flags=00000000, handle=0xb64726d0, tr=04, blend=ff0105, {0,0,1280,25}, {695,0,720,1280}
12-20 16:41:17.123 D/hwcomposer(  157): 	rect0: {695,0,720,1280}
12-20 16:41:17.123 D/hwcomposer(  157): layer=0xb652b758, layer name=NavigationBar, type=0, hints=00000000, flags=00000000, handle=0xb6472ac0, tr=04, blend=ff0105, {0,0,1280,48}, {0,0,48,1280}
12-20 16:41:17.124 D/hwcomposer(  157): 	rect0: {0,0,48,1280}
12-20 16:41:17.133 D/hwcomposer(  157): hwc_set(4025):Layers to set:
12-20 16:41:17.133 D/hwcomposer(  157): layer=0xb652b418, layer name=com.android.settings/com.android.settings.SubSettings, type=0, hints=00000000, flags=00000000, handle=0xb6471860, tr=04, blend=0100, {0,0,1280,720}, {0,0,720,1280}
12-20 16:41:17.133 D/hwcomposer(  157): 	rect0: {0,0,720,1280}
12-20 16:41:17.133 D/hwcomposer(  157): layer 0xb652b4e8 skipped
12-20 16:41:17.133 D/hwcomposer(  157): layer 0xb652b5b8 skipped
12-20 16:41:17.133 D/hwcomposer(  157): layer=0xb652b688, layer name=StatusBar, type=0, hints=00000000, flags=00000000, handle=0xb64726d0, tr=04, blend=ff0105, {0,0,1280,25}, {695,0,720,1280}
12-20 16:41:17.133 D/hwcomposer(  157): 	rect0: {695,0,720,1280}
12-20 16:41:17.133 D/hwcomposer(  157): layer=0xb652b758, layer name=NavigationBar, type=0, hints=00000000, flags=00000000, handle=0xb6472ac0, tr=04, blend=ff0105, {0,0,1280,48}, {0,0,48,1280}
12-20 16:41:17.133 D/hwcomposer(  157): 	rect0: {0,0,48,1280}
12-20 16:41:17.140 D/hwcomposer(  157): Skip 5 layer 
12-20 16:41:17.140 D/hwcomposer(  157): hwc_prepare(3273):Layers to prepare:
12-20 16:41:17.140 D/hwcomposer(  157): layer=0xb652b418, layer name=com.android.settings/com.android.settings.SubSettings, type=0, hints=00000000, flags=00000000, handle=0xb5c524e0, tr=04, blend=0100, {0,0,1280,720}, {0,0,720,1280}
12-20 16:41:17.140 D/hwcomposer(  157): 	rect0: {0,0,720,1280}
12-20 16:41:17.140 D/hwcomposer(  157): layer 0xb652b4e8 skipped
12-20 16:41:17.140 D/hwcomposer(  157): layer 0xb652b5b8 skipped
12-20 16:41:17.140 D/hwcomposer(  157): layer=0xb652b688, layer name=StatusBar, type=0, hints=00000000, flags=00000000, handle=0xb64726d0, tr=04, blend=ff0105, {0,0,1280,25}, {695,0,720,1280}
12-20 16:41:17.140 D/hwcomposer(  157): 	rect0: {695,0,720,1280}
12-20 16:41:17.140 D/hwcomposer(  157): layer=0xb652b758, layer name=NavigationBar, type=0, hints=00000000, flags=00000000, handle=0xb6472ac0, tr=04, blend=ff0105, {0,0,1280,48}, {0,0,48,1280}
12-20 16:41:17.140 D/hwcomposer(  157): 	rect0: {0,0,48,1280}
12-20 16:41:17.149 D/hwcomposer(  157): hwc_set(4025):Layers to set:
12-20 16:41:17.150 D/hwcomposer(  157): layer=0xb652b418, layer name=com.android.settings/com.android.settings.SubSettings, type=0, hints=00000000, flags=00000000, handle=0xb5c524e0, tr=04, blend=0100, {0,0,1280,720}, {0,0,720,1280}
12-20 16:41:17.150 D/hwcomposer(  157): 	rect0: {0,0,720,1280}
12-20 16:41:17.150 D/hwcomposer(  157): layer 0xb652b4e8 skipped
12-20 16:41:17.150 D/hwcomposer(  157): layer 0xb652b5b8 skipped
12-20 16:41:17.150 D/hwcomposer(  157): layer=0xb652b688, layer name=StatusBar, type=0, hints=00000000, flags=00000000, handle=0xb64726d0, tr=04, blend=ff0105, {0,0,1280,25}, {695,0,720,1280}
12-20 16:41:17.150 D/hwcomposer(  157): 	rect0: {695,0,720,1280}
12-20 16:41:17.150 D/hwcomposer(  157): layer=0xb652b758, layer name=NavigationBar, type=0, hints=00000000, flags=00000000, handle=0xb6472ac0, tr=04, blend=ff0105, {0,0,1280,48}, {0,0,48,1280}
12-20 16:41:17.150 D/hwcomposer(  157): 	rect0: {0,0,48,1280}
12-20 16:41:17.157 D/hwcomposer(  157): Skip 5 layer 
12-20 16:41:17.157 D/hwcomposer(  157): hwc_prepare(3273):Layers to prepare:
12-20 16:41:17.158 D/hwcomposer(  157): layer=0xb652b418, layer name=com.android.settings/com.android.settings.SubSettings, type=0, hints=00000000, flags=00000000, handle=0xb5c52550, tr=04, blend=0100, {0,0,1280,720}, {0,0,720,1280}
12-20 16:41:17.158 D/hwcomposer(  157): 	rect0: {0,0,720,1280}
12-20 16:41:17.158 D/hwcomposer(  157): layer 0xb652b4e8 skipped
12-20 16:41:17.158 D/hwcomposer(  157): layer 0xb652b5b8 skipped
12-20 16:41:17.158 D/hwcomposer(  157): layer=0xb652b688, layer name=StatusBar, type=0, hints=00000000, flags=00000000, handle=0xb64726d0, tr=04, blend=ff0105, {0,0,1280,25}, {695,0,720,1280}
12-20 16:41:17.158 D/hwcomposer(  157): 	rect0: {695,0,720,1280}
12-20 16:41:17.158 D/hwcomposer(  157): layer=0xb652b758, layer name=NavigationBar, type=0, hints=00000000, flags=00000000, handle=0xb6472ac0, tr=04, blend=ff0105, {0,0,1280,48}, {0,0,48,1280}
12-20 16:41:17.158 D/hwcomposer(  157): 	rect0: {0,0,48,1280}
12-20 16:41:17.167 D/hwcomposer(  157): hwc_set(4025):Layers to set:
12-20 16:41:17.167 D/hwcomposer(  157): layer=0xb652b418, layer name=com.android.settings/com.android.settings.SubSettings, type=0, hints=00000000, flags=00000000, handle=0xb5c52550, tr=04, blend=0100, {0,0,1280,720}, {0,0,720,1280}
12-20 16:41:17.167 D/hwcomposer(  157): 	rect0: {0,0,720,1280}
12-20 16:41:17.167 D/hwcomposer(  157): layer 0xb652b4e8 skipped
12-20 16:41:17.167 D/hwcomposer(  157): layer 0xb652b5b8 skipped
12-20 16:41:17.167 D/hwcomposer(  157): layer=0xb652b688, layer name=StatusBar, type=0, hints=00000000, flags=00000000, handle=0xb64726d0, tr=04, blend=ff0105, {0,0,1280,25}, {695,0,720,1280}
12-20 16:41:17.167 D/hwcomposer(  157): 	rect0: {695,0,720,1280}
12-20 16:41:17.167 D/hwcomposer(  157): layer=0xb652b758, layer name=NavigationBar, type=0, hints=00000000, flags=00000000, handle=0xb6472ac0, tr=04, blend=ff0105, {0,0,1280,48}, {0,0,48,1280}
12-20 16:41:17.167 D/hwcomposer(  157): 	rect0: {0,0,48,1280}
12-20 16:41:17.175 D/hwcomposer(  157): Skip 5 layer 
12-20 16:41:17.175 D/hwcomposer(  157): hwc_prepare(3273):Layers to prepare:
12-20 16:41:17.175 D/hwcomposer(  157): layer=0xb652b418, layer name=com.android.settings/com.android.settings.SubSettings, type=0, hints=00000000, flags=00000000, handle=0xb5c525c0, tr=04, blend=0100, {0,0,1280,720}, {0,0,720,1280}
12-20 16:41:17.175 D/hwcomposer(  157): 	rect0: {0,0,720,1280}
12-20 16:41:17.175 D/hwcomposer(  157): layer 0xb652b4e8 skipped
12-20 16:41:17.175 D/hwcomposer(  157): layer 0xb652b5b8 skipped
12-20 16:41:17.175 D/hwcomposer(  157): layer=0xb652b688, layer name=StatusBar, type=0, hints=00000000, flags=00000000, handle=0xb64726d0, tr=04, blend=ff0105, {0,0,1280,25}, {695,0,720,1280}
12-20 16:41:17.175 D/hwcomposer(  157): 	rect0: {695,0,720,1280}
12-20 16:41:17.175 D/hwcomposer(  157): layer=0xb652b758, layer name=NavigationBar, type=0, hints=00000000, flags=00000000, handle=0xb6472ac0, tr=04, blend=ff0105, {0,0,1280,48}, {0,0,48,1280}
12-20 16:41:17.175 D/hwcomposer(  157): 	rect0: {0,0,48,1280}
12-20 16:41:17.184 D/hwcomposer(  157): hwc_set(4025):Layers to set:
12-20 16:41:17.184 D/hwcomposer(  157): layer=0xb652b418, layer name=com.android.settings/com.android.settings.SubSettings, type=0, hints=00000000, flags=00000000, handle=0xb5c525c0, tr=04, blend=0100, {0,0,1280,720}, {0,0,720,1280}
12-20 16:41:17.184 D/hwcomposer(  157): 	rect0: {0,0,720,1280}
12-20 16:41:17.184 D/hwcomposer(  157): layer 0xb652b4e8 skipped
12-20 16:41:17.184 D/hwcomposer(  157): layer 0xb652b5b8 skipped
12-20 16:41:17.184 D/hwcomposer(  157): layer=0xb652b688, layer name=StatusBar, type=0, hints=00000000, flags=00000000, handle=0xb64726d0, tr=04, blend=ff0105, {0,0,1280,25}, {695,0,720,1280}
12-20 16:41:17.184 D/hwcomposer(  157): 	rect0: {695,0,720,1280}
12-20 16:41:17.185 D/hwcomposer(  157): layer=0xb652b758, layer name=NavigationBar, type=0, hints=00000000, flags=00000000, handle=0xb6472ac0, tr=04, blend=ff0105, {0,0,1280,48}, {0,0,48,1280}
12-20 16:41:17.185 D/hwcomposer(  157): 	rect0: {0,0,48,1280}
12-20 16:41:17.192 D/hwcomposer(  157): Skip 5 layer 
12-20 16:41:17.192 D/hwcomposer(  157): hwc_prepare(3273):Layers to prepare:
12-20 16:41:17.192 D/hwcomposer(  157): layer=0xb652b418, layer name=com.android.settings/com.android.settings.SubSettings, type=0, hints=00000000, flags=00000000, handle=0xb6471860, tr=04, blend=0100, {0,0,1280,720}, {0,0,720,1280}
12-20 16:41:17.192 D/hwcomposer(  157): 	rect0: {0,0,720,1280}
12-20 16:41:17.192 D/hwcomposer(  157): layer 0xb652b4e8 skipped
12-20 16:41:17.192 D/hwcomposer(  157): layer 0xb652b5b8 skipped
12-20 16:41:17.192 D/hwcomposer(  157): layer=0xb652b688, layer name=StatusBar, type=0, hints=00000000, flags=00000000, handle=0xb64726d0, tr=04, blend=ff0105, {0,0,1280,25}, {695,0,720,1280}
12-20 16:41:17.192 D/hwcomposer(  157): 	rect0: {695,0,720,1280}
12-20 16:41:17.192 D/hwcomposer(  157): layer=0xb652b758, layer name=NavigationBar, type=0, hints=00000000, flags=00000000, handle=0xb6472ac0, tr=04, blend=ff0105, {0,0,1280,48}, {0,0,48,1280}
12-20 16:41:17.193 D/hwcomposer(  157): 	rect0: {0,0,48,1280}
12-20 16:41:17.202 D/hwcomposer(  157): hwc_set(4025):Layers to set:
12-20 16:41:17.202 D/hwcomposer(  157): layer=0xb652b418, layer name=com.android.settings/com.android.settings.SubSettings, type=0, hints=00000000, flags=00000000, handle=0xb6471860, tr=04, blend=0100, {0,0,1280,720}, {0,0,720,1280}
12-20 16:41:17.202 D/hwcomposer(  157): 	rect0: {0,0,720,1280}
12-20 16:41:17.202 D/hwcomposer(  157): layer 0xb652b4e8 skipped
12-20 16:41:17.202 D/hwcomposer(  157): layer 0xb652b5b8 skipped
12-20 16:41:17.202 D/hwcomposer(  157): layer=0xb652b688, layer name=StatusBar, type=0, hints=00000000, flags=00000000, handle=0xb64726d0, tr=04, blend=ff0105, {0,0,1280,25}, {695,0,720,1280}
12-20 16:41:17.202 D/hwcomposer(  157): 	rect0: {695,0,720,1280}
12-20 16:41:17.202 D/hwcomposer(  157): layer=0xb652b758, layer name=NavigationBar, type=0, hints=00000000, flags=00000000, handle=0xb6472ac0, tr=04, blend=ff0105, {0,0,1280,48}, {0,0,48,1280}
12-20 16:41:17.202 D/hwcomposer(  157): 	rect0: {0,0,48,1280}
12-20 16:41:17.209 D/hwcomposer(  157): Skip 5 layer 
12-20 16:41:17.209 D/hwcomposer(  157): hwc_prepare(3273):Layers to prepare:
12-20 16:41:17.209 D/hwcomposer(  157): layer=0xb652b418, layer name=com.android.settings/com.android.settings.SubSettings, type=0, hints=00000000, flags=00000000, handle=0xb5c524e0, tr=04, blend=0100, {0,0,1280,720}, {0,0,720,1280}
12-20 16:41:17.209 D/hwcomposer(  157): 	rect0: {0,0,720,1280}
12-20 16:41:17.209 D/hwcomposer(  157): layer 0xb652b4e8 skipped
12-20 16:41:17.209 D/hwcomposer(  157): layer=0xb652b5b8, layer name=StatusBar, type=0, hints=00000000, flags=00000000, handle=0xb64726d0, tr=04, blend=ff0105, {0,0,1280,25}, {695,0,720,1280}
12-20 16:41:17.209 D/hwcomposer(  157): 	rect0: {695,0,720,1280}
12-20 16:41:17.209 D/hwcomposer(  157): layer=0xb652b688, layer name=NavigationBar, type=0, hints=00000000, flags=00000000, handle=0xb6472ac0, tr=04, blend=ff0105, {0,0,1280,48}, {0,0,48,1280}
12-20 16:41:17.209 D/hwcomposer(  157): 	rect0: {0,0,48,1280}
12-20 16:41:17.218 D/hwcomposer(  157): hwc_set(4025):Layers to set:
12-20 16:41:17.218 D/hwcomposer(  157): layer=0xb652b418, layer name=com.android.settings/com.android.settings.SubSettings, type=0, hints=00000000, flags=00000000, handle=0xb5c524e0, tr=04, blend=0100, {0,0,1280,720}, {0,0,720,1280}
12-20 16:41:17.219 D/hwcomposer(  157): 	rect0: {0,0,720,1280}
12-20 16:41:17.219 D/hwcomposer(  157): layer 0xb652b4e8 skipped
12-20 16:41:17.219 D/hwcomposer(  157): layer=0xb652b5b8, layer name=StatusBar, type=0, hints=00000000, flags=00000000, handle=0xb64726d0, tr=04, blend=ff0105, {0,0,1280,25}, {695,0,720,1280}
12-20 16:41:17.219 D/hwcomposer(  157): 	rect0: {695,0,720,1280}
12-20 16:41:17.219 D/hwcomposer(  157): layer=0xb652b688, layer name=NavigationBar, type=0, hints=00000000, flags=00000000, handle=0xb6472ac0, tr=04, blend=ff0105, {0,0,1280,48}, {0,0,48,1280}
12-20 16:41:17.219 D/hwcomposer(  157): 	rect0: {0,0,48,1280}
12-20 16:41:17.227 D/hwcomposer(  157): Skip 5 layer 
12-20 16:41:17.227 D/hwcomposer(  157): hwc_prepare(3273):Layers to prepare:
12-20 16:41:17.227 D/hwcomposer(  157): layer=0xb652b418, layer name=com.android.settings/com.android.settings.SubSettings, type=0, hints=00000000, flags=00000000, handle=0xb5c52550, tr=04, blend=0100, {0,0,1280,720}, {0,0,720,1280}
12-20 16:41:17.227 D/hwcomposer(  157): 	rect0: {0,0,720,1280}
12-20 16:41:17.227 D/hwcomposer(  157): layer 0xb652b4e8 skipped
12-20 16:41:17.227 D/hwcomposer(  157): layer=0xb652b5b8, layer name=StatusBar, type=0, hints=00000000, flags=00000000, handle=0xb64726d0, tr=04, blend=ff0105, {0,0,1280,25}, {695,0,720,1280}
12-20 16:41:17.227 D/hwcomposer(  157): 	rect0: {695,0,720,1280}
12-20 16:41:17.227 D/hwcomposer(  157): layer=0xb652b688, layer name=NavigationBar, type=0, hints=00000000, flags=00000000, handle=0xb6472ac0, tr=04, blend=ff0105, {0,0,1280,48}, {0,0,48,1280}
12-20 16:41:17.227 D/hwcomposer(  157): 	rect0: {0,0,48,1280}
12-20 16:41:17.236 D/hwcomposer(  157): hwc_set(4025):Layers to set:
12-20 16:41:17.236 D/hwcomposer(  157): layer=0xb652b418, layer name=com.android.settings/com.android.settings.SubSettings, type=0, hints=00000000, flags=00000000, handle=0xb5c52550, tr=04, blend=0100, {0,0,1280,720}, {0,0,720,1280}
12-20 16:41:17.236 D/hwcomposer(  157): 	rect0: {0,0,720,1280}
12-20 16:41:17.236 D/hwcomposer(  157): layer 0xb652b4e8 skipped
12-20 16:41:17.236 D/hwcomposer(  157): layer=0xb652b5b8, layer name=StatusBar, type=0, hints=00000000, flags=00000000, handle=0xb64726d0, tr=04, blend=ff0105, {0,0,1280,25}, {695,0,720,1280}
12-20 16:41:17.236 D/hwcomposer(  157): 	rect0: {695,0,720,1280}
12-20 16:41:17.236 D/hwcomposer(  157): layer=0xb652b688, layer name=NavigationBar, type=0, hints=00000000, flags=00000000, handle=0xb6472ac0, tr=04, blend=ff0105, {0,0,1280,48}, {0,0,48,1280}
12-20 16:41:17.236 D/hwcomposer(  157): 	rect0: {0,0,48,1280}
12-20 16:41:17.246 D/hwcomposer(  157): Skip 5 layer 
12-20 16:41:17.246 D/hwcomposer(  157): hwc_prepare(3273):Layers to prepare:
12-20 16:41:17.246 D/hwcomposer(  157): layer=0xb652b418, layer name=com.android.settings/com.android.settings.SubSettings, type=0, hints=00000000, flags=00000000, handle=0xb5c52550, tr=04, blend=0100, {0,0,1280,720}, {0,0,720,1280}
12-20 16:41:17.246 D/hwcomposer(  157): 	rect0: {0,0,720,1280}
12-20 16:41:17.246 D/hwcomposer(  157): layer 0xb652b4e8 skipped
12-20 16:41:17.246 D/hwcomposer(  157): layer=0xb652b5b8, layer name=StatusBar, type=0, hints=00000000, flags=00000000, handle=0xb64726d0, tr=04, blend=ff0105, {0,0,1280,25}, {695,0,720,1280}
12-20 16:41:17.246 D/hwcomposer(  157): 	rect0: {695,0,720,1280}
12-20 16:41:17.246 D/hwcomposer(  157): layer=0xb652b688, layer name=NavigationBar, type=0, hints=00000000, flags=00000000, handle=0xb6472ac0, tr=04, blend=ff0105, {0,0,1280,48}, {0,0,48,1280}
12-20 16:41:17.246 D/hwcomposer(  157): 	rect0: {0,0,48,1280}
12-20 16:41:17.254 D/hwcomposer(  157): hwc_set(4025):Layers to set:
12-20 16:41:17.254 D/hwcomposer(  157): layer=0xb652b418, layer name=com.android.settings/com.android.settings.SubSettings, type=0, hints=00000000, flags=00000000, handle=0xb5c52550, tr=04, blend=0100, {0,0,1280,720}, {0,0,720,1280}
12-20 16:41:17.255 D/hwcomposer(  157): 	rect0: {0,0,720,1280}
12-20 16:41:17.255 D/hwcomposer(  157): layer 0xb652b4e8 skipped
12-20 16:41:17.255 D/hwcomposer(  157): layer=0xb652b5b8, layer name=StatusBar, type=0, hints=00000000, flags=00000000, handle=0xb64726d0, tr=04, blend=ff0105, {0,0,1280,25}, {695,0,720,1280}
12-20 16:41:17.255 D/hwcomposer(  157): 	rect0: {695,0,720,1280}
12-20 16:41:17.255 D/hwcomposer(  157): layer=0xb652b688, layer name=NavigationBar, type=0, hints=00000000, flags=00000000, handle=0xb6472ac0, tr=04, blend=ff0105, {0,0,1280,48}, {0,0,48,1280}
12-20 16:41:17.255 D/hwcomposer(  157): 	rect0: {0,0,48,1280}
12-20 16:41:17.262 D/hwcomposer(  157): Skip 5 layer 
12-20 16:41:17.263 D/hwcomposer(  157): hwc_prepare(3273):Layers to prepare:
12-20 16:41:17.263 D/hwcomposer(  157): layer=0xb652b418, layer name=com.android.settings/com.android.settings.SubSettings, type=0, hints=00000000, flags=00000000, handle=0xb5c525c0, tr=04, blend=0100, {0,0,1280,720}, {0,0,720,1280}
12-20 16:41:17.263 D/hwcomposer(  157): 	rect0: {0,0,720,1280}
12-20 16:41:17.263 D/hwcomposer(  157): layer 0xb652b4e8 skipped
12-20 16:41:17.263 D/hwcomposer(  157): layer=0xb652b5b8, layer name=StatusBar, type=0, hints=00000000, flags=00000000, handle=0xb64726d0, tr=04, blend=ff0105, {0,0,1280,25}, {695,0,720,1280}
12-20 16:41:17.263 D/hwcomposer(  157): 	rect0: {695,0,720,1280}
12-20 16:41:17.263 D/hwcomposer(  157): layer=0xb652b688, layer name=NavigationBar, type=0, hints=00000000, flags=00000000, handle=0xb6472ac0, tr=04, blend=ff0105, {0,0,1280,48}, {0,0,48,1280}
12-20 16:41:17.263 D/hwcomposer(  157): 	rect0: {0,0,48,1280}
12-20 16:41:17.270 D/hwcomposer(  157): hwc_set(4025):Layers to set:
12-20 16:41:17.271 D/hwcomposer(  157): layer=0xb652b418, layer name=com.android.settings/com.android.settings.SubSettings, type=0, hints=00000000, flags=00000000, handle=0xb5c525c0, tr=04, blend=0100, {0,0,1280,720}, {0,0,720,1280}
12-20 16:41:17.271 D/hwcomposer(  157): 	rect0: {0,0,720,1280}
12-20 16:41:17.271 D/hwcomposer(  157): layer 0xb652b4e8 skipped
12-20 16:41:17.271 D/hwcomposer(  157): layer=0xb652b5b8, layer name=StatusBar, type=0, hints=00000000, flags=00000000, handle=0xb64726d0, tr=04, blend=ff0105, {0,0,1280,25}, {695,0,720,1280}
12-20 16:41:17.271 D/hwcomposer(  157): 	rect0: {695,0,720,1280}
12-20 16:41:17.271 D/hwcomposer(  157): layer=0xb652b688, layer name=NavigationBar, type=0, hints=00000000, flags=00000000, handle=0xb6472ac0, tr=04, blend=ff0105, {0,0,1280,48}, {0,0,48,1280}
12-20 16:41:17.271 D/hwcomposer(  157): 	rect0: {0,0,48,1280}
12-20 16:41:17.277 D/hwcomposer(  157): Skip 5 layer 
12-20 16:41:17.277 D/hwcomposer(  157): hwc_prepare(3273):Layers to prepare:
12-20 16:41:17.277 D/hwcomposer(  157): layer=0xb652b418, layer name=com.android.settings/com.android.settings.SubSettings, type=0, hints=00000000, flags=00000000, handle=0xb6471860, tr=04, blend=0100, {0,0,1280,720}, {0,0,720,1280}
12-20 16:41:17.277 D/hwcomposer(  157): 	rect0: {0,0,720,1280}
12-20 16:41:17.277 D/hwcomposer(  157): layer=0xb652b4e8, layer name=StatusBar, type=0, hints=00000000, flags=00000000, handle=0xb64726d0, tr=04, blend=ff0105, {0,0,1280,25}, {695,0,720,1280}
12-20 16:41:17.277 D/hwcomposer(  157): 	rect0: {695,0,720,1280}
12-20 16:41:17.278 D/hwcomposer(  157): layer=0xb652b5b8, layer name=NavigationBar, type=0, hints=00000000, flags=00000000, handle=0xb6472ac0, tr=04, blend=ff0105, {0,0,1280,48}, {0,0,48,1280}
12-20 16:41:17.278 D/hwcomposer(  157): 	rect0: {0,0,48,1280}
12-20 16:41:17.284 D/hwcomposer(  157): hwc_set(4025):Layers to set:
12-20 16:41:17.284 D/hwcomposer(  157): layer=0xb652b418, layer name=com.android.settings/com.android.settings.SubSettings, type=0, hints=00000000, flags=00000000, handle=0xb6471860, tr=04, blend=0100, {0,0,1280,720}, {0,0,720,1280}
12-20 16:41:17.284 D/hwcomposer(  157): 	rect0: {0,0,720,1280}
12-20 16:41:17.284 D/hwcomposer(  157): layer=0xb652b4e8, layer name=StatusBar, type=0, hints=00000000, flags=00000000, handle=0xb64726d0, tr=04, blend=ff0105, {0,0,1280,25}, {695,0,720,1280}
12-20 16:41:17.284 D/hwcomposer(  157): 	rect0: {695,0,720,1280}
12-20 16:41:17.284 D/hwcomposer(  157): layer=0xb652b5b8, layer name=NavigationBar, type=0, hints=00000000, flags=00000000, handle=0xb6472ac0, tr=04, blend=ff0105, {0,0,1280,48}, {0,0,48,1280}
12-20 16:41:17.284 D/hwcomposer(  157): 	rect0: {0,0,48,1280}
12-20 16:41:17.294 D/hwcomposer(  157): Skip 5 layer 
12-20 16:41:17.294 D/hwcomposer(  157): hwc_prepare(3273):Layers to prepare:
12-20 16:41:17.294 D/hwcomposer(  157): layer=0xb652b418, layer name=com.android.settings/com.android.settings.SubSettings, type=0, hints=00000000, flags=00000000, handle=0xb5c524e0, tr=04, blend=0100, {0,0,1280,720}, {0,0,720,1280}
12-20 16:41:17.294 D/hwcomposer(  157): 	rect0: {0,0,720,1280}
12-20 16:41:17.294 D/hwcomposer(  157): layer=0xb652b4e8, layer name=StatusBar, type=0, hints=00000000, flags=00000000, handle=0xb64726d0, tr=04, blend=ff0105, {0,0,1280,25}, {695,0,720,1280}
12-20 16:41:17.294 D/hwcomposer(  157): 	rect0: {695,0,720,1280}
12-20 16:41:17.294 D/hwcomposer(  157): layer=0xb652b5b8, layer name=NavigationBar, type=0, hints=00000000, flags=00000000, handle=0xb6472ac0, tr=04, blend=ff0105, {0,0,1280,48}, {0,0,48,1280}
12-20 16:41:17.294 D/hwcomposer(  157): 	rect0: {0,0,48,1280}
12-20 16:41:17.300 D/hwcomposer(  157): hwc_set(4025):Layers to set:
12-20 16:41:17.300 D/hwcomposer(  157): layer=0xb652b418, layer name=com.android.settings/com.android.settings.SubSettings, type=0, hints=00000000, flags=00000000, handle=0xb5c524e0, tr=04, blend=0100, {0,0,1280,720}, {0,0,720,1280}
12-20 16:41:17.300 D/hwcomposer(  157): 	rect0: {0,0,720,1280}
12-20 16:41:17.300 D/hwcomposer(  157): layer=0xb652b4e8, layer name=StatusBar, type=0, hints=00000000, flags=00000000, handle=0xb64726d0, tr=04, blend=ff0105, {0,0,1280,25}, {695,0,720,1280}
12-20 16:41:17.300 D/hwcomposer(  157): 	rect0: {695,0,720,1280}
12-20 16:41:17.300 D/hwcomposer(  157): layer=0xb652b5b8, layer name=NavigationBar, type=0, hints=00000000, flags=00000000, handle=0xb6472ac0, tr=04, blend=ff0105, {0,0,1280,48}, {0,0,48,1280}
12-20 16:41:17.300 D/hwcomposer(  157): 	rect0: {0,0,48,1280}
12-20 16:41:17.311 D/hwcomposer(  157): Skip 5 layer 
12-20 16:41:17.311 D/hwcomposer(  157): hwc_prepare(3273):Layers to prepare:
12-20 16:41:17.311 D/hwcomposer(  157): layer=0xb652b418, layer name=com.android.settings/com.android.settings.SubSettings, type=0, hints=00000000, flags=00000000, handle=0xb5c52550, tr=04, blend=0100, {0,0,1280,720}, {0,0,720,1280}
12-20 16:41:17.311 D/hwcomposer(  157): 	rect0: {0,0,720,1280}
12-20 16:41:17.311 D/hwcomposer(  157): layer=0xb652b4e8, layer name=StatusBar, type=0, hints=00000000, flags=00000000, handle=0xb64726d0, tr=04, blend=ff0105, {0,0,1280,25}, {695,0,720,1280}
12-20 16:41:17.311 D/hwcomposer(  157): 	rect0: {695,0,720,1280}
12-20 16:41:17.311 D/hwcomposer(  157): layer=0xb652b5b8, layer name=NavigationBar, type=0, hints=00000000, flags=00000000, handle=0xb6472ac0, tr=04, blend=ff0105, {0,0,1280,48}, {0,0,48,1280}
12-20 16:41:17.311 D/hwcomposer(  157): 	rect0: {0,0,48,1280}
12-20 16:41:17.317 D/hwcomposer(  157): hwc_set(4025):Layers to set:
12-20 16:41:17.317 D/hwcomposer(  157): layer=0xb652b418, layer name=com.android.settings/com.android.settings.SubSettings, type=0, hints=00000000, flags=00000000, handle=0xb5c52550, tr=04, blend=0100, {0,0,1280,720}, {0,0,720,1280}
12-20 16:41:17.317 D/hwcomposer(  157): 	rect0: {0,0,720,1280}
12-20 16:41:17.317 D/hwcomposer(  157): layer=0xb652b4e8, layer name=StatusBar, type=0, hints=00000000, flags=00000000, handle=0xb64726d0, tr=04, blend=ff0105, {0,0,1280,25}, {695,0,720,1280}
12-20 16:41:17.317 D/hwcomposer(  157): 	rect0: {695,0,720,1280}
12-20 16:41:17.317 D/hwcomposer(  157): layer=0xb652b5b8, layer name=NavigationBar, type=0, hints=00000000, flags=00000000, handle=0xb6472ac0, tr=04, blend=ff0105, {0,0,1280,48}, {0,0,48,1280}
12-20 16:41:17.317 D/hwcomposer(  157): 	rect0: {0,0,48,1280}
12-20 16:41:17.328 D/hwcomposer(  157): Skip 5 layer 
12-20 16:41:17.328 D/hwcomposer(  157): hwc_prepare(3273):Layers to prepare:
12-20 16:41:17.328 D/hwcomposer(  157): layer=0xb652b418, layer name=com.android.settings/com.android.settings.SubSettings, type=0, hints=00000000, flags=00000000, handle=0xb5c525c0, tr=04, blend=0100, {0,0,1280,720}, {0,0,720,1280}
12-20 16:41:17.328 D/hwcomposer(  157): 	rect0: {0,0,720,1280}
12-20 16:41:17.328 D/hwcomposer(  157): layer=0xb652b4e8, layer name=StatusBar, type=0, hints=00000000, flags=00000000, handle=0xb64726d0, tr=04, blend=ff0105, {0,0,1280,25}, {695,0,720,1280}
12-20 16:41:17.328 D/hwcomposer(  157): 	rect0: {695,0,720,1280}
12-20 16:41:17.328 D/hwcomposer(  157): layer=0xb652b5b8, layer name=NavigationBar, type=0, hints=00000000, flags=00000000, handle=0xb6472ac0, tr=04, blend=ff0105, {0,0,1280,48}, {0,0,48,1280}
12-20 16:41:17.328 D/hwcomposer(  157): 	rect0: {0,0,48,1280}
12-20 16:41:17.334 D/hwcomposer(  157): hwc_set(4025):Layers to set:
12-20 16:41:17.334 D/hwcomposer(  157): layer=0xb652b418, layer name=com.android.settings/com.android.settings.SubSettings, type=0, hints=00000000, flags=00000000, handle=0xb5c525c0, tr=04, blend=0100, {0,0,1280,720}, {0,0,720,1280}
12-20 16:41:17.334 D/hwcomposer(  157): 	rect0: {0,0,720,1280}
12-20 16:41:17.334 D/hwcomposer(  157): layer=0xb652b4e8, layer name=StatusBar, type=0, hints=00000000, flags=00000000, handle=0xb64726d0, tr=04, blend=ff0105, {0,0,1280,25}, {695,0,720,1280}
12-20 16:41:17.334 D/hwcomposer(  157): 	rect0: {695,0,720,1280}
12-20 16:41:17.334 D/hwcomposer(  157): layer=0xb652b5b8, layer name=NavigationBar, type=0, hints=00000000, flags=00000000, handle=0xb6472ac0, tr=04, blend=ff0105, {0,0,1280,48}, {0,0,48,1280}
12-20 16:41:17.334 D/hwcomposer(  157): 	rect0: {0,0,48,1280}
12-20 16:41:17.345 D/hwcomposer(  157): Skip 5 layer 
12-20 16:41:17.345 D/hwcomposer(  157): hwc_prepare(3273):Layers to prepare:
12-20 16:41:17.345 D/hwcomposer(  157): layer=0xb652b418, layer name=com.android.settings/com.android.settings.SubSettings, type=0, hints=00000000, flags=00000000, handle=0xb6471860, tr=04, blend=0100, {0,0,1280,720}, {0,0,720,1280}
12-20 16:41:17.345 D/hwcomposer(  157): 	rect0: {0,0,720,1280}
12-20 16:41:17.345 D/hwcomposer(  157): layer=0xb652b4e8, layer name=StatusBar, type=0, hints=00000000, flags=00000000, handle=0xb64726d0, tr=04, blend=ff0105, {0,0,1280,25}, {695,0,720,1280}
12-20 16:41:17.345 D/hwcomposer(  157): 	rect0: {695,0,720,1280}
12-20 16:41:17.345 D/hwcomposer(  157): layer=0xb652b5b8, layer name=NavigationBar, type=0, hints=00000000, flags=00000000, handle=0xb6472ac0, tr=04, blend=ff0105, {0,0,1280,48}, {0,0,48,1280}
12-20 16:41:17.345 D/hwcomposer(  157): 	rect0: {0,0,48,1280}
12-20 16:41:17.352 D/hwcomposer(  157): hwc_set(4025):Layers to set:
12-20 16:41:17.352 D/hwcomposer(  157): layer=0xb652b418, layer name=com.android.settings/com.android.settings.SubSettings, type=0, hints=00000000, flags=00000000, handle=0xb6471860, tr=04, blend=0100, {0,0,1280,720}, {0,0,720,1280}
12-20 16:41:17.352 D/hwcomposer(  157): 	rect0: {0,0,720,1280}
12-20 16:41:17.352 D/hwcomposer(  157): layer=0xb652b4e8, layer name=StatusBar, type=0, hints=00000000, flags=00000000, handle=0xb64726d0, tr=04, blend=ff0105, {0,0,1280,25}, {695,0,720,1280}
12-20 16:41:17.352 D/hwcomposer(  157): 	rect0: {695,0,720,1280}
12-20 16:41:17.352 D/hwcomposer(  157): layer=0xb652b5b8, layer name=NavigationBar, type=0, hints=00000000, flags=00000000, handle=0xb6472ac0, tr=04, blend=ff0105, {0,0,1280,48}, {0,0,48,1280}
