12-20 15:18:17.644 W/BackupManagerService(  434): dataChanged but no participant pkg='com.android.launcher3' uid=10027
12-20 15:18:18.532 I/ActivityStackSupervisor(  434): START u0 {act=android.intent.action.MAIN cat=[android.intent.category.LAUNCHER] flg=0x10000000 cmp=com.zhy.lierdafridge/.MainActivity} from uid 2000 on display 0
12-20 15:18:18.582 V/WindowManagerService(  434): Adding window Window{1097a2fa u0 Starting com.zhy.lierdafridge} at 6 of 11 (after Window{1277d6f4 u0 com.android.settings/com.android.settings.SubSettings})
12-20 15:18:18.623 I/ActivityManagerService(  434): Start proc 5750:com.zhy.lierdafridge/u0a55 for activity com.zhy.lierdafridge/.MainActivity
12-20 15:18:18.891 W/ActivityManagerService(  434): Unable to start service Intent { cmp=com.zhy.lierdafridge/com.iflytek.common.LaunchService } U=0: not found
12-20 15:18:19.168 V/WindowManagerService(  434): Adding window Window{10821b76 u0 com.zhy.lierdafridge/com.zhy.lierdafridge.MainActivity} at 6 of 12 (before Window{1097a2fa u0 Starting com.zhy.lierdafridge})
12-20 15:18:23.166 D/TaskPersister(  434): removeObsoleteFile: deleting file=111_task.xml
12-20 15:18:23.167 D/TaskPersister(  434): removeObsoleteFile: deleting file=111_task_thumbnail.png
12-20 15:18:43.387 D/PhoneWindowManager(  434): interceptKeyTq interactive = true, (isInjected && !isWakeKey) = false
12-20 15:18:43.387 D/PhoneWindowManager(  434): interceptKeyTq interactive = true, (isInjected && !isWakeKey) = false
12-20 15:18:43.388 D/WindowManagerService(  434): interceptKeyBeforeDispatching event = KeyEvent { action=ACTION_DOWN, keyCode=KEYCODE_F1, scanCode=59, metaState=0, flags=0x8, repeatCount=0, eventTime=1823660, downTime=1823660, deviceId=1, source=0x101 }
12-20 15:18:43.388 D/WindowManagerService(  434): interceptKeyBeforeDispatching event = KeyEvent { action=ACTION_UP, keyCode=KEYCODE_F1, scanCode=59, metaState=0, flags=0x8, repeatCount=0, eventTime=1823660, downTime=1823660, deviceId=1, source=0x101 }
12-20 15:18:52.047 D/PhoneWindowManager(  434): interceptKeyTq interactive = true, (isInjected && !isWakeKey) = false
12-20 15:18:52.047 D/PhoneWindowManager(  434): interceptKeyTq interactive = true, (isInjected && !isWakeKey) = false
12-20 15:18:52.048 D/WindowManagerService(  434): interceptKeyBeforeDispatching event = KeyEvent { action=ACTION_DOWN, keyCode=KEYCODE_F1, scanCode=59, metaState=0, flags=0x8, repeatCount=0, eventTime=1832320, downTime=1832320, deviceId=1, source=0x101 }
12-20 15:18:52.048 D/WindowManagerService(  434): interceptKeyBeforeDispatching event = KeyEvent { action=ACTION_UP, keyCode=KEYCODE_F1, scanCode=59, metaState=0, flags=0x8, repeatCount=0, eventTime=1832320, downTime=1832320, deviceId=1, source=0x101 }
12-20 15:18:55.814 D/PhoneWindowManager(  434): interceptKeyTq interactive = true, (isInjected && !isWakeKey) = false
12-20 15:18:55.815 D/WindowManagerService(  434): interceptKeyBeforeDispatching event = KeyEvent { action=ACTION_DOWN, keyCode=KEYCODE_BACK, scanCode=0, metaState=0, flags=0x48, repeatCount=0, eventTime=1836086, downTime=1836086, deviceId=-1, source=0x101 }
12-20 15:18:55.886 D/PhoneWindowManager(  434): interceptKeyTq interactive = true, (isInjected && !isWakeKey) = false
12-20 15:18:55.887 D/WindowManagerService(  434): interceptKeyBeforeDispatching event = KeyEvent { action=ACTION_UP, keyCode=KEYCODE_BACK, scanCode=0, metaState=0, flags=0x48, repeatCount=0, eventTime=1836159, downTime=1836086, deviceId=-1, source=0x101 }
12-20 15:18:55.951 I/ActivityManagerService(  434): Killing 1244:com.android.onetimeinitializer/u0a8 (adj 15): empty for 1803s
12-20 15:18:55.972 I/ActivityManagerService(  434): Killing 1221:com.android.managedprovisioning/u0a5 (adj 15): empty for 1804s
12-20 15:18:56.008 I/ProcessStatsService(  434): Prepared write state in 3ms
12-20 15:18:57.889 D/PhoneWindowManager(  434): interceptKeyTq interactive = true, (isInjected && !isWakeKey) = false
12-20 15:18:57.890 D/WindowManagerService(  434): interceptKeyBeforeDispatching event = KeyEvent { action=ACTION_DOWN, keyCode=KEYCODE_BACK, scanCode=0, metaState=0, flags=0x48, repeatCount=0, eventTime=1838162, downTime=1838162, deviceId=-1, source=0x101 }
12-20 15:18:58.011 D/PhoneWindowManager(  434): interceptKeyTq interactive = true, (isInjected && !isWakeKey) = false
12-20 15:18:58.012 D/WindowManagerService(  434): interceptKeyBeforeDispatching event = KeyEvent { action=ACTION_UP, keyCode=KEYCODE_BACK, scanCode=0, metaState=0, flags=0x48, repeatCount=0, eventTime=1838285, downTime=1838162, deviceId=-1, source=0x101 }
12-20 15:18:58.040 I/ActivityManagerService(  434): Killing 1448:com.android.inputmethod.latin/u0a26 (adj 15): empty for 1800s
12-20 15:19:06.686 D/PhoneWindowManager(  434): interceptKeyTq interactive = true, (isInjected && !isWakeKey) = false
12-20 15:19:06.687 D/PhoneWindowManager(  434): interceptKeyTq interactive = true, (isInjected && !isWakeKey) = false
12-20 15:19:06.687 D/WindowManagerService(  434): interceptKeyBeforeDispatching event = KeyEvent { action=ACTION_DOWN, keyCode=KEYCODE_F1, scanCode=59, metaState=0, flags=0x8, repeatCount=0, eventTime=1846960, downTime=1846960, deviceId=1, source=0x101 }
12-20 15:19:06.688 D/WindowManagerService(  434): interceptKeyBeforeDispatching event = KeyEvent { action=ACTION_UP, keyCode=KEYCODE_F1, scanCode=59, metaState=0, flags=0x8, repeatCount=0, eventTime=1846960, downTime=1846960, deviceId=1, source=0x101 }
12-20 15:19:10.957 D/PhoneWindowManager(  434): interceptKeyTq interactive = true, (isInjected && !isWakeKey) = false
12-20 15:19:10.957 D/PhoneWindowManager(  434): interceptKeyTq interactive = true, (isInjected && !isWakeKey) = false
12-20 15:19:10.957 D/WindowManagerService(  434): interceptKeyBeforeDispatching event = KeyEvent { action=ACTION_DOWN, keyCode=KEYCODE_F1, scanCode=59, metaState=0, flags=0x8, repeatCount=0, eventTime=1851230, downTime=1851230, deviceId=1, source=0x101 }
12-20 15:19:10.958 D/WindowManagerService(  434): interceptKeyBeforeDispatching event = KeyEvent { action=ACTION_UP, keyCode=KEYCODE_F1, scanCode=59, metaState=0, flags=0x8, repeatCount=0, eventTime=1851230, downTime=1851230, deviceId=1, source=0x101 }
12-20 15:19:10.967 D/PhoneWindowManager(  434): interceptKeyTq interactive = true, (isInjected && !isWakeKey) = false
12-20 15:19:10.967 D/PhoneWindowManager(  434): interceptKeyTq interactive = true, (isInjected && !isWakeKey) = false
12-20 15:19:10.967 D/WindowManagerService(  434): interceptKeyBeforeDispatching event = KeyEvent { action=ACTION_DOWN, keyCode=KEYCODE_F1, scanCode=59, metaState=0, flags=0x8, repeatCount=0, eventTime=1851240, downTime=1851240, deviceId=1, source=0x101 }
12-20 15:19:10.968 D/WindowManagerService(  434): interceptKeyBeforeDispatching event = KeyEvent { action=ACTION_UP, keyCode=KEYCODE_F1, scanCode=59, metaState=0, flags=0x8, repeatCount=0, eventTime=1851240, downTime=1851240, deviceId=1, source=0x101 }
12-20 15:20:00.004 I/ActivityManagerService(  434): Killing 1197:com.android.providers.calendar/u0a1 (adj 15): empty for 1853s
12-20 15:21:02.017 D/PhoneWindowManager(  434): interceptKeyTq interactive = true, (isInjected && !isWakeKey) = false
12-20 15:21:02.017 D/PhoneWindowManager(  434): interceptKeyTq interactive = true, (isInjected && !isWakeKey) = false
12-20 15:21:02.018 D/WindowManagerService(  434): interceptKeyBeforeDispatching event = KeyEvent { action=ACTION_DOWN, keyCode=KEYCODE_F1, scanCode=59, metaState=0, flags=0x8, repeatCount=0, eventTime=1962290, downTime=1962290, deviceId=1, source=0x101 }
12-20 15:21:02.018 D/WindowManagerService(  434): interceptKeyBeforeDispatching event = KeyEvent { action=ACTION_UP, keyCode=KEYCODE_F1, scanCode=59, metaState=0, flags=0x8, repeatCount=0, eventTime=1962290, downTime=1962290, deviceId=1, source=0x101 }
12-20 15:21:08.111 I/ActivityManagerService(  434): Force stopping com.zhy.lierdafridge appid=10055 user=0: from pid 5807
12-20 15:21:08.111 I/ActivityManagerService(  434): Killing 5750:com.zhy.lierdafridge/u0a55 (adj 9): stop com.zhy.lierdafridge
12-20 15:21:08.140 W/ActivityManagerService(  434): Scheduling restart of crashed service com.zhy.lierdafridge/.ControlService in 1000ms
12-20 15:21:08.142 I/ActivityManagerService(  434):   Force stopping service ServiceRecord{3b9ebeaa u0 com.zhy.lierdafridge/.ControlService}
12-20 15:21:08.144 W/ActivityManagerService(  434): Spurious death for ProcessRecord{3bc255f3 5750:com.zhy.lierdafridge/u0a55}, curProc for 5750: null
12-20 15:21:08.877 I/ActivityStackSupervisor(  434): START u0 {act=android.intent.action.MAIN cat=[android.intent.category.LAUNCHER] flg=0x10000000 cmp=com.zhy.lierdafridge/.MainActivity} from uid 2000 on display 0
12-20 15:21:08.920 V/WindowManagerService(  434): Adding window Window{3afdb061 u0 Starting com.zhy.lierdafridge} at 5 of 10 (after Window{36b9e3d7 u0 com.android.settings/com.android.settings.SubSettings})
12-20 15:21:08.969 I/ActivityManagerService(  434): Start proc 5837:com.zhy.lierdafridge/u0a55 for activity com.zhy.lierdafridge/.MainActivity
12-20 15:21:09.247 W/ActivityManagerService(  434): Unable to start service Intent { cmp=com.zhy.lierdafridge/com.iflytek.common.LaunchService } U=0: not found
12-20 15:21:09.514 V/WindowManagerService(  434): Adding window Window{10e97c0d u0 com.zhy.lierdafridge/com.zhy.lierdafridge.MainActivity} at 5 of 11 (before Window{3afdb061 u0 Starting com.zhy.lierdafridge})
12-20 15:21:13.516 D/TaskPersister(  434): removeObsoleteFile: deleting file=112_task.xml
12-20 15:21:13.517 D/TaskPersister(  434): removeObsoleteFile: deleting file=112_task_thumbnail.png
12-20 15:21:20.183 D/PhoneWindowManager(  434): interceptKeyTq interactive = true, (isInjected && !isWakeKey) = false
12-20 15:21:20.184 D/WindowManagerService(  434): interceptKeyBeforeDispatching event = KeyEvent { action=ACTION_DOWN, keyCode=KEYCODE_BACK, scanCode=0, metaState=0, flags=0x48, repeatCount=0, eventTime=1980456, downTime=1980456, deviceId=-1, source=0x101 }
12-20 15:21:20.281 D/PhoneWindowManager(  434): interceptKeyTq interactive = true, (isInjected && !isWakeKey) = false
12-20 15:21:20.282 D/WindowManagerService(  434): interceptKeyBeforeDispatching event = KeyEvent { action=ACTION_UP, keyCode=KEYCODE_BACK, scanCode=0, metaState=0, flags=0x48, repeatCount=0, eventTime=1980555, downTime=1980456, deviceId=-1, source=0x101 }
12-20 15:21:20.339 I/ActivityManagerService(  434): Killing 1010:com.android.externalstorage/u0a4 (adj 15): empty for 1807s
12-20 15:21:21.962 I/ActivityStackSupervisor(  434): START u0 {act=android.intent.action.MAIN cmp=com.android.settings/.SubSettings (has extras)} from uid 1000 on display 0
12-20 15:21:22.155 V/WindowManagerService(  434): Adding window Window{480af70 u0 com.android.settings/com.android.settings.SubSettings} at 5 of 10 (after Window{36b9e3d7 u0 com.android.settings/com.android.settings.SubSettings})
12-20 15:21:22.723 D/VoldCmdListener(  156): cryptfs cryptocomplete
12-20 15:21:22.723 E/Cryptfs (  156): not running with encryption, aborting
12-20 15:21:22.791 V/WindowManagerService(  434): not Base app: Adding window Window{3042202b u0 com.android.settings/com.android.settings.SubSettings} at 6 of 11
12-20 15:21:23.697 D/VoldCmdListener(  156): cryptfs cryptocomplete
12-20 15:21:23.697 E/Cryptfs (  156): not running with encryption, aborting
12-20 15:21:23.752 W/InputMethodManagerService(  434): Window already focused, ignoring focus gain of: com.android.internal.view.IInputMethodClient$Stub$Proxy@13c09407 attribute=null, token = android.os.BinderProxy@c38adb3
12-20 15:21:59.396 D/PhoneWindowManager(  434): interceptKeyTq interactive = true, (isInjected && !isWakeKey) = false
12-20 15:21:59.397 D/PhoneWindowManager(  434): interceptKeyTq interactive = true, (isInjected && !isWakeKey) = false
12-20 15:21:59.397 D/WindowManagerService(  434): interceptKeyBeforeDispatching event = KeyEvent { action=ACTION_DOWN, keyCode=KEYCODE_F1, scanCode=59, metaState=0, flags=0x8, repeatCount=0, eventTime=2019670, downTime=2019670, deviceId=1, source=0x101 }
12-20 15:21:59.398 D/WindowManagerService(  434): interceptKeyBeforeDispatching event = KeyEvent { action=ACTION_UP, keyCode=KEYCODE_F1, scanCode=59, metaState=0, flags=0x8, repeatCount=0, eventTime=2019670, downTime=2019670, deviceId=1, source=0x101 }
12-20 15:22:04.387 D/PhoneWindowManager(  434): interceptKeyTq interactive = true, (isInjected && !isWakeKey) = false
12-20 15:22:04.387 D/PhoneWindowManager(  434): interceptKeyTq interactive = true, (isInjected && !isWakeKey) = false
12-20 15:22:04.388 D/WindowManagerService(  434): interceptKeyBeforeDispatching event = KeyEvent { action=ACTION_DOWN, keyCode=KEYCODE_F1, scanCode=59, metaState=0, flags=0x8, repeatCount=0, eventTime=2024660, downTime=2024660, deviceId=1, source=0x101 }
12-20 15:22:04.388 D/WindowManagerService(  434): interceptKeyBeforeDispatching event = KeyEvent { action=ACTION_UP, keyCode=KEYCODE_F1, scanCode=59, metaState=0, flags=0x8, repeatCount=0, eventTime=2024660, downTime=2024660, deviceId=1, source=0x101 }
12-20 15:22:06.416 D/PhoneWindowManager(  434): interceptKeyTq interactive = true, (isInjected && !isWakeKey) = false
12-20 15:22:06.417 D/WindowManagerService(  434): interceptKeyBeforeDispatching event = KeyEvent { action=ACTION_DOWN, keyCode=KEYCODE_BACK, scanCode=0, metaState=0, flags=0x48, repeatCount=0, eventTime=2026688, downTime=2026688, deviceId=-1, source=0x101 }
12-20 15:22:06.459 D/PhoneWindowManager(  434): interceptKeyTq interactive = true, (isInjected && !isWakeKey) = false
12-20 15:22:06.460 D/WindowManagerService(  434): interceptKeyBeforeDispatching event = KeyEvent { action=ACTION_UP, keyCode=KEYCODE_BACK, scanCode=0, metaState=0, flags=0x48, repeatCount=0, eventTime=2026733, downTime=2026688, deviceId=-1, source=0x101 }
12-20 15:22:07.732 D/PhoneWindowManager(  434): interceptKeyTq interactive = true, (isInjected && !isWakeKey) = false
12-20 15:22:07.733 D/WindowManagerService(  434): interceptKeyBeforeDispatching event = KeyEvent { action=ACTION_DOWN, keyCode=KEYCODE_BACK, scanCode=0, metaState=0, flags=0x48, repeatCount=0, eventTime=2028004, downTime=2028004, deviceId=-1, source=0x101 }
12-20 15:22:07.837 D/PhoneWindowManager(  434): interceptKeyTq interactive = true, (isInjected && !isWakeKey) = false
12-20 15:22:07.838 D/WindowManagerService(  434): interceptKeyBeforeDispatching event = KeyEvent { action=ACTION_UP, keyCode=KEYCODE_BACK, scanCode=0, metaState=0, flags=0x48, repeatCount=0, eventTime=2028111, downTime=2028004, deviceId=-1, source=0x101 }
12-20 15:22:09.304 D/PhoneWindowManager(  434): interceptKeyTq interactive = true, (isInjected && !isWakeKey) = false
12-20 15:22:09.306 D/WindowManagerService(  434): interceptKeyBeforeDispatching event = KeyEvent { action=ACTION_DOWN, keyCode=KEYCODE_BACK, scanCode=0, metaState=0, flags=0x48, repeatCount=0, eventTime=2029576, downTime=2029576, deviceId=-1, source=0x101 }
12-20 15:22:09.396 D/PhoneWindowManager(  434): interceptKeyTq interactive = true, (isInjected && !isWakeKey) = false
12-20 15:22:09.399 D/WindowManagerService(  434): interceptKeyBeforeDispatching event = KeyEvent { action=ACTION_UP, keyCode=KEYCODE_BACK, scanCode=0, metaState=0, flags=0x48, repeatCount=0, eventTime=2029669, downTime=2029576, deviceId=-1, source=0x101 }
12-20 15:22:09.405 D/ActivityManagerService(  434): moveHomeStackTaskToTop: moving TaskRecord{11be2d76 #87 A=com.android.launcher3 U=0 sz=1}
12-20 15:22:11.408 I/ActivityStackSupervisor(  434): START u0 {act=android.intent.action.MAIN cat=[android.intent.category.LAUNCHER] flg=0x10200000 cmp=com.android.settings/.Settings bnds=[506,378][640,469] (has extras)} from uid 10027 on display 0
12-20 15:22:11.446 V/WindowManagerService(  434): Adding window Window{953362e u0 Starting com.android.settings} at 3 of 8 (after Window{3998a2cd u0 com.android.launcher3/com.android.launcher3.Launcher})
12-20 15:22:11.620 V/WindowManagerService(  434): Adding window Window{56bc78 u0 com.android.settings/com.android.settings.Settings} at 3 of 9 (before Window{953362e u0 Starting com.android.settings})
12-20 15:22:14.927 D/TaskPersister(  434): removeObsoleteFile: deleting file=106_task.xml
12-20 15:22:14.927 D/TaskPersister(  434): removeObsoleteFile: deleting file=106_task_thumbnail.png
12-20 15:23:06.183 I/ActivityStackSupervisor(  434): START u0 {act=android.intent.action.MAIN cmp=com.android.settings/.SubSettings (has extras)} from uid 1000 on display 0
12-20 15:23:06.288 D/WifiService(  434): New client listening to asynchronous messages
12-20 15:23:06.347 V/WindowManagerService(  434): Adding window Window{2d1bdd43 u0 com.android.settings/com.android.settings.SubSettings} at 4 of 9 (after Window{56bc78 u0 com.android.settings/com.android.settings.Settings})
12-20 15:23:07.974 D/WifiService(  434): setWifiEnabled: false pid=5262, uid=1000
12-20 15:23:07.974 E/WifiService(  434): Invoking mWifiStateMachine.setWifiEnabled
12-20 15:23:08.023 D/ConnectivityService(  434): NetworkAgentInfo [WIFI () - 102] EVENT_NETWORK_INFO_CHANGED, going from CONNECTED to DISCONNECTED
12-20 15:23:08.023 D/ConnectivityService(  434): NetworkAgentInfo [WIFI () - 102] got DISCONNECTED, was satisfying 2
12-20 15:23:08.074 D/WifiDisplayController(  434): Received WIFI_P2P_STATE_CHANGED_ACTION: enabled=false
12-20 15:23:08.074 D/WifiDisplayAdapter(  434): getWifiDisplayStatusLocked: result=WifiDisplayStatus{featureState=1, scanState=0, activeDisplayState=0, activeDisplay=null, displays=[], sessionInfo=WifiDisplaySessionInfo:
12-20 15:23:08.074 D/WifiDisplayAdapter(  434):     Client/Owner: Client
12-20 15:23:08.074 D/WifiDisplayAdapter(  434):     GroupId: 
12-20 15:23:08.074 D/WifiDisplayAdapter(  434):     Passphrase: 
12-20 15:23:08.074 D/WifiDisplayAdapter(  434):     SessionId: 0
12-20 15:23:08.074 D/WifiDisplayAdapter(  434):     IP Address: }
12-20 15:23:08.076 D/WifiDisplayController(  434): Failed to set WFD info with reason 2.
12-20 15:23:08.131 D/ConnectivityService(  434): notifyType LOST for NetworkAgentInfo [WIFI () - 102]
12-20 15:23:08.135 D/CSLegacyTypeTracker(  434): Sending disconnected broadcast for type 1 NetworkAgentInfo [WIFI () - 102] isDefaultNetwork=true
12-20 15:23:08.136 D/ConnectivityService(  434): sendStickyBroadcast: action=android.net.conn.CONNECTIVITY_CHANGE_IMMEDIATE
12-20 15:23:08.140 D/ConnectivityService(  434): sendStickyBroadcast: action=android.net.conn.CONNECTIVITY_CHANGE
12-20 15:23:08.171 D/ConnectivityService(  434): sendStickyBroadcast: action=android.net.conn.CONNECTIVITY_CHANGE_IMMEDIATE
12-20 15:23:08.198 D/ConnectivityService(  434): sendStickyBroadcast: action=android.net.conn.CONNECTIVITY_CHANGE
12-20 15:23:08.200 D/ConnectivityService(  434): Checking for replacement network to handle request NetworkRequest [ id=1, legacyType=-1, [ Capabilities: INTERNET&NOT_RESTRICTED&TRUSTED&NOT_VPN] ]
12-20 15:23:08.204 E/ConnectivityService(  434): EVENT_NETWORK_INFO_CHANGED from unknown NetworkAgent
12-20 15:23:08.676 V/WindowManagerService(  434): Adding window Window{8d46e4a u0 PopupWindow:def3e90} at 5 of 10 (after Window{2d1bdd43 u0 com.android.settings/com.android.settings.SubSettings})
12-20 15:23:09.575 W/InputMethodManagerService(  434): Window already focused, ignoring focus gain of: com.android.internal.view.IInputMethodClient$Stub$Proxy@30f32516 attribute=null, token = android.os.BinderProxy@bfd72f2
12-20 15:23:11.026 V/WindowManagerService(  434): Adding window Window{fd18884 u0 PopupWindow:2f452a4a} at 5 of 10 (after Window{2d1bdd43 u0 com.android.settings/com.android.settings.SubSettings})
12-20 15:23:11.732 W/InputMethodManagerService(  434): Window already focused, ignoring focus gain of: com.android.internal.view.IInputMethodClient$Stub$Proxy@2de7886d attribute=null, token = android.os.BinderProxy@bfd72f2
12-20 15:23:12.600 V/WindowManagerService(  434): Adding window Window{1ede9d33 u0 PopupWindow:11733787} at 5 of 10 (after Window{2d1bdd43 u0 com.android.settings/com.android.settings.SubSettings})
12-20 15:23:13.190 W/InputMethodManagerService(  434): Window already focused, ignoring focus gain of: com.android.internal.view.IInputMethodClient$Stub$Proxy@120a8f0 attribute=null, token = android.os.BinderProxy@bfd72f2
12-20 15:23:14.016 V/WindowManagerService(  434): Adding window Window{37c1c0ee u0 PopupWindow:27cdfb50} at 5 of 10 (after Window{2d1bdd43 u0 com.android.settings/com.android.settings.SubSettings})
12-20 15:23:14.812 W/InputMethodManagerService(  434): Window already focused, ignoring focus gain of: com.android.internal.view.IInputMethodClient$Stub$Proxy@2c5bd98f attribute=null, token = android.os.BinderProxy@bfd72f2
12-20 15:23:20.964 V/WindowManagerService(  434): Adding window Window{16caa99b u0 PopupWindow:213f4dfc} at 5 of 11 (after Window{2d1bdd43 u0 com.android.settings/com.android.settings.SubSettings})
12-20 15:23:21.943 I/ActivityStackSupervisor(  434): START u0 {act=android.intent.action.MAIN cmp=com.android.settings/.SubSettings (has extras)} from uid 1000 on display 0
12-20 15:23:22.076 V/WindowManagerService(  434): Adding window Window{b6c3481 u0 com.android.settings/com.android.settings.SubSettings} at 6 of 12 (after Window{16caa99b u0 PopupWindow:213f4dfc EXITING})
12-20 15:23:30.024 I/ActivityStackSupervisor(  434): START u0 {act=android.intent.action.MAIN cmp=com.android.settings/.SubSettings (has extras)} from uid 1000 on display 0
12-20 15:23:30.174 V/WindowManagerService(  434): Adding window Window{193fa93c u0 com.android.settings/com.android.settings.SubSettings} at 4 of 10 (after Window{56bc78 u0 com.android.settings/com.android.settings.Settings})
12-20 15:23:31.057 D/WifiService(  434): setWifiEnabled: true pid=5262, uid=1000
12-20 15:23:31.057 E/WifiService(  434): Invoking mWifiStateMachine.setWifiEnabled
12-20 15:23:32.315 E/WifiP2pService(  434): Unable to change interface settings: java.lang.IllegalStateException: command '199 interface setcfg p2p0 0.0.0.0 0 up' failed with '400 199 Failed to set address (No such device)'
12-20 15:23:32.317 D/WifiDisplayController(  434): Received WIFI_P2P_STATE_CHANGED_ACTION: enabled=true
12-20 15:23:32.317 D/WifiDisplayController(  434): ro.target.product ======= tablet
12-20 15:23:32.318 D/WifiDisplayController(  434): Received WIFI_P2P_CONNECTION_CHANGED_ACTION: networkInfo=[type: WIFI_P2P[], state: UNKNOWN/IDLE, reason: (unspecified), extra: (none), roaming: false, failover: false, isAvailable: true, isConnectedToProvisioningNetwork: false]
12-20 15:23:32.318 D/WifiDisplayController(  434): mDesiredDevice == NULL, So it is a sink device
12-20 15:23:32.318 D/WifiDisplayController(  434): ####onConnectionInfoAvailable(), mWfdEnabled networkInfo.isConnected() false, networkInfo.isConnected() false
12-20 15:23:32.318 D/WifiDisplayController(  434): ######mWifiWFDServicerOn =mWfdEnabled networkInfo.isConnected()falsefalsefalse
12-20 15:23:32.341 D/WifiDisplayController(  434): Received WIFI_P2P_THIS_DEVICE_CHANGED_ACTION: mThisDevice= Device: Android_fc93
12-20 15:23:32.341 D/WifiDisplayController(  434):  deviceAddress: ce:b8:a8:51:03:28
12-20 15:23:32.341 D/WifiDisplayController(  434):  primary type: 10-0050F204-5
12-20 15:23:32.341 D/WifiDisplayController(  434):  secondary type: null
12-20 15:23:32.341 D/WifiDisplayController(  434):  wps: 0
12-20 15:23:32.341 D/WifiDisplayController(  434):  grpcapab: 0
12-20 15:23:32.341 D/WifiDisplayController(  434):  devcapab: 0
12-20 15:23:32.341 D/WifiDisplayController(  434):  status: 3
12-20 15:23:32.341 D/WifiDisplayController(  434):  wfdInfo: WFD enabled: trueWFD DeviceInfo: 16
12-20 15:23:32.341 D/WifiDisplayController(  434):  WFD CtrlPort: 7236
12-20 15:23:32.341 D/WifiDisplayController(  434):  WFD MaxThroughput: 50
12-20 15:23:32.391 D/WifiDisplayController(  434): Successfully set WFD info.
12-20 15:23:32.391 D/WifiDisplayController(  434): Received WIFI_P2P_THIS_DEVICE_CHANGED_ACTION: mThisDevice= Device: Android_fc93
12-20 15:23:32.391 D/WifiDisplayController(  434):  deviceAddress: ce:b8:a8:51:03:28
12-20 15:23:32.391 D/WifiDisplayController(  434):  primary type: 10-0050F204-5
12-20 15:23:32.391 D/WifiDisplayController(  434):  secondary type: null
12-20 15:23:32.391 D/WifiDisplayController(  434):  wps: 0
12-20 15:23:32.391 D/WifiDisplayController(  434):  grpcapab: 0
12-20 15:23:32.391 D/WifiDisplayController(  434):  devcapab: 0
12-20 15:23:32.391 D/WifiDisplayController(  434):  status: 3
12-20 15:23:32.391 D/WifiDisplayController(  434):  wfdInfo: WFD enabled: trueWFD DeviceInfo: 16
12-20 15:23:32.391 D/WifiDisplayController(  434):  WFD CtrlPort: 7236
12-20 15:23:32.391 D/WifiDisplayController(  434):  WFD MaxThroughput: 50
12-20 15:23:32.391 D/WifiDisplayAdapter(  434): getWifiDisplayStatusLocked: result=WifiDisplayStatus{featureState=3, scanState=0, activeDisplayState=0, activeDisplay=null, displays=[], sessionInfo=WifiDisplaySessionInfo:
12-20 15:23:32.391 D/WifiDisplayAdapter(  434):     Client/Owner: Client
12-20 15:23:32.391 D/WifiDisplayAdapter(  434):     GroupId: 
12-20 15:23:32.391 D/WifiDisplayAdapter(  434):     Passphrase: 
12-20 15:23:32.391 D/WifiDisplayAdapter(  434):     SessionId: 0
12-20 15:23:32.391 D/WifiDisplayAdapter(  434):     IP Address: }
12-20 15:23:34.099 D/ConnectivityService(  434): registerNetworkAgent NetworkAgentInfo{ ni{[type: WIFI[], state: CONNECTING/CONNECTING, reason: (unspecified), extra: "RobotIOT", roaming: false, failover: false, isAvailable: true, isConnectedToProvisioningNetwork: false]}  network{null}  lp{{LinkAddresses: []  Routes: [] DnsAddresses: [] Domains: null MTU: 0 TcpBufferSizes: 524288,1048576,2097152,262144,524288,1048576}}  nc{[ Transports: WIFI Capabilities: INTERNET&NOT_RESTRICTED&TRUSTED&NOT_VPN LinkUpBandwidth>=1048576Kbps LinkDnBandwidth>=1048576Kbps]}  Score{20}  everValidated{false}  lastValidated{false}  created{false}  explicitlySelected{false} }
12-20 15:23:34.099 D/ConnectivityService(  434): NetworkAgentInfo [WIFI () - 103] EVENT_NETWORK_INFO_CHANGED, going from null to CONNECTING
12-20 15:23:34.143 D/ConnectivityService(  434): updateNetworkScore for NetworkAgentInfo [WIFI () - 103] to 60
12-20 15:23:35.063 D/ConnectivityService(  434): NetworkAgentInfo [WIFI () - 103] EVENT_NETWORK_INFO_CHANGED, going from CONNECTING to CONNECTED
12-20 15:23:35.065 D/ConnectivityService(  434): Adding iface wlan0 to network 103
12-20 15:23:35.107 E/ConnectivityService(  434): Unexpected mtu value: 0, wlan0
12-20 15:23:35.107 D/ConnectivityService(  434): Adding Route [fe80::/64 -> :: wlan0] to network 103
12-20 15:23:35.109 D/ConnectivityService(  434): Adding Route [192.168.199.0/24 -> 0.0.0.0 wlan0] to network 103
12-20 15:23:35.112 D/ConnectivityService(  434): Adding Route [0.0.0.0/0 -> 192.168.199.1 wlan0] to network 103
12-20 15:23:35.117 D/ConnectivityService(  434): Setting Dns servers for network 103 to [/192.168.199.1]
12-20 15:23:35.130 D/ConnectivityService(  434): notifyType IP_CHANGED for NetworkAgentInfo [WIFI () - 103]
12-20 15:23:35.139 D/ConnectivityService(  434): notifyType PRECHECK for NetworkAgentInfo [WIFI () - 103]
12-20 15:23:35.139 D/ConnectivityService(  434): rematching NetworkAgentInfo [WIFI () - 103]
12-20 15:23:35.139 D/ConnectivityService(  434): currentScore = 0, newScore = 20
12-20 15:23:35.139 D/ConnectivityService(  434):    accepting network in place of null
12-20 15:23:35.141 D/ConnectivityService(  434): Switching to new default network: NetworkAgentInfo{ ni{[type: WIFI[], state: CONNECTED/CONNECTED, reason: (unspecified), extra: "RobotIOT", roaming: false, failover: false, isAvailable: true, isConnectedToProvisioningNetwork: false]}  network{103}  lp{{InterfaceName: wlan0 LinkAddresses: [fe80::ceb8:a8ff:fe51:328/64,192.168.199.202/24,]  Routes: [fe80::/64 -> :: wlan0,192.168.199.0/24 -> 0.0.0.0 wlan0,0.0.0.0/0 -> 192.168.199.1 wlan0,] DnsAddresses: [192.168.199.1,] Domains: lan MTU: 0 TcpBufferSizes: 524288,1048576,2097152,262144,524288,1048576}}  nc{[ Transports: WIFI Capabilities: INTERNET&NOT_RESTRICTED&TRUSTED&NOT_VPN LinkUpBandwidth>=1048576Kbps LinkDnBandwidth>=1048576Kbps]}  Score{20}  everValidated{false}  lastValidated{false}  created{true}  explicitlySelected{false} }
12-20 15:23:35.144 D/ConnectivityService(  434): notifyType AVAILABLE for NetworkAgentInfo [WIFI () - 103]
12-20 15:23:35.145 D/CSLegacyTypeTracker(  434): Sending connected broadcast for type 1 NetworkAgentInfo [WIFI () - 103] isDefaultNetwork=true
12-20 15:23:35.146 D/ConnectivityService(  434): sendStickyBroadcast: action=android.net.conn.CONNECTIVITY_CHANGE_IMMEDIATE
12-20 15:23:35.147 D/ConnectivityService(  434): sendStickyBroadcast: action=android.net.conn.CONNECTIVITY_CHANGE
12-20 15:23:35.155 D/ConnectivityService(  434): setProvNotificationVisibleIntent: E visible=false networkType=0 extraInfo=null
12-20 15:23:35.156 D/ConnectivityService(  434): Validated NetworkAgentInfo [WIFI () - 103]
12-20 15:23:35.156 D/ConnectivityService(  434): rematching NetworkAgentInfo [WIFI () - 103]
12-20 15:23:35.156 D/ConnectivityService(  434): Network NetworkAgentInfo [WIFI () - 103] was already satisfying request 1. No change.
12-20 15:23:35.156 D/ConnectivityService(  434): notifyType AVAILABLE for NetworkAgentInfo [WIFI () - 103]
12-20 15:23:35.162 D/ConnectivityService(  434): sendStickyBroadcast: action=android.net.conn.INET_CONDITION_ACTION
12-20 15:23:36.146 D/ConnectivityService(  434): NetTransition Wakelock (NetworkAgentInfo [WIFI () - 102] cleared because we found a replacement network
12-20 15:27:57.495 D/DefContainer( 1653): Copying /data/local/tmp/smartlink.zhy.jyfridge to base.apk
12-20 15:27:57.720 W/PackageParser(  434): Unknown element under <manifest>: meta-data at /data/app/vmdl1360930991.tmp/base.apk Binary XML file line #43
12-20 15:27:58.845 D/PackageManager(  434): Renaming /data/app/vmdl1360930991.tmp to /data/app/smartlink.zhy.jyfridge-1
12-20 15:28:01.627 W/PackageManager(  434): Not granting permission android.permission.MOUNT_UNMOUNT_FILESYSTEMS to package smartlink.zhy.jyfridge (protectionLevel=18 flags=0x48bf46)
12-20 15:28:01.627 W/PackageManager(  434): Not granting permission android.permission.WRITE_MEDIA_STORAGE to package smartlink.zhy.jyfridge (protectionLevel=18 flags=0x48bf46)
12-20 15:28:01.687 V/BackupManagerService(  434): restoreAtInstall pkg=smartlink.zhy.jyfridge token=e restoreSet=0
12-20 15:28:01.687 V/BackupManagerService(  434): Finishing install immediately
12-20 15:28:01.701 D/BackupManagerService(  434): Received broadcast Intent { act=android.intent.action.PACKAGE_ADDED dat=package:smartlink.zhy.jyfridge flg=0x4000020 (has extras) }
12-20 15:28:01.703 W/BackupManagerService(  434): Removing schedule queue dupe of smartlink.zhy.jyfridge
12-20 15:28:01.778 W/VoiceInteractionManagerService(  434): no available voice recognition services found for user 0
12-20 15:28:02.498 I/ActivityStackSupervisor(  434): START u0 {act=android.intent.action.MAIN cat=[android.intent.category.LAUNCHER] flg=0x10000000 cmp=smartlink.zhy.jyfridge/.activity.MainActivity} from uid 2000 on display 0
12-20 15:28:02.545 V/WindowManagerService(  434): Adding window Window{1744f5df u0 Starting smartlink.zhy.jyfridge} at 5 of 11 (after Window{193fa93c u0 com.android.settings/com.android.settings.SubSettings})
12-20 15:28:02.599 I/ActivityManagerService(  434): Start proc 6089:smartlink.zhy.jyfridge/u0a56 for activity smartlink.zhy.jyfridge/.activity.MainActivity
12-20 15:28:02.889 W/ActivityManagerService(  434): Unable to start service Intent { cmp=smartlink.zhy.jyfridge/com.iflytek.common.LaunchService } U=0: not found
12-20 15:28:03.163 V/WindowManagerService(  434): Adding window Window{16e02eeb u0 smartlink.zhy.jyfridge/smartlink.zhy.jyfridge.activity.MainActivity} at 5 of 12 (before Window{1744f5df u0 Starting smartlink.zhy.jyfridge})
12-20 15:28:03.178 W/ActivityManagerService(  434): Unable to start service Intent { cmp=smartlink.zhy.jyfridge/com.iflytek.common.LaunchService } U=0: not found
12-20 15:28:09.227 D/PhoneWindowManager(  434): interceptKeyTq interactive = true, (isInjected && !isWakeKey) = false
12-20 15:28:09.227 D/PhoneWindowManager(  434): interceptKeyTq interactive = true, (isInjected && !isWakeKey) = false
12-20 15:28:09.228 D/WindowManagerService(  434): interceptKeyBeforeDispatching event = KeyEvent { action=ACTION_DOWN, keyCode=KEYCODE_F1, scanCode=59, metaState=0, flags=0x8, repeatCount=0, eventTime=2389500, downTime=2389500, deviceId=1, source=0x101 }
12-20 15:28:09.228 D/WindowManagerService(  434): interceptKeyBeforeDispatching event = KeyEvent { action=ACTION_UP, keyCode=KEYCODE_F1, scanCode=59, metaState=0, flags=0x8, repeatCount=0, eventTime=2389500, downTime=2389500, deviceId=1, source=0x101 }
12-20 15:28:13.316 D/PhoneWindowManager(  434): interceptKeyTq interactive = true, (isInjected && !isWakeKey) = false
12-20 15:28:13.317 D/PhoneWindowManager(  434): interceptKeyTq interactive = true, (isInjected && !isWakeKey) = false
12-20 15:28:13.317 D/WindowManagerService(  434): interceptKeyBeforeDispatching event = KeyEvent { action=ACTION_DOWN, keyCode=KEYCODE_F1, scanCode=59, metaState=0, flags=0x8, repeatCount=0, eventTime=2393590, downTime=2393590, deviceId=1, source=0x101 }
12-20 15:28:13.318 D/WindowManagerService(  434): interceptKeyBeforeDispatching event = KeyEvent { action=ACTION_UP, keyCode=KEYCODE_F1, scanCode=59, metaState=0, flags=0x8, repeatCount=0, eventTime=2393590, downTime=2393590, deviceId=1, source=0x101 }
12-20 15:28:22.067 D/PhoneWindowManager(  434): interceptKeyTq interactive = true, (isInjected && !isWakeKey) = false
12-20 15:28:22.067 D/PhoneWindowManager(  434): interceptKeyTq interactive = true, (isInjected && !isWakeKey) = false
12-20 15:28:22.068 D/WindowManagerService(  434): interceptKeyBeforeDispatching event = KeyEvent { action=ACTION_DOWN, keyCode=KEYCODE_F1, scanCode=59, metaState=0, flags=0x8, repeatCount=0, eventTime=2402340, downTime=2402340, deviceId=1, source=0x101 }
12-20 15:28:22.068 D/WindowManagerService(  434): interceptKeyBeforeDispatching event = KeyEvent { action=ACTION_UP, keyCode=KEYCODE_F1, scanCode=59, metaState=0, flags=0x8, repeatCount=0, eventTime=2402340, downTime=2402340, deviceId=1, source=0x101 }
12-20 15:28:22.076 D/PhoneWindowManager(  434): interceptKeyTq interactive = true, (isInjected && !isWakeKey) = false
12-20 15:28:22.077 D/PhoneWindowManager(  434): interceptKeyTq interactive = true, (isInjected && !isWakeKey) = false
12-20 15:28:22.077 D/WindowManagerService(  434): interceptKeyBeforeDispatching event = KeyEvent { action=ACTION_DOWN, keyCode=KEYCODE_F1, scanCode=59, metaState=0, flags=0x8, repeatCount=0, eventTime=2402350, downTime=2402350, deviceId=1, source=0x101 }
12-20 15:28:22.077 D/WindowManagerService(  434): interceptKeyBeforeDispatching event = KeyEvent { action=ACTION_UP, keyCode=KEYCODE_F1, scanCode=59, metaState=0, flags=0x8, repeatCount=0, eventTime=2402350, downTime=2402350, deviceId=1, source=0x101 }
12-20 15:28:27.687 D/PhoneWindowManager(  434): interceptKeyTq interactive = true, (isInjected && !isWakeKey) = false
12-20 15:28:27.687 D/PhoneWindowManager(  434): interceptKeyTq interactive = true, (isInjected && !isWakeKey) = false
12-20 15:28:27.688 D/WindowManagerService(  434): interceptKeyBeforeDispatching event = KeyEvent { action=ACTION_DOWN, keyCode=KEYCODE_F1, scanCode=59, metaState=0, flags=0x8, repeatCount=0, eventTime=2407960, downTime=2407960, deviceId=1, source=0x101 }
12-20 15:28:27.688 D/WindowManagerService(  434): interceptKeyBeforeDispatching event = KeyEvent { action=ACTION_UP, keyCode=KEYCODE_F1, scanCode=59, metaState=0, flags=0x8, repeatCount=0, eventTime=2407960, downTime=2407960, deviceId=1, source=0x101 }
12-20 15:28:34.566 D/PhoneWindowManager(  434): interceptKeyTq interactive = true, (isInjected && !isWakeKey) = false
12-20 15:28:34.567 D/PhoneWindowManager(  434): interceptKeyTq interactive = true, (isInjected && !isWakeKey) = false
12-20 15:28:34.567 D/WindowManagerService(  434): interceptKeyBeforeDispatching event = KeyEvent { action=ACTION_DOWN, keyCode=KEYCODE_F1, scanCode=59, metaState=0, flags=0x8, repeatCount=0, eventTime=2414840, downTime=2414840, deviceId=1, source=0x101 }
12-20 15:28:34.568 D/WindowManagerService(  434): interceptKeyBeforeDispatching event = KeyEvent { action=ACTION_UP, keyCode=KEYCODE_F1, scanCode=59, metaState=0, flags=0x8, repeatCount=0, eventTime=2414840, downTime=2414840, deviceId=1, source=0x101 }
12-20 15:28:34.828 D/PhoneWindowManager(  434): interceptKeyTq interactive = true, (isInjected && !isWakeKey) = false
12-20 15:28:34.829 D/WindowManagerService(  434): interceptKeyBeforeDispatching event = KeyEvent { action=ACTION_DOWN, keyCode=KEYCODE_BACK, scanCode=0, metaState=0, flags=0x48, repeatCount=0, eventTime=2415101, downTime=2415101, deviceId=-1, source=0x101 }
12-20 15:28:34.921 D/PhoneWindowManager(  434): interceptKeyTq interactive = true, (isInjected && !isWakeKey) = false
12-20 15:28:34.921 D/WindowManagerService(  434): interceptKeyBeforeDispatching event = KeyEvent { action=ACTION_UP, keyCode=KEYCODE_BACK, scanCode=0, metaState=0, flags=0x48, repeatCount=0, eventTime=2415195, downTime=2415101, deviceId=-1, source=0x101 }
12-20 15:28:36.711 V/DeadZone(  580): consuming errant click: (508.25366,10.861877)
12-20 15:28:37.330 D/PhoneWindowManager(  434): interceptKeyTq interactive = true, (isInjected && !isWakeKey) = false
12-20 15:28:37.331 D/WindowManagerService(  434): interceptKeyBeforeDispatching event = KeyEvent { action=ACTION_DOWN, keyCode=KEYCODE_BACK, scanCode=0, metaState=0, flags=0x48, repeatCount=0, eventTime=2417603, downTime=2417603, deviceId=-1, source=0x101 }
12-20 15:28:37.424 D/PhoneWindowManager(  434): interceptKeyTq interactive = true, (isInjected && !isWakeKey) = false
12-20 15:28:37.424 D/WindowManagerService(  434): interceptKeyBeforeDispatching event = KeyEvent { action=ACTION_UP, keyCode=KEYCODE_BACK, scanCode=0, metaState=0, flags=0x48, repeatCount=0, eventTime=2417697, downTime=2417603, deviceId=-1, source=0x101 }
12-20 15:28:40.087 I/ActivityStackSupervisor(  434): START u0 {act=android.intent.action.MAIN cmp=com.android.settings/.SubSettings (has extras)} from uid 1000 on display 0
12-20 15:28:40.303 V/WindowManagerService(  434): Adding window Window{d3ba88f u0 com.android.settings/com.android.settings.SubSettings} at 4 of 10 (after Window{56bc78 u0 com.android.settings/com.android.settings.Settings})
12-20 15:28:42.149 I/ActivityStackSupervisor(  434): START u0 {act=android.intent.action.MAIN cmp=com.android.settings/.SubSettings (has extras)} from uid 1000 on display 0
12-20 15:28:42.343 V/WindowManagerService(  434): Adding window Window{12ddef4c u0 com.android.settings/com.android.settings.SubSettings} at 5 of 11 (after Window{d3ba88f u0 com.android.settings/com.android.settings.SubSettings})
12-20 15:28:43.150 D/VoldCmdListener(  156): cryptfs cryptocomplete
12-20 15:28:43.150 E/Cryptfs (  156): not running with encryption, aborting
12-20 15:28:43.218 V/WindowManagerService(  434): not Base app: Adding window Window{2054b377 u0 com.android.settings/com.android.settings.SubSettings} at 6 of 12
12-20 15:28:44.079 D/VoldCmdListener(  156): cryptfs cryptocomplete
12-20 15:28:44.079 E/Cryptfs (  156): not running with encryption, aborting
12-20 15:28:44.153 W/InputMethodManagerService(  434): Window already focused, ignoring focus gain of: com.android.internal.view.IInputMethodClient$Stub$Proxy@27189a6f attribute=null, token = android.os.BinderProxy@3e9dd37f
12-20 15:28:45.039 D/PhoneWindowManager(  434): interceptKeyTq interactive = true, (isInjected && !isWakeKey) = false
12-20 15:28:45.040 D/WindowManagerService(  434): interceptKeyBeforeDispatching event = KeyEvent { action=ACTION_DOWN, keyCode=KEYCODE_BACK, scanCode=0, metaState=0, flags=0x48, repeatCount=0, eventTime=2425312, downTime=2425312, deviceId=-1, source=0x101 }
12-20 15:28:45.122 D/PhoneWindowManager(  434): interceptKeyTq interactive = true, (isInjected && !isWakeKey) = false
12-20 15:28:45.122 D/WindowManagerService(  434): interceptKeyBeforeDispatching event = KeyEvent { action=ACTION_UP, keyCode=KEYCODE_BACK, scanCode=0, metaState=0, flags=0x48, repeatCount=0, eventTime=2425395, downTime=2425312, deviceId=-1, source=0x101 }
12-20 15:28:46.893 I/ActivityStackSupervisor(  434): START u0 {act=android.intent.action.MAIN cmp=com.android.settings/.SubSettings (has extras)} from uid 1000 on display 0
12-20 15:28:47.041 V/WindowManagerService(  434): Adding window Window{293613f3 u0 com.android.settings/com.android.settings.SubSettings} at 5 of 11 (after Window{d3ba88f u0 com.android.settings/com.android.settings.SubSettings})
12-20 15:28:48.059 V/WindowManagerService(  434): not Base app: Adding window Window{17828fba u0 com.android.settings/com.android.settings.SubSettings} at 6 of 12
12-20 15:28:48.952 W/InputMethodManagerService(  434): Window already focused, ignoring focus gain of: com.android.internal.view.IInputMethodClient$Stub$Proxy@35b9ed86 attribute=null, token = android.os.BinderProxy@37b89662
12-20 15:28:49.741 D/PhoneWindowManager(  434): interceptKeyTq interactive = true, (isInjected && !isWakeKey) = false
12-20 15:28:49.742 D/WindowManagerService(  434): interceptKeyBeforeDispatching event = KeyEvent { action=ACTION_DOWN, keyCode=KEYCODE_BACK, scanCode=0, metaState=0, flags=0x48, repeatCount=0, eventTime=2430014, downTime=2430014, deviceId=-1, source=0x101 }
12-20 15:28:49.834 D/PhoneWindowManager(  434): interceptKeyTq interactive = true, (isInjected && !isWakeKey) = false
12-20 15:28:49.834 D/WindowManagerService(  434): interceptKeyBeforeDispatching event = KeyEvent { action=ACTION_UP, keyCode=KEYCODE_BACK, scanCode=0, metaState=0, flags=0x48, repeatCount=0, eventTime=2430108, downTime=2430014, deviceId=-1, source=0x101 }
12-20 15:28:52.067 D/PhoneWindowManager(  434): interceptKeyTq interactive = true, (isInjected && !isWakeKey) = false
12-20 15:28:52.067 D/PhoneWindowManager(  434): interceptKeyTq interactive = true, (isInjected && !isWakeKey) = false
12-20 15:28:52.075 D/WindowManagerService(  434): interceptKeyBeforeDispatching event = KeyEvent { action=ACTION_DOWN, keyCode=KEYCODE_F1, scanCode=59, metaState=0, flags=0x8, repeatCount=0, eventTime=2432340, downTime=2432340, deviceId=1, source=0x101 }
12-20 15:28:52.082 D/WindowManagerService(  434): interceptKeyBeforeDispatching event = KeyEvent { action=ACTION_UP, keyCode=KEYCODE_F1, scanCode=59, metaState=0, flags=0x8, repeatCount=0, eventTime=2432340, downTime=2432340, deviceId=1, source=0x101 }
12-20 15:28:56.995 I/ActivityStackSupervisor(  434): START u0 {act=android.intent.action.MAIN cmp=com.android.settings/.SubSettings (has extras)} from uid 1000 on display 0
12-20 15:28:57.188 V/WindowManagerService(  434): Adding window Window{19c731a u0 com.android.settings/com.android.settings.SubSettings} at 5 of 11 (after Window{d3ba88f u0 com.android.settings/com.android.settings.SubSettings})
12-20 15:28:58.000 V/WindowManagerService(  434): not Base app: Adding window Window{126f107d u0 com.android.settings/com.android.settings.SubSettings} at 6 of 12
12-20 15:28:58.873 W/WindowManagerService(  434): Attempted to remove non-existing token: android.os.Binder@cc31c49
12-20 15:28:58.913 W/InputMethodManagerService(  434): Window already focused, ignoring focus gain of: com.android.internal.view.IInputMethodClient$Stub$Proxy@1e13779 attribute=null, token = android.os.BinderProxy@16a3edc5
12-20 15:28:59.990 D/PhoneWindowManager(  434): interceptKeyTq interactive = true, (isInjected && !isWakeKey) = false
12-20 15:28:59.991 D/WindowManagerService(  434): interceptKeyBeforeDispatching event = KeyEvent { action=ACTION_DOWN, keyCode=KEYCODE_BACK, scanCode=0, metaState=0, flags=0x48, repeatCount=0, eventTime=2440263, downTime=2440263, deviceId=-1, source=0x101 }
12-20 15:29:00.096 D/PhoneWindowManager(  434): interceptKeyTq interactive = true, (isInjected && !isWakeKey) = false
12-20 15:29:00.097 D/WindowManagerService(  434): interceptKeyBeforeDispatching event = KeyEvent { action=ACTION_UP, keyCode=KEYCODE_BACK, scanCode=0, metaState=0, flags=0x48, repeatCount=0, eventTime=2440370, downTime=2440263, deviceId=-1, source=0x101 }
12-20 15:29:03.316 D/PhoneWindowManager(  434): interceptKeyTq interactive = true, (isInjected && !isWakeKey) = false
12-20 15:29:03.317 D/PhoneWindowManager(  434): interceptKeyTq interactive = true, (isInjected && !isWakeKey) = false
12-20 15:29:03.317 D/WindowManagerService(  434): interceptKeyBeforeDispatching event = KeyEvent { action=ACTION_DOWN, keyCode=KEYCODE_F1, scanCode=59, metaState=0, flags=0x8, repeatCount=0, eventTime=2443590, downTime=2443590, deviceId=1, source=0x101 }
12-20 15:29:03.318 D/WindowManagerService(  434): interceptKeyBeforeDispatching event = KeyEvent { action=ACTION_UP, keyCode=KEYCODE_F1, scanCode=59, metaState=0, flags=0x8, repeatCount=0, eventTime=2443590, downTime=2443590, deviceId=1, source=0x101 }
12-20 15:29:07.926 D/PhoneWindowManager(  434): interceptKeyTq interactive = true, (isInjected && !isWakeKey) = false
12-20 15:29:07.927 D/PhoneWindowManager(  434): interceptKeyTq interactive = true, (isInjected && !isWakeKey) = false
12-20 15:29:07.927 D/WindowManagerService(  434): interceptKeyBeforeDispatching event = KeyEvent { action=ACTION_DOWN, keyCode=KEYCODE_F1, scanCode=59, metaState=0, flags=0x8, repeatCount=0, eventTime=2448200, downTime=2448200, deviceId=1, source=0x101 }
12-20 15:29:07.928 D/WindowManagerService(  434): interceptKeyBeforeDispatching event = KeyEvent { action=ACTION_UP, keyCode=KEYCODE_F1, scanCode=59, metaState=0, flags=0x8, repeatCount=0, eventTime=2448200, downTime=2448200, deviceId=1, source=0x101 }
12-20 15:29:11.306 D/PhoneWindowManager(  434): interceptKeyTq interactive = true, (isInjected && !isWakeKey) = false
12-20 15:29:11.307 D/PhoneWindowManager(  434): interceptKeyTq interactive = true, (isInjected && !isWakeKey) = false
12-20 15:29:11.307 D/WindowManagerService(  434): interceptKeyBeforeDispatching event = KeyEvent { action=ACTION_DOWN, keyCode=KEYCODE_F1, scanCode=59, metaState=0, flags=0x8, repeatCount=0, eventTime=2451580, downTime=2451580, deviceId=1, source=0x101 }
12-20 15:29:11.308 D/WindowManagerService(  434): interceptKeyBeforeDispatching event = KeyEvent { action=ACTION_UP, keyCode=KEYCODE_F1, scanCode=59, metaState=0, flags=0x8, repeatCount=0, eventTime=2451580, downTime=2451580, deviceId=1, source=0x101 }
12-20 15:29:14.364 I/ActivityStackSupervisor(  434): START u0 {act=android.intent.action.MAIN cmp=com.android.settings/.SubSettings (has extras)} from uid 1000 on display 0
12-20 15:29:14.541 V/WindowManagerService(  434): Adding window Window{30e2915d u0 com.android.settings/com.android.settings.SubSettings} at 5 of 11 (after Window{d3ba88f u0 com.android.settings/com.android.settings.SubSettings})
12-20 15:29:15.317 D/VoldCmdListener(  156): cryptfs cryptocomplete
12-20 15:29:15.317 E/Cryptfs (  156): not running with encryption, aborting
12-20 15:29:15.360 V/WindowManagerService(  434): not Base app: Adding window Window{f7c60cc u0 com.android.settings/com.android.settings.SubSettings} at 6 of 12
12-20 15:29:16.222 D/VoldCmdListener(  156): cryptfs cryptocomplete
12-20 15:29:16.223 E/Cryptfs (  156): not running with encryption, aborting
12-20 15:29:16.294 W/InputMethodManagerService(  434): Window already focused, ignoring focus gain of: com.android.internal.view.IInputMethodClient$Stub$Proxy@3e74bdb8 attribute=null, token = android.os.BinderProxy@3805f34
12-20 15:29:20.567 D/PhoneWindowManager(  434): interceptKeyTq interactive = true, (isInjected && !isWakeKey) = false
12-20 15:29:20.567 D/PhoneWindowManager(  434): interceptKeyTq interactive = true, (isInjected && !isWakeKey) = false
12-20 15:29:20.568 D/WindowManagerService(  434): interceptKeyBeforeDispatching event = KeyEvent { action=ACTION_DOWN, keyCode=KEYCODE_F1, scanCode=59, metaState=0, flags=0x8, repeatCount=0, eventTime=2460840, downTime=2460840, deviceId=1, source=0x101 }
12-20 15:29:20.568 D/WindowManagerService(  434): interceptKeyBeforeDispatching event = KeyEvent { action=ACTION_UP, keyCode=KEYCODE_F1, scanCode=59, metaState=0, flags=0x8, repeatCount=0, eventTime=2460840, downTime=2460840, deviceId=1, source=0x101 }
12-20 15:29:25.446 D/PhoneWindowManager(  434): interceptKeyTq interactive = true, (isInjected && !isWakeKey) = false
12-20 15:29:25.447 D/PhoneWindowManager(  434): interceptKeyTq interactive = true, (isInjected && !isWakeKey) = false
12-20 15:29:25.447 D/WindowManagerService(  434): interceptKeyBeforeDispatching event = KeyEvent { action=ACTION_DOWN, keyCode=KEYCODE_F1, scanCode=59, metaState=0, flags=0x8, repeatCount=0, eventTime=2465720, downTime=2465720, deviceId=1, source=0x101 }
12-20 15:29:25.448 D/WindowManagerService(  434): interceptKeyBeforeDispatching event = KeyEvent { action=ACTION_UP, keyCode=KEYCODE_F1, scanCode=59, metaState=0, flags=0x8, repeatCount=0, eventTime=2465720, downTime=2465720, deviceId=1, source=0x101 }
12-20 15:29:33.954 I/UsageStatsService(  434): User[0] Flushing usage stats to disk
12-20 15:34:46.693 D/DefContainer( 1653): Copying /data/local/tmp/com.zhy.lierdafridge to base.apk
12-20 15:34:47.615 D/PackageManager(  434): Renaming /data/app/vmdl674997836.tmp to /data/app/com.zhy.lierdafridge-1
12-20 15:34:47.616 I/ActivityManagerService(  434): Force stopping com.zhy.lierdafridge appid=10055 user=-1: uninstall pkg
12-20 15:34:47.616 I/ActivityManagerService(  434): Killing 5837:com.zhy.lierdafridge/u0a55 (adj 13): stop com.zhy.lierdafridge
12-20 15:34:47.645 W/ActivityManagerService(  434): Scheduling restart of crashed service com.zhy.lierdafridge/.ControlService in 1000ms
