12-20 16:41:15.013 D/hwcomposer(  157): 	rect0: {695,0,720,1280}
12-20 16:41:15.013 D/hwcomposer(  157): layer=0xb652b758, layer name=NavigationBar, type=0, hints=00000000, flags=00000000, handle=0xb6472ac0, tr=04, blend=ff0105, {0,0,1280,48}, {0,0,48,1280}
12-20 16:41:15.013 D/hwcomposer(  157): 	rect0: {0,0,48,1280}
12-20 16:41:15.016 E/HAL     (15498): load: ++++++++++++TWM++++++++++++++++id path=gralloc
12-20 16:41:15.016 E/HAL     (15498): load: ++++++++++++TWM++++++++++++++++module path=/system/lib/hw/gralloc.rk30board.so
12-20 16:41:15.016 E/HAL     (15498): load: ++++++++++++TWM++++++++++++++++id path=gralloc
12-20 16:41:15.016 E/HAL     (15498): load: ++++++++++++TWM++++++++++++++++module path=/system/lib/hw/gralloc.rk30board.so
12-20 16:41:15.017 E/HAL     (15498): load: ++++++++++++TWM++++++++++++++++id path=gralloc
12-20 16:41:15.017 E/HAL     (15498): load: ++++++++++++TWM++++++++++++++++module path=/system/lib/hw/gralloc.rk30board.so
12-20 16:41:15.017 E/HAL     (15498): load: ++++++++++++TWM++++++++++++++++id path=gralloc
12-20 16:41:15.018 E/HAL     (15498): load: ++++++++++++TWM++++++++++++++++module path=/system/lib/hw/gralloc.rk30board.so
12-20 16:41:15.028 D/hwcomposer(  157): hwc_set(4025):Layers to set:
12-20 16:41:15.028 D/hwcomposer(  157): layer 0xb652b418 skipped
12-20 16:41:15.028 D/hwcomposer(  157): layer 0xb652b4e8 skipped
12-20 16:41:15.028 D/hwcomposer(  157): layer 0xb652b5b8 skipped
12-20 16:41:15.028 D/hwcomposer(  157): layer=0xb652b688, layer name=StatusBar, type=0, hints=00000000, flags=00000000, handle=0xb64726d0, tr=04, blend=ff0105, {0,0,1280,25}, {695,0,720,1280}
12-20 16:41:15.029 D/hwcomposer(  157): 	rect0: {695,0,720,1280}
12-20 16:41:15.029 D/hwcomposer(  157): layer=0xb652b758, layer name=NavigationBar, type=0, hints=00000000, flags=00000000, handle=0xb6472ac0, tr=04, blend=ff0105, {0,0,1280,48}, {0,0,48,1280}
12-20 16:41:15.029 D/hwcomposer(  157): 	rect0: {0,0,48,1280}
12-20 16:41:15.032 D/hwcomposer(  157): Skip 5 layer 
12-20 16:41:15.033 D/hwcomposer(  157): hwc_prepare(3273):Layers to prepare:
12-20 16:41:15.033 D/hwcomposer(  157): layer 0xb652b418 skipped
12-20 16:41:15.033 D/hwcomposer(  157): layer 0xb652b4e8 skipped
12-20 16:41:15.033 D/hwcomposer(  157): layer 0xb652b5b8 skipped
12-20 16:41:15.033 D/hwcomposer(  157): layer=0xb652b688, layer name=StatusBar, type=0, hints=00000000, flags=00000000, handle=0xb64726d0, tr=04, blend=ff0105, {0,0,1280,25}, {695,0,720,1280}
12-20 16:41:15.033 D/hwcomposer(  157): 	rect0: {695,0,720,1280}
12-20 16:41:15.033 D/hwcomposer(  157): layer=0xb652b758, layer name=NavigationBar, type=0, hints=00000000, flags=00000000, handle=0xb6472ac0, tr=04, blend=ff0105, {0,0,1280,48}, {0,0,48,1280}
12-20 16:41:15.033 D/hwcomposer(  157): 	rect0: {0,0,48,1280}
12-20 16:41:15.045 D/hwcomposer(  157): hwc_set(4025):Layers to set:
12-20 16:41:15.046 D/hwcomposer(  157): layer 0xb652b418 skipped
12-20 16:41:15.046 D/hwcomposer(  157): layer 0xb652b4e8 skipped
12-20 16:41:15.046 D/hwcomposer(  157): layer 0xb652b5b8 skipped
12-20 16:41:15.046 D/hwcomposer(  157): layer=0xb652b688, layer name=StatusBar, type=0, hints=00000000, flags=00000000, handle=0xb64726d0, tr=04, blend=ff0105, {0,0,1280,25}, {695,0,720,1280}
12-20 16:41:15.046 D/hwcomposer(  157): 	rect0: {695,0,720,1280}
12-20 16:41:15.046 D/hwcomposer(  157): layer=0xb652b758, layer name=NavigationBar, type=0, hints=00000000, flags=00000000, handle=0xb6472ac0, tr=04, blend=ff0105, {0,0,1280,48}, {0,0,48,1280}
12-20 16:41:15.046 D/hwcomposer(  157): 	rect0: {0,0,48,1280}
12-20 16:41:15.047 D/hwcomposer(  157): Skip 5 layer 
12-20 16:41:15.047 D/hwcomposer(  157): hwc_prepare(3273):Layers to prepare:
12-20 16:41:15.047 D/hwcomposer(  157): layer=0xb652b418, layer name=com.android.settings/com.android.settings.SubSettings, type=0, hints=00000000, flags=00000000, handle=0xb5c524e0, tr=04, blend=0100, {0,0,1280,720}, {0,0,720,1280}
12-20 16:41:15.047 D/hwcomposer(  157): 	rect0: {0,0,720,1280}
12-20 16:41:15.047 D/hwcomposer(  157): layer=0xb652b4e8, layer name=StatusBar, type=0, hints=00000000, flags=00000000, handle=0xb64726d0, tr=04, blend=ff0105, {0,0,1280,25}, {695,0,720,1280}
12-20 16:41:15.047 D/hwcomposer(  157): 	rect0: {695,0,720,1280}
12-20 16:41:15.047 D/hwcomposer(  157): layer=0xb652b5b8, layer name=NavigationBar, type=0, hints=00000000, flags=00000000, handle=0xb6472ac0, tr=04, blend=ff0105, {0,0,1280,48}, {0,0,48,1280}
12-20 16:41:15.047 D/hwcomposer(  157): 	rect0: {0,0,48,1280}
12-20 16:41:15.053 D/hwcomposer(  157): hwc_set(4025):Layers to set:
12-20 16:41:15.053 D/hwcomposer(  157): layer=0xb652b418, layer name=com.android.settings/com.android.settings.SubSettings, type=0, hints=00000000, flags=00000000, handle=0xb5c524e0, tr=04, blend=0100, {0,0,1280,720}, {0,0,720,1280}
12-20 16:41:15.053 D/hwcomposer(  157): 	rect0: {0,0,720,1280}
12-20 16:41:15.053 D/hwcomposer(  157): layer=0xb652b4e8, layer name=StatusBar, type=0, hints=00000000, flags=00000000, handle=0xb64726d0, tr=04, blend=ff0105, {0,0,1280,25}, {695,0,720,1280}
12-20 16:41:15.053 D/hwcomposer(  157): 	rect0: {695,0,720,1280}
12-20 16:41:15.053 D/hwcomposer(  157): layer=0xb652b5b8, layer name=NavigationBar, type=0, hints=00000000, flags=00000000, handle=0xb6472ac0, tr=04, blend=ff0105, {0,0,1280,48}, {0,0,48,1280}
12-20 16:41:15.053 D/hwcomposer(  157): 	rect0: {0,0,48,1280}
12-20 16:41:15.055 D/hwcomposer(  157): Skip 5 layer 
12-20 16:41:15.055 D/hwcomposer(  157): hwc_prepare(3273):Layers to prepare:
12-20 16:41:15.055 D/hwcomposer(  157): layer=0xb652b418, layer name=com.android.settings/com.android.settings.SubSettings, type=0, hints=00000000, flags=00000000, handle=0xb5c524e0, tr=04, blend=0100, {0,0,1280,720}, {0,0,720,1280}
12-20 16:41:15.055 D/hwcomposer(  157): 	rect0: {0,0,720,1280}
12-20 16:41:15.055 D/hwcomposer(  157): layer=0xb652b4e8, layer name=StatusBar, type=0, hints=00000000, flags=00000000, handle=0xb64726d0, tr=04, blend=ff0105, {0,0,1280,25}, {695,0,720,1280}
12-20 16:41:15.055 D/hwcomposer(  157): 	rect0: {695,0,720,1280}
12-20 16:41:15.055 D/hwcomposer(  157): layer=0xb652b5b8, layer name=NavigationBar, type=0, hints=00000000, flags=00000000, handle=0xb6472ac0, tr=04, blend=ff0105, {0,0,1280,48}, {0,0,48,1280}
12-20 16:41:15.055 D/hwcomposer(  157): 	rect0: {0,0,48,1280}
12-20 16:41:15.059 D/ViewRootImpl(15498): 1280<<<<<< BACK FROM relayoutnull
12-20 16:41:15.070 D/hwcomposer(  157): hwc_set(4025):Layers to set:
12-20 16:41:15.070 D/hwcomposer(  157): layer=0xb652b418, layer name=com.android.settings/com.android.settings.SubSettings, type=0, hints=00000000, flags=00000000, handle=0xb5c524e0, tr=04, blend=0100, {0,0,1280,720}, {0,0,720,1280}
12-20 16:41:15.070 D/hwcomposer(  157): 	rect0: {0,0,720,1280}
12-20 16:41:15.070 D/hwcomposer(  157): layer=0xb652b4e8, layer name=StatusBar, type=0, hints=00000000, flags=00000000, handle=0xb64726d0, tr=04, blend=ff0105, {0,0,1280,25}, {695,0,720,1280}
12-20 16:41:15.070 D/hwcomposer(  157): 	rect0: {695,0,720,1280}
12-20 16:41:15.070 D/hwcomposer(  157): layer=0xb652b5b8, layer name=NavigationBar, type=0, hints=00000000, flags=00000000, handle=0xb6472ac0, tr=04, blend=ff0105, {0,0,1280,48}, {0,0,48,1280}
12-20 16:41:15.070 D/hwcomposer(  157): 	rect0: {0,0,48,1280}
12-20 16:41:15.074 D/hwcomposer(  157): Skip 5 layer 
12-20 16:41:15.074 D/hwcomposer(  157): hwc_prepare(3273):Layers to prepare:
12-20 16:41:15.074 D/hwcomposer(  157): layer=0xb652b418, layer name=com.android.settings/com.android.settings.SubSettings, type=0, hints=00000000, flags=00000000, handle=0xb5c524e0, tr=04, blend=0100, {0,0,1280,720}, {0,0,720,1280}
12-20 16:41:15.074 D/hwcomposer(  157): 	rect0: {0,0,720,1280}
12-20 16:41:15.074 D/hwcomposer(  157): layer=0xb652b4e8, layer name=StatusBar, type=0, hints=00000000, flags=00000000, handle=0xb64726d0, tr=04, blend=ff0105, {0,0,1280,25}, {695,0,720,1280}
12-20 16:41:15.075 D/hwcomposer(  157): 	rect0: {695,0,720,1280}
12-20 16:41:15.075 D/hwcomposer(  157): layer=0xb652b5b8, layer name=NavigationBar, type=0, hints=00000000, flags=00000000, handle=0xb6472ac0, tr=04, blend=ff0105, {0,0,1280,48}, {0,0,48,1280}
12-20 16:41:15.075 D/hwcomposer(  157): 	rect0: {0,0,48,1280}
12-20 16:41:15.087 D/hwcomposer(  157): hwc_set(4025):Layers to set:
12-20 16:41:15.087 D/hwcomposer(  157): layer=0xb652b418, layer name=com.android.settings/com.android.settings.SubSettings, type=0, hints=00000000, flags=00000000, handle=0xb5c524e0, tr=04, blend=0100, {0,0,1280,720}, {0,0,720,1280}
12-20 16:41:15.087 D/hwcomposer(  157): 	rect0: {0,0,720,1280}
12-20 16:41:15.087 D/hwcomposer(  157): layer=0xb652b4e8, layer name=StatusBar, type=0, hints=00000000, flags=00000000, handle=0xb64726d0, tr=04, blend=ff0105, {0,0,1280,25}, {695,0,720,1280}
12-20 16:41:15.087 D/hwcomposer(  157): 	rect0: {695,0,720,1280}
12-20 16:41:15.087 D/hwcomposer(  157): layer=0xb652b5b8, layer name=NavigationBar, type=0, hints=00000000, flags=00000000, handle=0xb6472ac0, tr=04, blend=ff0105, {0,0,1280,48}, {0,0,48,1280}
12-20 16:41:15.087 D/hwcomposer(  157): 	rect0: {0,0,48,1280}
12-20 16:41:15.108 D/ViewRootImpl(15498): 1280<<<<<< BACK FROM relayoutWM.LayoutParams{(0,0)(fillxfill)mPosX=0mPosY=0mHScale=1.0mVScale=1.0 align=UNDEFINE taskId=129 sim=#20 ty=1 fl=#81810100 wanim=0x1030469 surfaceInsets=Rect(0, 0 - 0, 0) needsMenuKey=2packageName=com.android.settingstoken=android.os.BinderProxy@e6aa3a1}
12-20 16:41:15.770 E/HAL     (15498): load: ++++++++++++TWM++++++++++++++++id path=gralloc
12-20 16:41:15.770 E/HAL     (15498): load: ++++++++++++TWM++++++++++++++++module path=/system/lib/hw/gralloc.rk30board.so
12-20 16:41:15.785 E/WifiStateMachine(  434): WifiStateMachine CMD_START_SCAN source -2 txSuccessRate=474.05 rxSuccessRate=443.03 targetRoamBSSID=d4:ee:07:29:bc:ea RSSI=-48
12-20 16:41:15.785 E/WifiStateMachine(  434): startDelayedScan send -> 346 milli 20000
12-20 16:41:15.785 E/HAL     (  157): load: ++++++++++++TWM++++++++++++++++id path=gralloc
12-20 16:41:15.785 E/WifiStateMachine(  434): WifiStateMachine CMD_START_SCAN with age=2980441 interval=341718 maxinterval=300000
12-20 16:41:15.785 E/HAL     (  157): load: ++++++++++++TWM++++++++++++++++module path=/system/lib/hw/gralloc.rk30board.so
12-20 16:41:15.786 E/WifiStateMachine(  434): WifiStateMachine CMD_START_SCAN try full band scan age=2980441 interval=341718 maxinterval=300000
12-20 16:41:15.786 E/WifiStateMachine(  434): WifiStateMachine CMD_START_SCAN prevent full band scan due to pkt rate
12-20 16:41:15.786 D/hwcomposer(  157): Skip 5 layer 
12-20 16:41:15.786 D/hwcomposer(  157): hwc_prepare(3273):Layers to prepare:
12-20 16:41:15.786 D/hwcomposer(  157): layer=0xb652b418, layer name=com.android.settings/com.android.settings.SubSettings, type=0, hints=00000000, flags=00000000, handle=0xb5c52550, tr=04, blend=0100, {0,0,1280,720}, {0,0,720,1280}
12-20 16:41:15.786 D/hwcomposer(  157): 	rect0: {0,0,720,1280}
12-20 16:41:15.786 D/hwcomposer(  157): layer=0xb652b4e8, layer name=StatusBar, type=0, hints=00000000, flags=00000000, handle=0xb64726d0, tr=04, blend=ff0105, {0,0,1280,25}, {695,0,720,1280}
12-20 16:41:15.786 D/hwcomposer(  157): 	rect0: {695,0,720,1280}
12-20 16:41:15.786 D/hwcomposer(  157): layer=0xb652b5b8, layer name=NavigationBar, type=0, hints=00000000, flags=00000000, handle=0xb6472ac0, tr=04, blend=ff0105, {0,0,1280,48}, {0,0,48,1280}
12-20 16:41:15.786 D/hwcomposer(  157): 	rect0: {0,0,48,1280}
12-20 16:41:15.786 E/WifiStateMachine(  434): WifiStateMachine CMD_START_SCAN source -2 ...and ignore scans tx=474.05 rx=443.03
12-20 16:41:15.792 D/hwcomposer(  157): hwc_set(4025):Layers to set:
12-20 16:41:15.792 D/hwcomposer(  157): layer=0xb652b418, layer name=com.android.settings/com.android.settings.SubSettings, type=0, hints=00000000, flags=00000000, handle=0xb5c52550, tr=04, blend=0100, {0,0,1280,720}, {0,0,720,1280}
12-20 16:41:15.792 D/hwcomposer(  157): 	rect0: {0,0,720,1280}
12-20 16:41:15.792 D/hwcomposer(  157): layer=0xb652b4e8, layer name=StatusBar, type=0, hints=00000000, flags=00000000, handle=0xb64726d0, tr=04, blend=ff0105, {0,0,1280,25}, {695,0,720,1280}
12-20 16:41:15.792 D/hwcomposer(  157): 	rect0: {695,0,720,1280}
12-20 16:41:15.792 D/hwcomposer(  157): layer=0xb652b5b8, layer name=NavigationBar, type=0, hints=00000000, flags=00000000, handle=0xb6472ac0, tr=04, blend=ff0105, {0,0,1280,48}, {0,0,48,1280}
12-20 16:41:15.792 D/hwcomposer(  157): 	rect0: {0,0,48,1280}
12-20 16:41:15.795 E/HAL     (15498): load: ++++++++++++TWM++++++++++++++++id path=gralloc
12-20 16:41:15.795 E/HAL     (15498): load: ++++++++++++TWM++++++++++++++++module path=/system/lib/hw/gralloc.rk30board.so
12-20 16:41:15.802 E/HAL     (  157): load: ++++++++++++TWM++++++++++++++++id path=gralloc
12-20 16:41:15.802 E/HAL     (  157): load: ++++++++++++TWM++++++++++++++++module path=/system/lib/hw/gralloc.rk30board.so
12-20 16:41:15.803 D/hwcomposer(  157): Skip 5 layer 
12-20 16:41:15.803 D/hwcomposer(  157): hwc_prepare(3273):Layers to prepare:
12-20 16:41:15.803 D/hwcomposer(  157): layer=0xb652b418, layer name=com.android.settings/com.android.settings.SubSettings, type=0, hints=00000000, flags=00000000, handle=0xb5c525c0, tr=04, blend=0100, {0,0,1280,720}, {0,0,720,1280}
12-20 16:41:15.803 D/hwcomposer(  157): 	rect0: {0,0,720,1280}
12-20 16:41:15.803 D/hwcomposer(  157): layer=0xb652b4e8, layer name=StatusBar, type=0, hints=00000000, flags=00000000, handle=0xb64726d0, tr=04, blend=ff0105, {0,0,1280,25}, {695,0,720,1280}
12-20 16:41:15.803 D/hwcomposer(  157): 	rect0: {695,0,720,1280}
12-20 16:41:15.804 D/hwcomposer(  157): layer=0xb652b5b8, layer name=NavigationBar, type=0, hints=00000000, flags=00000000, handle=0xb6472ac0, tr=04, blend=ff0105, {0,0,1280,48}, {0,0,48,1280}
12-20 16:41:15.804 D/hwcomposer(  157): 	rect0: {0,0,48,1280}
12-20 16:41:15.810 D/hwcomposer(  157): hwc_set(4025):Layers to set:
12-20 16:41:15.810 D/hwcomposer(  157): layer=0xb652b418, layer name=com.android.settings/com.android.settings.SubSettings, type=0, hints=00000000, flags=00000000, handle=0xb5c525c0, tr=04, blend=0100, {0,0,1280,720}, {0,0,720,1280}
12-20 16:41:15.810 D/hwcomposer(  157): 	rect0: {0,0,720,1280}
12-20 16:41:15.810 D/hwcomposer(  157): layer=0xb652b4e8, layer name=StatusBar, type=0, hints=00000000, flags=00000000, handle=0xb64726d0, tr=04, blend=ff0105, {0,0,1280,25}, {695,0,720,1280}
12-20 16:41:15.810 D/hwcomposer(  157): 	rect0: {695,0,720,1280}
12-20 16:41:15.810 D/hwcomposer(  157): layer=0xb652b5b8, layer name=NavigationBar, type=0, hints=00000000, flags=00000000, handle=0xb6472ac0, tr=04, blend=ff0105, {0,0,1280,48}, {0,0,48,1280}
12-20 16:41:15.810 D/hwcomposer(  157): 	rect0: {0,0,48,1280}
12-20 16:41:15.820 D/hwcomposer(  157): Skip 5 layer 
12-20 16:41:15.820 D/hwcomposer(  157): hwc_prepare(3273):Layers to prepare:
12-20 16:41:15.820 D/hwcomposer(  157): layer=0xb652b418, layer name=com.android.settings/com.android.settings.SubSettings, type=0, hints=00000000, flags=00000000, handle=0xb6471860, tr=04, blend=0100, {0,0,1280,720}, {0,0,720,1280}
12-20 16:41:15.820 D/hwcomposer(  157): 	rect0: {0,0,720,1280}
12-20 16:41:15.820 D/hwcomposer(  157): layer=0xb652b4e8, layer name=StatusBar, type=0, hints=00000000, flags=00000000, handle=0xb64726d0, tr=04, blend=ff0105, {0,0,1280,25}, {695,0,720,1280}
12-20 16:41:15.820 D/hwcomposer(  157): 	rect0: {695,0,720,1280}
12-20 16:41:15.820 D/hwcomposer(  157): layer=0xb652b5b8, layer name=NavigationBar, type=0, hints=00000000, flags=00000000, handle=0xb6472ac0, tr=04, blend=ff0105, {0,0,1280,48}, {0,0,48,1280}
12-20 16:41:15.820 D/hwcomposer(  157): 	rect0: {0,0,48,1280}
12-20 16:41:15.826 D/hwcomposer(  157): hwc_set(4025):Layers to set:
12-20 16:41:15.826 D/hwcomposer(  157): layer=0xb652b418, layer name=com.android.settings/com.android.settings.SubSettings, type=0, hints=00000000, flags=00000000, handle=0xb6471860, tr=04, blend=0100, {0,0,1280,720}, {0,0,720,1280}
12-20 16:41:15.826 D/hwcomposer(  157): 	rect0: {0,0,720,1280}
12-20 16:41:15.826 D/hwcomposer(  157): layer=0xb652b4e8, layer name=StatusBar, type=0, hints=00000000, flags=00000000, handle=0xb64726d0, tr=04, blend=ff0105, {0,0,1280,25}, {695,0,720,1280}
12-20 16:41:15.826 D/hwcomposer(  157): 	rect0: {695,0,720,1280}
12-20 16:41:15.827 D/hwcomposer(  157): layer=0xb652b5b8, layer name=NavigationBar, type=0, hints=00000000, flags=00000000, handle=0xb6472ac0, tr=04, blend=ff0105, {0,0,1280,48}, {0,0,48,1280}
12-20 16:41:15.827 D/hwcomposer(  157): 	rect0: {0,0,48,1280}
12-20 16:41:15.837 D/hwcomposer(  157): Skip 5 layer 
12-20 16:41:15.838 D/hwcomposer(  157): hwc_prepare(3273):Layers to prepare:
12-20 16:41:15.838 D/hwcomposer(  157): layer=0xb652b418, layer name=com.android.settings/com.android.settings.SubSettings, type=0, hints=00000000, flags=00000000, handle=0xb5c524e0, tr=04, blend=0100, {0,0,1280,720}, {0,0,720,1280}
12-20 16:41:15.838 D/hwcomposer(  157): 	rect0: {0,0,720,1280}
12-20 16:41:15.838 D/hwcomposer(  157): layer=0xb652b4e8, layer name=StatusBar, type=0, hints=00000000, flags=00000000, handle=0xb64726d0, tr=04, blend=ff0105, {0,0,1280,25}, {695,0,720,1280}
12-20 16:41:15.838 D/hwcomposer(  157): 	rect0: {695,0,720,1280}
12-20 16:41:15.838 D/hwcomposer(  157): layer=0xb652b5b8, layer name=NavigationBar, type=0, hints=00000000, flags=00000000, handle=0xb6472ac0, tr=04, blend=ff0105, {0,0,1280,48}, {0,0,48,1280}
12-20 16:41:15.838 D/hwcomposer(  157): 	rect0: {0,0,48,1280}
12-20 16:41:15.845 D/hwcomposer(  157): hwc_set(4025):Layers to set:
12-20 16:41:15.845 D/hwcomposer(  157): layer=0xb652b418, layer name=com.android.settings/com.android.settings.SubSettings, type=0, hints=00000000, flags=00000000, handle=0xb5c524e0, tr=04, blend=0100, {0,0,1280,720}, {0,0,720,1280}
12-20 16:41:15.845 D/hwcomposer(  157): 	rect0: {0,0,720,1280}
12-20 16:41:15.845 D/hwcomposer(  157): layer=0xb652b4e8, layer name=StatusBar, type=0, hints=00000000, flags=00000000, handle=0xb64726d0, tr=04, blend=ff0105, {0,0,1280,25}, {695,0,720,1280}
12-20 16:41:15.845 D/hwcomposer(  157): 	rect0: {695,0,720,1280}
12-20 16:41:15.845 D/hwcomposer(  157): layer=0xb652b5b8, layer name=NavigationBar, type=0, hints=00000000, flags=00000000, handle=0xb6472ac0, tr=04, blend=ff0105, {0,0,1280,48}, {0,0,48,1280}
12-20 16:41:15.845 D/hwcomposer(  157): 	rect0: {0,0,48,1280}
12-20 16:41:15.854 D/hwcomposer(  157): Skip 5 layer 
12-20 16:41:15.854 D/hwcomposer(  157): hwc_prepare(3273):Layers to prepare:
12-20 16:41:15.854 D/hwcomposer(  157): layer=0xb652b418, layer name=com.android.settings/com.android.settings.SubSettings, type=0, hints=00000000, flags=00000000, handle=0xb5c52550, tr=04, blend=0100, {0,0,1280,720}, {0,0,720,1280}
12-20 16:41:15.854 D/hwcomposer(  157): 	rect0: {0,0,720,1280}
12-20 16:41:15.854 D/hwcomposer(  157): layer=0xb652b4e8, layer name=StatusBar, type=0, hints=00000000, flags=00000000, handle=0xb64726d0, tr=04, blend=ff0105, {0,0,1280,25}, {695,0,720,1280}
12-20 16:41:15.855 D/hwcomposer(  157): 	rect0: {695,0,720,1280}
12-20 16:41:15.855 D/hwcomposer(  157): layer=0xb652b5b8, layer name=NavigationBar, type=0, hints=00000000, flags=00000000, handle=0xb6472ac0, tr=04, blend=ff0105, {0,0,1280,48}, {0,0,48,1280}
12-20 16:41:15.855 D/hwcomposer(  157): 	rect0: {0,0,48,1280}
12-20 16:41:15.859 W/AudioTrack(  434): AUDIO_OUTPUT_FLAG_FAST denied by client
12-20 16:41:15.861 E/blb     (15498): ----------------------------------------------------------------------------------FragmentManager{1cb2d7df in ToggleAccessibilityServicePreferenceFragment{b660c2c}}
12-20 16:41:15.861 D/hwcomposer(  157): hwc_set(4025):Layers to set:
12-20 16:41:15.861 D/hwcomposer(  157): layer=0xb652b418, layer name=com.android.settings/com.android.settings.SubSettings, type=0, hints=00000000, flags=00000000, handle=0xb5c52550, tr=04, blend=0100, {0,0,1280,720}, {0,0,720,1280}
12-20 16:41:15.861 D/hwcomposer(  157): 	rect0: {0,0,720,1280}
12-20 16:41:15.861 D/hwcomposer(  157): layer=0xb652b4e8, layer name=StatusBar, type=0, hints=00000000, flags=00000000, handle=0xb64726d0, tr=04, blend=ff0105, {0,0,1280,25}, {695,0,720,1280}
12-20 16:41:15.861 D/hwcomposer(  157): 	rect0: {695,0,720,1280}
12-20 16:41:15.861 D/hwcomposer(  157): layer=0xb652b5b8, layer name=NavigationBar, type=0, hints=00000000, flags=00000000, handle=0xb6472ac0, tr=04, blend=ff0105, {0,0,1280,48}, {0,0,48,1280}
12-20 16:41:15.861 D/hwcomposer(  157): 	rect0: {0,0,48,1280}
12-20 16:41:15.872 D/hwcomposer(  157): Skip 5 layer 
12-20 16:41:15.873 D/hwcomposer(  157): hwc_prepare(3273):Layers to prepare:
12-20 16:41:15.873 D/hwcomposer(  157): layer=0xb652b418, layer name=com.android.settings/com.android.settings.SubSettings, type=0, hints=00000000, flags=00000000, handle=0xb5c525c0, tr=04, blend=0100, {0,0,1280,720}, {0,0,720,1280}
12-20 16:41:15.873 D/hwcomposer(  157): 	rect0: {0,0,720,1280}
12-20 16:41:15.873 D/hwcomposer(  157): layer=0xb652b4e8, layer name=StatusBar, type=0, hints=00000000, flags=00000000, handle=0xb64726d0, tr=04, blend=ff0105, {0,0,1280,25}, {695,0,720,1280}
12-20 16:41:15.873 D/hwcomposer(  157): 	rect0: {695,0,720,1280}
12-20 16:41:15.873 D/hwcomposer(  157): layer=0xb652b5b8, layer name=NavigationBar, type=0, hints=00000000, flags=00000000, handle=0xb6472ac0, tr=04, blend=ff0105, {0,0,1280,48}, {0,0,48,1280}
12-20 16:41:15.873 D/hwcomposer(  157): 	rect0: {0,0,48,1280}
12-20 16:41:15.879 D/hwcomposer(  157): hwc_set(4025):Layers to set:
12-20 16:41:15.879 D/hwcomposer(  157): layer=0xb652b418, layer name=com.android.settings/com.android.settings.SubSettings, type=0, hints=00000000, flags=00000000, handle=0xb5c525c0, tr=04, blend=0100, {0,0,1280,720}, {0,0,720,1280}
12-20 16:41:15.879 D/hwcomposer(  157): 	rect0: {0,0,720,1280}
12-20 16:41:15.879 D/hwcomposer(  157): layer=0xb652b4e8, layer name=StatusBar, type=0, hints=00000000, flags=00000000, handle=0xb64726d0, tr=04, blend=ff0105, {0,0,1280,25}, {695,0,720,1280}
12-20 16:41:15.879 D/hwcomposer(  157): 	rect0: {695,0,720,1280}
12-20 16:41:15.879 D/hwcomposer(  157): layer=0xb652b5b8, layer name=NavigationBar, type=0, hints=00000000, flags=00000000, handle=0xb6472ac0, tr=04, blend=ff0105, {0,0,1280,48}, {0,0,48,1280}
12-20 16:41:15.879 D/hwcomposer(  157): 	rect0: {0,0,48,1280}
12-20 16:41:15.880 D/VoldCmdListener(  156): cryptfs cryptocomplete
12-20 16:41:15.880 E/Cryptfs (  156): not running with encryption, aborting
12-20 16:41:15.898 D/PhoneWindow(15498): DecorView - SCREEN_WEITH = 1280 - SCREE_HEIGHT = 672
12-20 16:41:15.905 D/hwcomposer(  157): Skip 5 layer 
12-20 16:41:15.906 D/hwcomposer(  157): hwc_prepare(3273):Layers to prepare:
12-20 16:41:15.906 D/hwcomposer(  157): layer=0xb652b418, layer name=com.android.settings/com.android.settings.SubSettings, type=0, hints=00000000, flags=00000000, handle=0xb6471860, tr=04, blend=0100, {0,0,1280,720}, {0,0,720,1280}
12-20 16:41:15.906 D/hwcomposer(  157): 	rect0: {0,0,720,1280}
12-20 16:41:15.906 D/hwcomposer(  157): layer=0xb652b4e8, layer name=StatusBar, type=0, hints=00000000, flags=00000000, handle=0xb64726d0, tr=04, blend=ff0105, {0,0,1280,25}, {695,0,720,1280}
12-20 16:41:15.906 D/hwcomposer(  157): 	rect0: {695,0,720,1280}
12-20 16:41:15.906 D/hwcomposer(  157): layer=0xb652b5b8, layer name=NavigationBar, type=0, hints=00000000, flags=00000000, handle=0xb6472ac0, tr=04, blend=ff0105, {0,0,1280,48}, {0,0,48,1280}
12-20 16:41:15.906 D/hwcomposer(  157): 	rect0: {0,0,48,1280}
12-20 16:41:15.912 D/hwcomposer(  157): hwc_set(4025):Layers to set:
12-20 16:41:15.912 D/hwcomposer(  157): layer=0xb652b418, layer name=com.android.settings/com.android.settings.SubSettings, type=0, hints=00000000, flags=00000000, handle=0xb6471860, tr=04, blend=0100, {0,0,1280,720}, {0,0,720,1280}
12-20 16:41:15.912 D/hwcomposer(  157): 	rect0: {0,0,720,1280}
12-20 16:41:15.912 D/hwcomposer(  157): layer=0xb652b4e8, layer name=StatusBar, type=0, hints=00000000, flags=00000000, handle=0xb64726d0, tr=04, blend=ff0105, {0,0,1280,25}, {695,0,720,1280}
12-20 16:41:15.912 D/hwcomposer(  157): 	rect0: {695,0,720,1280}
12-20 16:41:15.912 D/hwcomposer(  157): layer=0xb652b5b8, layer name=NavigationBar, type=0, hints=00000000, flags=00000000, handle=0xb6472ac0, tr=04, blend=ff0105, {0,0,1280,48}, {0,0,48,1280}
12-20 16:41:15.912 D/hwcomposer(  157): 	rect0: {0,0,48,1280}
12-20 16:41:15.922 D/hwcomposer(  157): Skip 5 layer 
12-20 16:41:15.923 D/hwcomposer(  157): hwc_prepare(3273):Layers to prepare:
12-20 16:41:15.923 D/hwcomposer(  157): layer=0xb652b418, layer name=com.android.settings/com.android.settings.SubSettings, type=0, hints=00000000, flags=00000000, handle=0xb5c524e0, tr=04, blend=0100, {0,0,1280,720}, {0,0,720,1280}
12-20 16:41:15.923 D/hwcomposer(  157): 	rect0: {0,0,720,1280}
12-20 16:41:15.923 D/hwcomposer(  157): layer=0xb652b4e8, layer name=StatusBar, type=0, hints=00000000, flags=00000000, handle=0xb64726d0, tr=04, blend=ff0105, {0,0,1280,25}, {695,0,720,1280}
12-20 16:41:15.923 D/hwcomposer(  157): 	rect0: {695,0,720,1280}
12-20 16:41:15.923 D/hwcomposer(  157): layer=0xb652b5b8, layer name=NavigationBar, type=0, hints=00000000, flags=00000000, handle=0xb6472ac0, tr=04, blend=ff0105, {0,0,1280,48}, {0,0,48,1280}
12-20 16:41:15.923 D/hwcomposer(  157): 	rect0: {0,0,48,1280}
12-20 16:41:15.929 D/hwcomposer(  157): hwc_set(4025):Layers to set:
12-20 16:41:15.929 D/hwcomposer(  157): layer=0xb652b418, layer name=com.android.settings/com.android.settings.SubSettings, type=0, hints=00000000, flags=00000000, handle=0xb5c524e0, tr=04, blend=0100, {0,0,1280,720}, {0,0,720,1280}
12-20 16:41:15.929 D/hwcomposer(  157): 	rect0: {0,0,720,1280}
12-20 16:41:15.929 D/hwcomposer(  157): layer=0xb652b4e8, layer name=StatusBar, type=0, hints=00000000, flags=00000000, handle=0xb64726d0, tr=04, blend=ff0105, {0,0,1280,25}, {695,0,720,1280}
12-20 16:41:15.929 D/hwcomposer(  157): 	rect0: {695,0,720,1280}
12-20 16:41:15.929 D/hwcomposer(  157): layer=0xb652b5b8, layer name=NavigationBar, type=0, hints=00000000, flags=00000000, handle=0xb6472ac0, tr=04, blend=ff0105, {0,0,1280,48}, {0,0,48,1280}
12-20 16:41:15.929 D/hwcomposer(  157): 	rect0: {0,0,48,1280}
12-20 16:41:15.939 V/WindowManagerService(  434): not Base app: Adding window Window{c4e68ec u0 com.android.settings/com.android.settings.SubSettings} at 7 of 13
12-20 16:41:15.940 D/hwcomposer(  157): Skip 5 layer 
12-20 16:41:15.940 D/hwcomposer(  157): hwc_prepare(3273):Layers to prepare:
12-20 16:41:15.940 D/hwcomposer(  157): layer=0xb652b418, layer name=com.android.settings/com.android.settings.SubSettings, type=0, hints=00000000, flags=00000000, handle=0xb5c52550, tr=04, blend=0100, {0,0,1280,720}, {0,0,720,1280}
12-20 16:41:15.940 D/hwcomposer(  157): 	rect0: {0,0,720,1280}
12-20 16:41:15.940 D/hwcomposer(  157): layer=0xb652b4e8, layer name=StatusBar, type=0, hints=00000000, flags=00000000, handle=0xb64726d0, tr=04, blend=ff0105, {0,0,1280,25}, {695,0,720,1280}
12-20 16:41:15.940 D/hwcomposer(  157): 	rect0: {695,0,720,1280}
12-20 16:41:15.940 D/hwcomposer(  157): layer=0xb652b5b8, layer name=NavigationBar, type=0, hints=00000000, flags=00000000, handle=0xb6472ac0, tr=04, blend=ff0105, {0,0,1280,48}, {0,0,48,1280}
12-20 16:41:15.940 D/hwcomposer(  157): 	rect0: {0,0,48,1280}
12-20 16:41:15.941 D/WindowManagerService(  434): Window{c4e68ec u0 com.android.settings/com.android.settings.SubSettings}  ==========setInputFocusLw ==========  =======
12-20 16:41:15.947 D/hwcomposer(  157): hwc_set(4025):Layers to set:
12-20 16:41:15.948 D/hwcomposer(  157): layer=0xb652b418, layer name=com.android.settings/com.android.settings.SubSettings, type=0, hints=00000000, flags=00000000, handle=0xb5c52550, tr=04, blend=0100, {0,0,1280,720}, {0,0,720,1280}
12-20 16:41:15.948 D/hwcomposer(  157): 	rect0: {0,0,720,1280}
12-20 16:41:15.948 D/hwcomposer(  157): layer=0xb652b4e8, layer name=StatusBar, type=0, hints=00000000, flags=00000000, handle=0xb64726d0, tr=04, blend=ff0105, {0,0,1280,25}, {695,0,720,1280}
12-20 16:41:15.948 D/hwcomposer(  157): 	rect0: {695,0,720,1280}
12-20 16:41:15.948 D/hwcomposer(  157): layer=0xb652b5b8, layer name=NavigationBar, type=0, hints=00000000, flags=00000000, handle=0xb6472ac0, tr=04, blend=ff0105, {0,0,1280,48}, {0,0,48,1280}
12-20 16:41:15.948 D/hwcomposer(  157): 	rect0: {0,0,48,1280}
12-20 16:41:15.954 D/ViewRootImpl(15498): onAttachToWindow register content observer attrs=WM.LayoutParams{(0,0)(wrapxwrap)mPosX=0mPosY=0mHScale=1.0mVScale=1.0 align=UNDEFINE taskId=-1 gr=#ffffffff sim=#110 ty=2 fl=#1860002 fmt=-3 wanim=0x103046a surfaceInsets=Rect(32, 32 - 32, 32) needsMenuKey=2packageName=com.android.settingstoken=android.os.BinderProxy@3f3a312a}
12-20 16:41:15.957 D/hwcomposer(  157): Skip 5 layer 
12-20 16:41:15.957 D/hwcomposer(  157): hwc_prepare(3273):Layers to prepare:
12-20 16:41:15.957 D/hwcomposer(  157): layer=0xb652b418, layer name=com.android.settings/com.android.settings.SubSettings, type=0, hints=00000000, flags=00000000, handle=0xb5c525c0, tr=04, blend=0100, {0,0,1280,720}, {0,0,720,1280}
12-20 16:41:15.957 D/hwcomposer(  157): 	rect0: {0,0,720,1280}
12-20 16:41:15.957 D/hwcomposer(  157): layer=0xb652b4e8, layer name=StatusBar, type=0, hints=00000000, flags=00000000, handle=0xb64726d0, tr=04, blend=ff0105, {0,0,1280,25}, {695,0,720,1280}
12-20 16:41:15.957 D/hwcomposer(  157): 	rect0: {695,0,720,1280}
12-20 16:41:15.957 D/hwcomposer(  157): layer=0xb652b5b8, layer name=NavigationBar, type=0, hints=00000000, flags=00000000, handle=0xb6472ac0, tr=04, blend=ff0105, {0,0,1280,48}, {0,0,48,1280}
12-20 16:41:15.958 D/hwcomposer(  157): 	rect0: {0,0,48,1280}
12-20 16:41:15.966 D/hwcomposer(  157): hwc_set(4025):Layers to set:
12-20 16:41:15.966 D/hwcomposer(  157): layer=0xb652b418, layer name=com.android.settings/com.android.settings.SubSettings, type=0, hints=00000000, flags=00000000, handle=0xb5c525c0, tr=04, blend=0100, {0,0,1280,720}, {0,0,720,1280}
12-20 16:41:15.966 D/hwcomposer(  157): 	rect0: {0,0,720,1280}
12-20 16:41:15.966 D/hwcomposer(  157): layer=0xb652b4e8, layer name=StatusBar, type=0, hints=00000000, flags=00000000, handle=0xb64726d0, tr=04, blend=ff0105, {0,0,1280,25}, {695,0,720,1280}
12-20 16:41:15.966 D/hwcomposer(  157): 	rect0: {695,0,720,1280}
12-20 16:41:15.966 D/hwcomposer(  157): layer=0xb652b5b8, layer name=NavigationBar, type=0, hints=00000000, flags=00000000, handle=0xb6472ac0, tr=04, blend=ff0105, {0,0,1280,48}, {0,0,48,1280}
12-20 16:41:15.966 D/hwcomposer(  157): 	rect0: {0,0,48,1280}
12-20 16:41:15.974 D/hwcomposer(  157): Skip 5 layer 
12-20 16:41:15.974 D/hwcomposer(  157): hwc_prepare(3273):Layers to prepare:
12-20 16:41:15.974 D/hwcomposer(  157): layer=0xb652b418, layer name=com.android.settings/com.android.settings.SubSettings, type=0, hints=00000000, flags=00000000, handle=0xb6471860, tr=04, blend=0100, {0,0,1280,720}, {0,0,720,1280}
12-20 16:41:15.974 D/hwcomposer(  157): 	rect0: {0,0,720,1280}
12-20 16:41:15.974 D/hwcomposer(  157): layer=0xb652b4e8, layer name=StatusBar, type=0, hints=00000000, flags=00000000, handle=0xb64726d0, tr=04, blend=ff0105, {0,0,1280,25}, {695,0,720,1280}
12-20 16:41:15.974 D/hwcomposer(  157): 	rect0: {695,0,720,1280}
12-20 16:41:15.974 D/hwcomposer(  157): layer=0xb652b5b8, layer name=NavigationBar, type=0, hints=00000000, flags=00000000, handle=0xb6472ac0, tr=04, blend=ff0105, {0,0,1280,48}, {0,0,48,1280}
12-20 16:41:15.974 D/hwcomposer(  157): 	rect0: {0,0,48,1280}
12-20 16:41:15.981 D/hwcomposer(  157): hwc_set(4025):Layers to set:
12-20 16:41:15.981 D/hwcomposer(  157): layer=0xb652b418, layer name=com.android.settings/com.android.settings.SubSettings, type=0, hints=00000000, flags=00000000, handle=0xb6471860, tr=04, blend=0100, {0,0,1280,720}, {0,0,720,1280}
12-20 16:41:15.981 D/hwcomposer(  157): 	rect0: {0,0,720,1280}
12-20 16:41:15.981 D/hwcomposer(  157): layer=0xb652b4e8, layer name=StatusBar, type=0, hints=00000000, flags=00000000, handle=0xb64726d0, tr=04, blend=ff0105, {0,0,1280,25}, {695,0,720,1280}
12-20 16:41:15.981 D/hwcomposer(  157): 	rect0: {695,0,720,1280}
12-20 16:41:15.982 D/hwcomposer(  157): layer=0xb652b5b8, layer name=NavigationBar, type=0, hints=00000000, flags=00000000, handle=0xb6472ac0, tr=04, blend=ff0105, {0,0,1280,48}, {0,0,48,1280}
12-20 16:41:15.982 D/hwcomposer(  157): 	rect0: {0,0,48,1280}
12-20 16:41:15.992 D/hwcomposer(  157): Skip 5 layer 
12-20 16:41:15.992 D/hwcomposer(  157): hwc_prepare(3273):Layers to prepare:
12-20 16:41:15.992 D/hwcomposer(  157): layer=0xb652b418, layer name=com.android.settings/com.android.settings.SubSettings, type=0, hints=00000000, flags=00000000, handle=0xb5c524e0, tr=04, blend=0100, {0,0,1280,720}, {0,0,720,1280}
12-20 16:41:15.992 D/hwcomposer(  157): 	rect0: {0,0,720,1280}
12-20 16:41:15.992 D/hwcomposer(  157): layer=0xb652b4e8, layer name=StatusBar, type=0, hints=00000000, flags=00000000, handle=0xb64726d0, tr=04, blend=ff0105, {0,0,1280,25}, {695,0,720,1280}
12-20 16:41:15.992 D/hwcomposer(  157): 	rect0: {695,0,720,1280}
12-20 16:41:15.992 D/hwcomposer(  157): layer=0xb652b5b8, layer name=NavigationBar, type=0, hints=00000000, flags=00000000, handle=0xb6472ac0, tr=04, blend=ff0105, {0,0,1280,48}, {0,0,48,1280}
12-20 16:41:15.992 D/hwcomposer(  157): 	rect0: {0,0,48,1280}
12-20 16:41:15.998 D/hwcomposer(  157): hwc_set(4025):Layers to set:
12-20 16:41:15.998 D/hwcomposer(  157): layer=0xb652b418, layer name=com.android.settings/com.android.settings.SubSettings, type=0, hints=00000000, flags=00000000, handle=0xb5c524e0, tr=04, blend=0100, {0,0,1280,720}, {0,0,720,1280}
12-20 16:41:15.998 D/hwcomposer(  157): 	rect0: {0,0,720,1280}
12-20 16:41:15.998 D/hwcomposer(  157): layer=0xb652b4e8, layer name=StatusBar, type=0, hints=00000000, flags=00000000, handle=0xb64726d0, tr=04, blend=ff0105, {0,0,1280,25}, {695,0,720,1280}
12-20 16:41:15.998 D/hwcomposer(  157): 	rect0: {695,0,720,1280}
12-20 16:41:15.998 D/hwcomposer(  157): layer=0xb652b5b8, layer name=NavigationBar, type=0, hints=00000000, flags=00000000, handle=0xb6472ac0, tr=04, blend=ff0105, {0,0,1280,48}, {0,0,48,1280}
12-20 16:41:15.998 D/hwcomposer(  157): 	rect0: {0,0,48,1280}
12-20 16:41:16.009 D/hwcomposer(  157): Skip 5 layer 
12-20 16:41:16.009 D/hwcomposer(  157): hwc_prepare(3273):Layers to prepare:
12-20 16:41:16.009 D/hwcomposer(  157): layer=0xb652b418, layer name=com.android.settings/com.android.settings.SubSettings, type=0, hints=00000000, flags=00000000, handle=0xb5c52550, tr=04, blend=0100, {0,0,1280,720}, {0,0,720,1280}
12-20 16:41:16.009 D/hwcomposer(  157): 	rect0: {0,0,720,1280}
12-20 16:41:16.009 D/hwcomposer(  157): layer=0xb652b4e8, layer name=StatusBar, type=0, hints=00000000, flags=00000000, handle=0xb64726d0, tr=04, blend=ff0105, {0,0,1280,25}, {695,0,720,1280}
12-20 16:41:16.009 D/hwcomposer(  157): 	rect0: {695,0,720,1280}
12-20 16:41:16.010 D/hwcomposer(  157): layer=0xb652b5b8, layer name=NavigationBar, type=0, hints=00000000, flags=00000000, handle=0xb6472ac0, tr=04, blend=ff0105, {0,0,1280,48}, {0,0,48,1280}
12-20 16:41:16.010 D/hwcomposer(  157): 	rect0: {0,0,48,1280}
12-20 16:41:16.015 D/hwcomposer(  157): hwc_set(4025):Layers to set:
12-20 16:41:16.016 D/hwcomposer(  157): layer=0xb652b418, layer name=com.android.settings/com.android.settings.SubSettings, type=0, hints=00000000, flags=00000000, handle=0xb5c52550, tr=04, blend=0100, {0,0,1280,720}, {0,0,720,1280}
12-20 16:41:16.016 D/hwcomposer(  157): 	rect0: {0,0,720,1280}
12-20 16:41:16.016 D/hwcomposer(  157): layer=0xb652b4e8, layer name=StatusBar, type=0, hints=00000000, flags=00000000, handle=0xb64726d0, tr=04, blend=ff0105, {0,0,1280,25}, {695,0,720,1280}
12-20 16:41:16.016 D/hwcomposer(  157): 	rect0: {695,0,720,1280}
12-20 16:41:16.016 D/hwcomposer(  157): layer=0xb652b5b8, layer name=NavigationBar, type=0, hints=00000000, flags=00000000, handle=0xb6472ac0, tr=04, blend=ff0105, {0,0,1280,48}, {0,0,48,1280}
12-20 16:41:16.016 D/hwcomposer(  157): 	rect0: {0,0,48,1280}
12-20 16:41:16.026 D/hwcomposer(  157): Skip 5 layer 
12-20 16:41:16.026 D/hwcomposer(  157): hwc_prepare(3273):Layers to prepare:
12-20 16:41:16.026 D/hwcomposer(  157): layer=0xb652b418, layer name=com.android.settings/com.android.settings.SubSettings, type=0, hints=00000000, flags=00000000, handle=0xb5c525c0, tr=04, blend=0100, {0,0,1280,720}, {0,0,720,1280}
12-20 16:41:16.026 D/hwcomposer(  157): 	rect0: {0,0,720,1280}
12-20 16:41:16.026 D/hwcomposer(  157): layer=0xb652b4e8, layer name=StatusBar, type=0, hints=00000000, flags=00000000, handle=0xb64726d0, tr=04, blend=ff0105, {0,0,1280,25}, {695,0,720,1280}
12-20 16:41:16.026 D/hwcomposer(  157): 	rect0: {695,0,720,1280}
12-20 16:41:16.026 D/hwcomposer(  157): layer=0xb652b5b8, layer name=NavigationBar, type=0, hints=00000000, flags=00000000, handle=0xb6472ac0, tr=04, blend=ff0105, {0,0,1280,48}, {0,0,48,1280}
12-20 16:41:16.026 D/hwcomposer(  157): 	rect0: {0,0,48,1280}
12-20 16:41:16.032 D/hwcomposer(  157): hwc_set(4025):Layers to set:
12-20 16:41:16.032 D/hwcomposer(  157): layer=0xb652b418, layer name=com.android.settings/com.android.settings.SubSettings, type=0, hints=00000000, flags=00000000, handle=0xb5c525c0, tr=04, blend=0100, {0,0,1280,720}, {0,0,720,1280}
12-20 16:41:16.032 D/hwcomposer(  157): 	rect0: {0,0,720,1280}
12-20 16:41:16.032 D/hwcomposer(  157): layer=0xb652b4e8, layer name=StatusBar, type=0, hints=00000000, flags=00000000, handle=0xb64726d0, tr=04, blend=ff0105, {0,0,1280,25}, {695,0,720,1280}
12-20 16:41:16.032 D/hwcomposer(  157): 	rect0: {695,0,720,1280}
12-20 16:41:16.033 D/hwcomposer(  157): layer=0xb652b5b8, layer name=NavigationBar, type=0, hints=00000000, flags=00000000, handle=0xb6472ac0, tr=04, blend=ff0105, {0,0,1280,48}, {0,0,48,1280}
12-20 16:41:16.033 D/hwcomposer(  157): 	rect0: {0,0,48,1280}
12-20 16:41:16.043 D/hwcomposer(  157): Skip 5 layer 
12-20 16:41:16.043 D/hwcomposer(  157): hwc_prepare(3273):Layers to prepare:
12-20 16:41:16.043 D/hwcomposer(  157): layer=0xb652b418, layer name=com.android.settings/com.android.settings.SubSettings, type=0, hints=00000000, flags=00000000, handle=0xb6471860, tr=04, blend=0100, {0,0,1280,720}, {0,0,720,1280}
12-20 16:41:16.043 D/hwcomposer(  157): 	rect0: {0,0,720,1280}
12-20 16:41:16.043 D/hwcomposer(  157): layer=0xb652b4e8, layer name=StatusBar, type=0, hints=00000000, flags=00000000, handle=0xb64726d0, tr=04, blend=ff0105, {0,0,1280,25}, {695,0,720,1280}
12-20 16:41:16.043 D/hwcomposer(  157): 	rect0: {695,0,720,1280}
12-20 16:41:16.043 D/hwcomposer(  157): layer=0xb652b5b8, layer name=NavigationBar, type=0, hints=00000000, flags=00000000, handle=0xb6472ac0, tr=04, blend=ff0105, {0,0,1280,48}, {0,0,48,1280}
12-20 16:41:16.043 D/hwcomposer(  157): 	rect0: {0,0,48,1280}
12-20 16:41:16.048 D/ViewRootImpl(15498): 704<<<<<< BACK FROM relayoutWM.LayoutParams{(0,0)(wrapxwrap)mPosX=0mPosY=0mHScale=1.0mVScale=1.0 align=UNDEFINE taskId=-1 gr=#ffffffff sim=#110 ty=2 fl=#1860002 fmt=-3 wanim=0x103046a surfaceInsets=Rect(32, 32 - 32, 32) needsMenuKey=2packageName=com.android.settingstoken=android.os.BinderProxy@3f3a312a}
12-20 16:41:16.049 D/hwcomposer(  157): hwc_set(4025):Layers to set:
12-20 16:41:16.049 D/hwcomposer(  157): layer=0xb652b418, layer name=com.android.settings/com.android.settings.SubSettings, type=0, hints=00000000, flags=00000000, handle=0xb6471860, tr=04, blend=0100, {0,0,1280,720}, {0,0,720,1280}
12-20 16:41:16.049 D/hwcomposer(  157): 	rect0: {0,0,720,1280}
12-20 16:41:16.049 D/hwcomposer(  157): layer=0xb652b4e8, layer name=StatusBar, type=0, hints=00000000, flags=00000000, handle=0xb64726d0, tr=04, blend=ff0105, {0,0,1280,25}, {695,0,720,1280}
12-20 16:41:16.049 D/hwcomposer(  157): 	rect0: {695,0,720,1280}
12-20 16:41:16.049 D/hwcomposer(  157): layer=0xb652b5b8, layer name=NavigationBar, type=0, hints=00000000, flags=00000000, handle=0xb6472ac0, tr=04, blend=ff0105, {0,0,1280,48}, {0,0,48,1280}
12-20 16:41:16.049 D/hwcomposer(  157): 	rect0: {0,0,48,1280}
12-20 16:41:16.053 E/HAL     (15498): load: ++++++++++++TWM++++++++++++++++id path=gralloc
12-20 16:41:16.053 E/HAL     (15498): load: ++++++++++++TWM++++++++++++++++module path=/system/lib/hw/gralloc.rk30board.so
12-20 16:41:16.061 D/hwcomposer(  157): Skip 5 layer 
12-20 16:41:16.061 D/hwcomposer(  157): hwc_prepare(3273):Layers to prepare:
12-20 16:41:16.061 D/hwcomposer(  157): layer=0xb652b418, layer name=com.android.settings/com.android.settings.SubSettings, type=0, hints=00000000, flags=00000000, handle=0xb5c524e0, tr=04, blend=0100, {0,0,1280,720}, {0,0,720,1280}
12-20 16:41:16.062 D/hwcomposer(  157): 	rect0: {0,0,720,1280}
12-20 16:41:16.062 D/hwcomposer(  157): layer=0xb652b4e8, layer name=StatusBar, type=0, hints=00000000, flags=00000000, handle=0xb64726d0, tr=04, blend=ff0105, {0,0,1280,25}, {695,0,720,1280}
12-20 16:41:16.062 D/hwcomposer(  157): 	rect0: {695,0,720,1280}
12-20 16:41:16.062 D/hwcomposer(  157): layer=0xb652b5b8, layer name=NavigationBar, type=0, hints=00000000, flags=00000000, handle=0xb6472ac0, tr=04, blend=ff0105, {0,0,1280,48}, {0,0,48,1280}
12-20 16:41:16.062 D/hwcomposer(  157): 	rect0: {0,0,48,1280}
12-20 16:41:16.068 D/hwcomposer(  157): hwc_set(4025):Layers to set:
12-20 16:41:16.068 D/hwcomposer(  157): layer=0xb652b418, layer name=com.android.settings/com.android.settings.SubSettings, type=0, hints=00000000, flags=00000000, handle=0xb5c524e0, tr=04, blend=0100, {0,0,1280,720}, {0,0,720,1280}
12-20 16:41:16.068 D/hwcomposer(  157): 	rect0: {0,0,720,1280}
12-20 16:41:16.068 D/hwcomposer(  157): layer=0xb652b4e8, layer name=StatusBar, type=0, hints=00000000, flags=00000000, handle=0xb64726d0, tr=04, blend=ff0105, {0,0,1280,25}, {695,0,720,1280}
12-20 16:41:16.068 D/hwcomposer(  157): 	rect0: {695,0,720,1280}
12-20 16:41:16.069 D/hwcomposer(  157): layer=0xb652b5b8, layer name=NavigationBar, type=0, hints=00000000, flags=00000000, handle=0xb6472ac0, tr=04, blend=ff0105, {0,0,1280,48}, {0,0,48,1280}
12-20 16:41:16.070 D/hwcomposer(  157): 	rect0: {0,0,48,1280}
12-20 16:41:16.077 D/hwcomposer(  157): Skip 5 layer 
12-20 16:41:16.077 D/hwcomposer(  157): hwc_prepare(3273):Layers to prepare:
12-20 16:41:16.077 D/hwcomposer(  157): layer=0xb652b418, layer name=com.android.settings/com.android.settings.SubSettings, type=0, hints=00000000, flags=00000000, handle=0xb5c52550, tr=04, blend=0100, {0,0,1280,720}, {0,0,720,1280}
12-20 16:41:16.077 D/hwcomposer(  157): 	rect0: {0,0,720,1280}
12-20 16:41:16.077 D/hwcomposer(  157): layer=0xb652b4e8, layer name=StatusBar, type=0, hints=00000000, flags=00000000, handle=0xb64726d0, tr=04, blend=ff0105, {0,0,1280,25}, {695,0,720,1280}
12-20 16:41:16.077 D/hwcomposer(  157): 	rect0: {695,0,720,1280}
12-20 16:41:16.077 D/hwcomposer(  157): layer=0xb652b5b8, layer name=NavigationBar, type=0, hints=00000000, flags=00000000, handle=0xb6472ac0, tr=04, blend=ff0105, {0,0,1280,48}, {0,0,48,1280}
12-20 16:41:16.077 D/hwcomposer(  157): 	rect0: {0,0,48,1280}
12-20 16:41:16.083 D/hwcomposer(  157): hwc_set(4025):Layers to set:
12-20 16:41:16.083 D/hwcomposer(  157): layer=0xb652b418, layer name=com.android.settings/com.android.settings.SubSettings, type=0, hints=00000000, flags=00000000, handle=0xb5c52550, tr=04, blend=0100, {0,0,1280,720}, {0,0,720,1280}
12-20 16:41:16.083 D/hwcomposer(  157): 	rect0: {0,0,720,1280}
12-20 16:41:16.083 D/hwcomposer(  157): layer=0xb652b4e8, layer name=StatusBar, type=0, hints=00000000, flags=00000000, handle=0xb64726d0, tr=04, blend=ff0105, {0,0,1280,25}, {695,0,720,1280}
12-20 16:41:16.083 D/hwcomposer(  157): 	rect0: {695,0,720,1280}
12-20 16:41:16.083 D/hwcomposer(  157): layer=0xb652b5b8, layer name=NavigationBar, type=0, hints=00000000, flags=00000000, handle=0xb6472ac0, tr=04, blend=ff0105, {0,0,1280,48}, {0,0,48,1280}
12-20 16:41:16.084 D/hwcomposer(  157): 	rect0: {0,0,48,1280}
12-20 16:41:16.094 D/hwcomposer(  157): Skip 5 layer 
12-20 16:41:16.094 D/hwcomposer(  157): hwc_prepare(3273):Layers to prepare:
12-20 16:41:16.094 D/hwcomposer(  157): layer=0xb652b418, layer name=com.android.settings/com.android.settings.SubSettings, type=0, hints=00000000, flags=00000000, handle=0xb5c525c0, tr=04, blend=0100, {0,0,1280,720}, {0,0,720,1280}
12-20 16:41:16.094 D/hwcomposer(  157): 	rect0: {0,0,720,1280}
12-20 16:41:16.094 D/hwcomposer(  157): layer=0xb652b4e8, layer name=StatusBar, type=0, hints=00000000, flags=00000000, handle=0xb64726d0, tr=04, blend=ff0105, {0,0,1280,25}, {695,0,720,1280}
12-20 16:41:16.094 D/hwcomposer(  157): 	rect0: {695,0,720,1280}
12-20 16:41:16.094 D/hwcomposer(  157): layer=0xb652b5b8, layer name=NavigationBar, type=0, hints=00000000, flags=00000000, handle=0xb6472ac0, tr=04, blend=ff0105, {0,0,1280,48}, {0,0,48,1280}
12-20 16:41:16.094 D/hwcomposer(  157): 	rect0: {0,0,48,1280}
12-20 16:41:16.102 D/hwcomposer(  157): hwc_set(4025):Layers to set:
12-20 16:41:16.102 D/hwcomposer(  157): layer=0xb652b418, layer name=com.android.settings/com.android.settings.SubSettings, type=0, hints=00000000, flags=00000000, handle=0xb5c525c0, tr=04, blend=0100, {0,0,1280,720}, {0,0,720,1280}
12-20 16:41:16.102 D/hwcomposer(  157): 	rect0: {0,0,720,1280}
12-20 16:41:16.102 D/hwcomposer(  157): layer=0xb652b4e8, layer name=StatusBar, type=0, hints=00000000, flags=00000000, handle=0xb64726d0, tr=04, blend=ff0105, {0,0,1280,25}, {695,0,720,1280}
12-20 16:41:16.102 D/hwcomposer(  157): 	rect0: {695,0,720,1280}
12-20 16:41:16.102 D/hwcomposer(  157): layer=0xb652b5b8, layer name=NavigationBar, type=0, hints=00000000, flags=00000000, handle=0xb6472ac0, tr=04, blend=ff0105, {0,0,1280,48}, {0,0,48,1280}
12-20 16:41:16.102 D/hwcomposer(  157): 	rect0: {0,0,48,1280}
12-20 16:41:16.111 E/HAL     (  157): load: ++++++++++++TWM++++++++++++++++id path=gralloc
12-20 16:41:16.111 E/HAL     (  157): load: ++++++++++++TWM++++++++++++++++module path=/system/lib/hw/gralloc.rk30board.so
12-20 16:41:16.112 D/hwcomposer(  157): Skip 5 layer 
12-20 16:41:16.112 D/hwcomposer(  157): hwc_prepare(3273):Layers to prepare:
12-20 16:41:16.112 D/hwcomposer(  157): layer=0xb652b418, layer name=com.android.settings/com.android.settings.SubSettings, type=0, hints=00000000, flags=00000000, handle=0xb6471860, tr=04, blend=0100, {0,0,1280,720}, {0,0,720,1280}
12-20 16:41:16.112 D/hwcomposer(  157): 	rect0: {0,0,720,1280}
12-20 16:41:16.113 D/hwcomposer(  157): layer=0xb652b4e8, layer name=StatusBar, type=0, hints=00000000, flags=00000000, handle=0xb64726d0, tr=04, blend=ff0105, {0,0,1280,25}, {695,0,720,1280}
12-20 16:41:16.113 D/hwcomposer(  157): 	rect0: {695,0,720,1280}
12-20 16:41:16.113 D/hwcomposer(  157): layer=0xb652b5b8, layer name=NavigationBar, type=0, hints=00000000, flags=00000000, handle=0xb6472ac0, tr=04, blend=ff0105, {0,0,1280,48}, {0,0,48,1280}
12-20 16:41:16.113 D/hwcomposer(  157): 	rect0: {0,0,48,1280}
12-20 16:41:16.119 D/hwcomposer(  157): hwc_set(4025):Layers to set:
12-20 16:41:16.119 D/hwcomposer(  157): layer=0xb652b418, layer name=com.android.settings/com.android.settings.SubSettings, type=0, hints=00000000, flags=00000000, handle=0xb6471860, tr=04, blend=0100, {0,0,1280,720}, {0,0,720,1280}
12-20 16:41:16.119 D/hwcomposer(  157): 	rect0: {0,0,720,1280}
12-20 16:41:16.119 D/hwcomposer(  157): layer=0xb652b4e8, layer name=StatusBar, type=0, hints=00000000, flags=00000000, handle=0xb64726d0, tr=04, blend=ff0105, {0,0,1280,25}, {695,0,720,1280}
12-20 16:41:16.119 D/hwcomposer(  157): 	rect0: {695,0,720,1280}
12-20 16:41:16.119 D/hwcomposer(  157): layer=0xb652b5b8, layer name=NavigationBar, type=0, hints=00000000, flags=00000000, handle=0xb6472ac0, tr=04, blend=ff0105, {0,0,1280,48}, {0,0,48,1280}
12-20 16:41:16.119 D/hwcomposer(  157): 	rect0: {0,0,48,1280}
12-20 16:41:16.129 D/hwcomposer(  157): Skip 5 layer 
12-20 16:41:16.129 D/hwcomposer(  157): hwc_prepare(3273):Layers to prepare:
12-20 16:41:16.129 D/hwcomposer(  157): layer=0xb652b418, layer name=com.android.settings/com.android.settings.SubSettings, type=0, hints=00000000, flags=00000000, handle=0xb5c524e0, tr=04, blend=0100, {0,0,1280,720}, {0,0,720,1280}
12-20 16:41:16.129 D/hwcomposer(  157): 	rect0: {0,0,720,1280}
12-20 16:41:16.129 D/hwcomposer(  157): layer=0xb652b4e8, layer name=StatusBar, type=0, hints=00000000, flags=00000000, handle=0xb64726d0, tr=04, blend=ff0105, {0,0,1280,25}, {695,0,720,1280}
12-20 16:41:16.129 D/hwcomposer(  157): 	rect0: {695,0,720,1280}
12-20 16:41:16.129 D/hwcomposer(  157): layer=0xb652b5b8, layer name=NavigationBar, type=0, hints=00000000, flags=00000000, handle=0xb6472ac0, tr=04, blend=ff0105, {0,0,1280,48}, {0,0,48,1280}
12-20 16:41:16.129 D/hwcomposer(  157): 	rect0: {0,0,48,1280}
12-20 16:41:16.136 D/hwcomposer(  157): hwc_set(4025):Layers to set:
12-20 16:41:16.136 D/hwcomposer(  157): layer=0xb652b418, layer name=com.android.settings/com.android.settings.SubSettings, type=0, hints=00000000, flags=00000000, handle=0xb5c524e0, tr=04, blend=0100, {0,0,1280,720}, {0,0,720,1280}
12-20 16:41:16.136 D/hwcomposer(  157): 	rect0: {0,0,720,1280}
12-20 16:41:16.136 D/hwcomposer(  157): layer=0xb652b4e8, layer name=StatusBar, type=0, hints=00000000, flags=00000000, handle=0xb64726d0, tr=04, blend=ff0105, {0,0,1280,25}, {695,0,720,1280}
12-20 16:41:16.136 D/hwcomposer(  157): 	rect0: {695,0,720,1280}
12-20 16:41:16.136 D/hwcomposer(  157): layer=0xb652b5b8, layer name=NavigationBar, type=0, hints=00000000, flags=00000000, handle=0xb6472ac0, tr=04, blend=ff0105, {0,0,1280,48}, {0,0,48,1280}
12-20 16:41:16.136 D/hwcomposer(  157): 	rect0: {0,0,48,1280}
12-20 16:41:16.147 D/hwcomposer(  157): Skip 5 layer 
12-20 16:41:16.147 D/hwcomposer(  157): hwc_prepare(3273):Layers to prepare:
