01-21 16:51:24.034 D/MountService(  436): volume state changed for /mnt/internal_sd (mounted -> unmounted)
01-21 16:51:24.034 I/PackageManager(  436): Updating external media status from unmounted to unmounted
01-21 16:51:24.034 E/usb_audio_hw(  163): audio_hw,adev_open; name = audio_hw_if
01-21 16:51:24.035 I/AudioFlinger(  163): loadHwModule() Loaded usb audio interface from USB audio HW HAL (audio) handle 5
01-21 16:51:24.035 I/MountService(  436): /mnt/external_sdUpdating valid state removed   st 0
01-21 16:51:24.035 D/MountService(  436): volume state changed for /mnt/external_sd (unmounted -> removed)
01-21 16:51:24.035 I/MountService(  436): /mnt/usb_storageUpdating valid state removed   st 0
01-21 16:51:24.035 D/MountService(  436): volume state changed for /mnt/usb_storage (unmounted -> removed)
01-21 16:51:24.035 E/HAL     (  163): load: ++++++++++++TWM++++++++++++++++id path=audio
01-21 16:51:24.035 E/HAL     (  163): load: ++++++++++++TWM++++++++++++++++module path=/system/lib/hw/audio.r_submix.default.so
01-21 16:51:24.036 D/VoldCmdListener(  156): cryptfs getfield SystemLocale
01-21 16:51:24.038 I/r_submix(  163): adev_open(name=audio_hw_if)
01-21 16:51:24.038 W/MountService(  436): getSecureContainerList() called when storage not mounted
01-21 16:51:24.039 I/r_submix(  163): adev_init_check()
01-21 16:51:24.039 I/AudioFlinger(  163): loadHwModule() Loaded r_submix audio interface from Wifi Display audio HAL (audio) handle 6
01-21 16:51:24.039 D/r_submix(  163): adev_open_input_stream(addr=0)
01-21 16:51:24.039 D/r_submix(  163): submix_audio_device_create_pipe_l(addr=0, idx=9)
01-21 16:51:24.039 D/r_submix(  163):   now using address 0 for route 9
01-21 16:51:24.039 D/VoldCmdListener(  156): asec list
01-21 16:51:24.040 I/SystemServiceManager(  436): Starting com.android.server.devicepolicy.DevicePolicyManagerService$Lifecycle
01-21 16:51:24.040 I/AudioFlinger(  163): AudioFlinger's thread 0xb49c6000 ready to run
01-21 16:51:24.040 D/r_submix(  163): adev_close_input_stream()
01-21 16:51:24.040 D/r_submix(  163): submix_audio_device_release_pipe_l(idx=9) addr=0
01-21 16:51:24.040 D/r_submix(  163): submix_audio_device_destroy_pipe_l(): pipe destroyed
01-21 16:51:24.042 E/SoundTriggerHwService(  163): couldn't load sound trigger module sound_trigger.primary (No such file or directory)
01-21 16:51:24.042 E/mediaserver(  163): MediaServer is SP_FOREGROUND, tid=163
01-21 16:51:24.048 I/PackageManager(  436): No secure containers found
01-21 16:51:24.048 I/SystemServer(  436): Status Bar
01-21 16:51:24.049 W/PackageManager(  436): Unknown permission com.google.android.googleapps.permission.GOOGLE_AUTH in package com.android.providers.calendar
01-21 16:51:24.049 W/PackageManager(  436): Unknown permission com.google.android.googleapps.permission.GOOGLE_AUTH.cl in package com.android.providers.calendar
01-21 16:51:24.050 W/PackageManager(  436): Unknown permission android.permission.ACCESS_DOWNLOAD_MANAGER in package com.android.browser
01-21 16:51:24.050 W/PackageManager(  436): Unknown permission android.permission.SEND_DOWNLOAD_COMPLETED_INTENTS in package com.android.browser
01-21 16:51:24.051 W/PackageManager(  436): Not granting permission android.permission.BIND_WALLPAPER to package com.android.camera2 (protectionLevel=18 flags=0x58bc45)
01-21 16:51:24.052 W/PackageManager(  436): Not granting permission android.permission.BIND_APPWIDGET to package com.android.launcher3 (protectionLevel=18 flags=0x483e45)
01-21 16:51:24.052 W/PackageManager(  436): Unknown permission android.permission.READ_SETTINGS in package com.android.launcher3
01-21 16:51:24.052 W/PackageManager(  436): Unknown permission com.android.launcher.permission.READ_SETTINGS in package com.android.launcher3
01-21 16:51:24.052 W/PackageManager(  436): Unknown permission com.android.launcher.permission.WRITE_SETTINGS in package com.android.launcher3
01-21 16:51:24.052 W/PackageManager(  436): Not granting permission android.permission.MOUNT_UNMOUNT_FILESYSTEMS to package com.test (protectionLevel=18 flags=0x8be45)
01-21 16:51:24.053 I/SystemServer(  436): Clipboard Service
01-21 16:51:24.053 W/PackageManager(  436): Unknown permission com.android.launcher.permission.READ_SETTINGS in package com.android.onetimeinitializer
01-21 16:51:24.053 W/PackageManager(  436): Unknown permission com.android.launcher.permission.WRITE_SETTINGS in package com.android.onetimeinitializer
01-21 16:51:24.054 W/PackageManager(  436): Unknown permission android.permission.READ_MEDIA_STORAGE in package com.android.packageinstaller
01-21 16:51:24.054 W/PackageManager(  436): Not granting permission android.permission.DELETE_PACKAGES to package com.svox.pico (protectionLevel=18 flags=0x8be45)
01-21 16:51:24.054 W/PackageManager(  436): Unknown permission android.permission.DOWNLOAD_WITHOUT_NOTIFICATION in package com.android.inputmethod.latin
01-21 16:51:24.055 W/PackageManager(  436): Unknown permission com.google.android.gallery3d.permission.PICASA_STORE in package com.android.dreams.phototable
01-21 16:51:24.056 W/PackageManager(  436): Unknown permission com.google.android.googleapps.permission.GOOGLE_AUTH in package com.android.settings
01-21 16:51:24.056 W/PackageManager(  436): Unknown permission android.permission.ACCESS_DOWNLOAD_MANAGER in package com.android.settings
01-21 16:51:24.056 W/PackageManager(  436): Unknown permission com.android.launcher.permission.READ_SETTINGS in package com.android.settings
01-21 16:51:24.056 W/PackageManager(  436): Unknown permission com.android.launcher.permission.WRITE_SETTINGS in package com.android.settings
01-21 16:51:24.057 W/PackageManager(  436): Unknown permission android.permission.READ_SETTINGS in package com.iflytek.inputmethod
01-21 16:51:24.057 W/PackageManager(  436): Unknown permission android.permission.BROADCAST_PACKAGE_ADDED in package com.iflytek.inputmethod
01-21 16:51:24.057 W/PackageManager(  436): Unknown permission android.permission.BROADCAST_PACKAGE_CHANGED in package com.iflytek.inputmethod
01-21 16:51:24.057 W/PackageManager(  436): Unknown permission android.permission.BROADCAST_PACKAGE_INSTALL in package com.iflytek.inputmethod
01-21 16:51:24.058 W/PackageManager(  436): Unknown permission android.permission.BROADCAST_PACKAGE_REPLACED in package com.iflytek.inputmethod
01-21 16:51:24.058 W/PackageManager(  436): Not granting permission android.permission.READ_LOGS to package com.iflytek.inputmethod (protectionLevel=50 flags=0xc83e45)
01-21 16:51:24.058 W/PackageManager(  436): Unknown permission android.permission.ACCESS_DOWNLOAD_MANAGER in package com.iflytek.inputmethod
01-21 16:51:24.058 W/PackageManager(  436): Unknown permission android.permission.RECEIVE_USER_PRESENT in package com.iflytek.inputmethod
01-21 16:51:24.058 W/PackageManager(  436): Not granting permission android.permission.MOUNT_UNMOUNT_FILESYSTEMS to package com.iflytek.inputmethod (protectionLevel=18 flags=0xc83e45)
01-21 16:51:24.059 W/PackageManager(  436): Not granting permission android.permission.CHANGE_CONFIGURATION to package com.iflytek.inputmethod (protectionLevel=50 flags=0xc83e45)
01-21 16:51:24.059 I/SystemServer(  436): NetworkManagement Service
01-21 16:51:24.063 W/PackageManager(  436): Not granting permission android.permission.DEVICE_POWER to package com.android.deskclock (protectionLevel=2 flags=0x48be45)
01-21 16:51:24.064 W/PackageManager(  436): Unknown permission com.android.launcher.permission.READ_SETTINGS in package com.android.systemui
01-21 16:51:24.065 W/PackageManager(  436): Unknown permission com.android.email.permission.READ_ATTACHMENT in package com.android.exchange
01-21 16:51:24.065 W/PackageManager(  436): Unknown permission com.android.email.permission.ACCESS_PROVIDER in package com.android.exchange
01-21 16:51:24.065 W/PackageManager(  436): Unknown permission com.google.android.gallery3d.permission.GALLERY_PROVIDER in package com.android.bluetooth
01-21 16:51:24.065 W/PackageManager(  436): Unknown permission android.permission.MMS_SEND_OUTBOX_MSG in package com.android.bluetooth
01-21 16:51:24.066 W/PackageManager(  436): Unknown permission rockchip.permission.FULL_SCREEN in package android.rk.RockVideoPlayer
01-21 16:51:24.066 W/PackageManager(  436): Unknown permission android.permission.RAISED_THREAD_PRIORITY in package android.rk.RockVideoPlayer
01-21 16:51:24.066 W/PackageManager(  436): Unknown permission android.permission.FULL_SCREEN in package android.rk.RockVideoPlayer
01-21 16:51:24.066 W/PackageManager(  436): Unknown permission archos.permission.FULL_SCREEN in package android.rk.RockVideoPlayer
01-21 16:51:24.073 I/SystemServer(  436): Text Service Manager Service
01-21 16:51:24.081 D/hwcomposer(  157): Skip 5 layer 
01-21 16:51:24.147 W/MountService(  436): getSecureContainerList() called when storage not mounted
01-21 16:51:24.148 D/VoldCmdListener(  156): asec list
01-21 16:51:24.155 I/SystemServer(  436): Network Score Service
01-21 16:51:24.158 I/SystemServer(  436): NetworkStats Service
01-21 16:51:24.174 I/SystemServer(  436): NetworkPolicy Service
01-21 16:51:24.180 D/hwcomposer(  157): Skip 5 layer 
01-21 16:51:24.191 I/SystemServiceManager(  436): Starting com.android.server.wifi.p2p.WifiP2pService
01-21 16:51:24.234 I/WifiP2pService(  436): Registering wifip2p
01-21 16:51:24.237 I/SystemServiceManager(  436): Starting com.android.server.wifi.WifiService
01-21 16:51:24.262 D/hwcomposer(  157): Skip 5 layer 
01-21 16:51:24.344 D/hwcomposer(  157): Skip 5 layer 
01-21 16:51:24.426 D/hwcomposer(  157): Skip 5 layer 
01-21 16:51:24.470 E/WifiConfigStore(  436): associatedPartialScanPeriodMilli set to 20000
01-21 16:51:24.494 D/WifiController(  436): isAirplaneModeOn = false, isWifiEnabled = true, isScanningAvailable = false
01-21 16:51:24.499 I/WifiService(  436): Registering wifi
01-21 16:51:24.502 I/SystemServiceManager(  436): Starting com.android.server.wifi.WifiScanningService
01-21 16:51:24.502 I/WifiScanningService(  436): Creating wifiscanner
01-21 16:51:24.502 I/WifiScanningService(  436): Starting wifiscanner
01-21 16:51:24.504 I/SystemServiceManager(  436): Starting com.android.server.wifi.RttService
01-21 16:51:24.504 I/RttService(  436): Creating rttmanager
01-21 16:51:24.505 I/RttService(  436): Starting rttmanager
01-21 16:51:24.508 I/SystemServiceManager(  436): Starting com.android.server.ethernet.EthernetService
01-21 16:51:24.508 D/hwcomposer(  157): Skip 5 layer 
01-21 16:51:24.513 I/EthernetServiceImpl(  436): Creating EthernetConfigStore
01-21 16:51:24.516 E/IpConfigStore(  436): Error parsing configuration: java.io.FileNotFoundException: /data/misc/ethernet/ipconfig.txt: open failed: ENOENT (No such file or directory)
01-21 16:51:24.516 W/EthernetConfigStore(  436): No Ethernet configuration found. Using default.
01-21 16:51:24.516 I/EthernetServiceImpl(  436): Read stored IP configuration: IP assignment: DHCP
01-21 16:51:24.516 I/EthernetServiceImpl(  436): Proxy settings: NONE
01-21 16:51:24.517 I/EthernetService(  436): Registering service ethernet
01-21 16:51:24.518 I/SystemServer(  436): PppoeService
01-21 16:51:24.519 I/SystemServiceManager(  436): Starting com.android.server.pppoe.PppoeService
01-21 16:51:24.520 I/PppoeServiceImpl(  436): Creating PppoeServiceImpl
01-21 16:51:24.525 I/PppoeService(  436): Registering service pppoe
01-21 16:51:24.526 E/SELinux (  155): avc:  denied  { add } for service=pppoe scontext=u:r:system_server:s0 tcontext=u:object_r:default_android_service:s0 tclass=service_manager
01-21 16:51:24.526 I/SystemServer(  436): Connectivity Service
01-21 16:51:24.532 D/ConnectivityService(  436): ConnectivityService starting up
01-21 16:51:24.537 D/ConnectivityService(  436): wifiOnly=false
01-21 16:51:24.538 E/ConnectivityService(  436): Ignoring protectedNetwork 14
01-21 16:51:24.552 I/SystemServer(  436): Network Service Discovery Service
01-21 16:51:24.557 D/NsdService(  436): Network service discovery enabled true
01-21 16:51:24.559 I/SystemServer(  436): UpdateLock Service
01-21 16:51:24.590 D/hwcomposer(  157): Skip 5 layer 
01-21 16:51:24.621 I/SystemServiceManager(  436): Starting com.android.server.notification.NotificationManagerService
01-21 16:51:24.653 D/ZenLog  (  436): set_zen_mode: off,setting
01-21 16:51:24.658 I/SystemServiceManager(  436): Starting com.android.server.storage.DeviceStorageMonitorService
01-21 16:51:24.662 I/SystemServer(  436): Location Manager
01-21 16:51:24.669 I/SystemServer(  436): Country Detector
01-21 16:51:24.670 I/SystemServer(  436): Search Service
01-21 16:51:24.672 D/hwcomposer(  157): Skip 5 layer 
01-21 16:51:24.676 I/SystemServer(  436): DropBox Service
01-21 16:51:24.680 I/SystemServer(  436): Wallpaper Service
01-21 16:51:24.682 D/RkWifiCtrl(  436): check_wifi_preload: Wifi driver is not preload when bootup, load when open wifi.
01-21 16:51:24.682 D/WifiHW  (  436): wifi_unload_driver
01-21 16:51:24.682 E/RkWifiCtrl(  436): rk_wifi_load_driver:(rmmod)
01-21 16:51:24.687 I/SystemServer(  436): Audio Service
01-21 16:51:24.700 W/TelecomManager(  436): Telecom Service not found.
01-21 16:51:24.747 V/AudioService(  436): monitoring device orientation
01-21 16:51:24.748 E/usb_audio_hw(  163): audio_hw:usb adev_set_parameters(orientation=undefined)
01-21 16:51:24.753 I/SystemServiceManager(  436): Starting com.android.server.DockObserver
01-21 16:51:24.754 D/hwcomposer(  157): Skip 5 layer 
01-21 16:51:24.756 W/DockObserver(  436): This kernel does not have dock station support
01-21 16:51:24.759 I/SystemServer(  436): Wired Accessory Manager
01-21 16:51:24.763 W/WiredAccessoryManager(  436): This kernel does not have wired headset support
01-21 16:51:24.765 I/SystemServiceManager(  436): Starting com.android.server.usb.UsbService$Lifecycle
01-21 16:51:24.776 I/SystemServer(  436): Serial Service
01-21 16:51:24.778 I/SystemServiceManager(  436): Starting com.android.server.twilight.TwilightService
01-21 16:51:24.784 I/SystemServiceManager(  436): Starting com.android.server.UiModeManagerService
01-21 16:51:24.791 I/SystemServiceManager(  436): Starting com.android.server.job.JobSchedulerService
01-21 16:51:24.804 I/SystemServiceManager(  436): Starting com.android.server.backup.BackupManagerService$Lifecycle
01-21 16:51:24.808 I/SystemServiceManager(  436): Starting com.android.server.appwidget.AppWidgetService
01-21 16:51:24.814 I/SystemServiceManager(  436): Starting com.android.server.voiceinteraction.VoiceInteractionManagerService
01-21 16:51:24.820 W/SoundTriggerHelper(  436): listModules status=0, # of modules=0
01-21 16:51:24.820 I/SystemServer(  436): DiskStats Service
01-21 16:51:24.821 I/SystemServer(  436): SamplingProfiler Service
01-21 16:51:24.836 D/hwcomposer(  157): Skip 5 layer 
01-21 16:51:24.839 I/SystemServer(  436): NetworkTimeUpdateService
01-21 16:51:24.841 I/SystemServer(  436): CommonTimeManagementService
01-21 16:51:24.846 I/SystemServer(  436): CertBlacklister
01-21 16:51:24.848 I/SystemServiceManager(  436): Starting com.android.server.dreams.DreamManagerService
01-21 16:51:24.852 I/SystemServer(  436): Assets Atlas Service
01-21 16:51:24.855 I/SystemServiceManager(  436): Starting com.android.server.print.PrintManagerService
01-21 16:51:24.858 D/AssetAtlas(  436): Loaded configuration: SliceMinArea (960x1216) flags=0x2 count=451
01-21 16:51:24.863 I/SystemServiceManager(  436): Starting com.android.server.restrictions.RestrictionsManagerService
01-21 16:51:24.864 E/HAL     (  436): load: ++++++++++++TWM++++++++++++++++id path=gralloc
01-21 16:51:24.864 E/HAL     (  436): load: ++++++++++++TWM++++++++++++++++module path=/system/lib/hw/gralloc.rk30board.so
01-21 16:51:24.865 E/HAL     (  436): load: ++++++++++++TWM++++++++++++++++id path=gralloc
01-21 16:51:24.865 E/HAL     (  436): load: ++++++++++++TWM++++++++++++++++module path=/system/lib/hw/gralloc.rk30board.so
01-21 16:51:24.865 I/[Gralloc](  436):  ion device open success! fd = 132
01-21 16:51:24.867 I/SystemServiceManager(  436): Starting com.android.server.media.MediaSessionService
01-21 16:51:24.878 I/SystemServer(  436): Media Router Service
01-21 16:51:24.879 D/libEGL  (  436): loaded /system/lib/egl/libGLES_mali.so
01-21 16:51:24.880 I/SystemServer(  436): DisplayDeviceManagementService Service
01-21 16:51:24.883 I/SystemServiceManager(  436): Starting com.android.server.trust.TrustManagerService
01-21 16:51:24.887 I/SystemServiceManager(  436): Starting com.android.server.fingerprint.FingerprintService
01-21 16:51:24.887 V/Fingerprint-JNI(  436): nativeInit()
01-21 16:51:24.889 V/Fingerprint-JNI(  436): nativeOpenHal()
01-21 16:51:24.889 E/Fingerprint-JNI(  436): Can't open fingerprint HW Module, error: -2
01-21 16:51:24.890 I/SystemServer(  436): BackgroundDexOptService
01-21 16:51:24.894 I/SystemServiceManager(  436): Starting com.android.server.pm.LauncherAppsService
01-21 16:51:24.898 I/SystemServiceManager(  436): Starting com.android.server.media.projection.MediaProjectionManagerService
01-21 16:51:24.918 D/hwcomposer(  157): Skip 5 layer 
01-21 16:51:24.936 I/mali_so (  436): [File] : hardware/arm_hal/mali/driver/./src/base/arch/arch_011_udd/base_arch_main.c; [Line] : 565; [Func] : deal_with_version_affairs_rk_ext;
01-21 16:51:24.936 I/mali_so (  436): arm_release_ver of this mali_so is 'r6p0-01rel1', rk_so_ver is '3@0', built at '11:17:27', on 'Mar  9 2016'.
01-21 16:51:24.936 I/mali_so (  436): [File] : hardware/arm_hal/mali/driver/./src/base/arch/arch_011_udd/base_arch_main.c; [Line] : 578; [Func] : deal_with_version_affairs_rk_ext;
01-21 16:51:24.936 I/mali_so (  436): mali_ver_property has been set to 'r6p0-01rel1-5-3@0', to return.
01-21 16:51:24.937 E/HAL     (  436): load: ++++++++++++TWM++++++++++++++++id path=gralloc
01-21 16:51:24.937 E/HAL     (  436): load: ++++++++++++TWM++++++++++++++++module path=/system/lib/hw/gralloc.rk30board.so
01-21 16:51:24.939 E/HAL     (  436): load: ++++++++++++TWM++++++++++++++++id path=gralloc
01-21 16:51:24.939 E/HAL     (  436): load: ++++++++++++TWM++++++++++++++++module path=/system/lib/hw/gralloc.rk30board.so
01-21 16:51:24.948 D/AssetAtlas(  436): Rendered atlas in 69.98ms (0.01+69.97ms)
01-21 16:51:25.000 D/hwcomposer(  157): Skip 5 layer 
01-21 16:51:25.082 D/hwcomposer(  157): Skip 5 layer 
01-21 16:51:25.165 D/hwcomposer(  157): Skip 5 layer 
01-21 16:51:25.263 D/hwcomposer(  157): Skip 5 layer 
01-21 16:51:25.345 D/hwcomposer(  157): Skip 5 layer 
01-21 16:51:25.427 D/hwcomposer(  157): Skip 5 layer 
01-21 16:51:25.509 D/hwcomposer(  157): Skip 5 layer 
01-21 16:51:25.591 D/hwcomposer(  157): Skip 5 layer 
01-21 16:51:25.673 D/hwcomposer(  157): Skip 5 layer 
01-21 16:51:25.682 D/RkWifiCtrl(  436): Wifi driver is ready for now...
01-21 16:51:25.755 D/hwcomposer(  157): Skip 5 layer 
01-21 16:51:25.837 D/hwcomposer(  157): Skip 5 layer 
01-21 16:51:25.916 W/WindowManagerService(  436): Devices still not ready after waiting 1000 milliseconds before attempting to detect safe mode.
01-21 16:51:25.916 I/WindowManagerService(  436): SAFE MODE not enabled
01-21 16:51:25.917 I/SystemServiceManager(  436): Starting com.android.server.MmsServiceBroker
01-21 16:51:25.920 D/hwcomposer(  157): Skip 5 layer 
01-21 16:51:25.933 E/SQLiteLog(  436): (283) recovered 16 frames from WAL file /data/system/locksettings.db-wal
01-21 16:51:25.945 E/LockSettingsStorage(  436): Cannot read file java.io.FileNotFoundException: /data/system/password.key: open failed: ENOENT (No such file or directory)
01-21 16:51:25.945 E/LockSettingsStorage(  436): Cannot read file java.io.FileNotFoundException: /data/system/gesture.key: open failed: ENOENT (No such file or directory)
01-21 16:51:25.945 I/SystemServiceManager(  436): Starting phase 480
01-21 16:51:25.955 I/SystemServiceManager(  436): Starting phase 500
01-21 16:51:25.955 I/WifiService(  436): WifiService starting up with Wi-Fi enabled
01-21 16:51:25.958 D/WifiService(  436): setWifiEnabled: true pid=436, uid=1000
01-21 16:51:25.958 E/WifiService(  436): Invoking mWifiStateMachine.setWifiEnabled
01-21 16:51:25.959 D/WifiController(  436): WifiController msg { when=-1ms what=155656 target=com.android.internal.util.StateMachine$SmHandler } deferred for 500ms
01-21 16:51:25.971 D/WifiService(  436): New client listening to asynchronous messages
01-21 16:51:25.976 I/WifiScanningService(  436): Registering wifiscanner
01-21 16:51:25.984 D/WifiScanningService(  436): New client, channel: null messenger: null
01-21 16:51:25.986 D/WifiChangeStateMachine(  436): Entering IdleState
01-21 16:51:25.986 I/RttService(  436): Registering rttmanager
01-21 16:51:25.986 D/WifiScanningService(  436): DefaultState
01-21 16:51:25.990 I/EthernetServiceImpl(  436): Starting Ethernet service
01-21 16:51:25.994 D/Ethernet(  436): Registering NetworkFactory
01-21 16:51:25.995 D/ConnectivityService(  436): Got NetworkFactory Messenger for Ethernet
01-21 16:51:25.996 D/Ethernet(  436): got request NetworkRequest [ id=1, legacyType=-1, [ Capabilities: INTERNET&NOT_RESTRICTED&TRUSTED&NOT_VPN] ] with score 0
01-21 16:51:26.001 I/PppoeServiceImpl(  436): Starting PPPOE service
01-21 16:51:26.002 D/hwcomposer(  157): Skip 5 layer 
01-21 16:51:26.007 D/PppoeManager(  436): PppoeManager() : start 'pppoe handle thread'.
01-21 16:51:26.010 D/PPPOE   (  436): Registering NetworkFactory
01-21 16:51:26.010 D/ConnectivityService(  436): Got NetworkFactory Messenger for PPPOE
01-21 16:51:26.010 D/PPPOE   (  436): got request NetworkRequest [ id=1, legacyType=-1, [ Capabilities: INTERNET&NOT_RESTRICTED&TRUSTED&NOT_VPN] ] with score 0
01-21 16:51:26.012 I/ActivityManagerService(  436): Config changes=200 {1.3 multiwindowflag=DISABLE dualscreenflag=DISABLE ?mcc?mnc zh_CN ?layoutDir sw480dp w853dp h406dp 240dpi nrml long land finger -keyb/v/h -nav/h s.4}
01-21 16:51:26.028 V/BackupManagerService(  436): No ancestral data
01-21 16:51:26.034 D/BackupManagerService(  436): Now staging backup of com.android.browser
01-21 16:51:26.054 D/BackupManagerService(  436): Now staging backup of android
01-21 16:51:26.056 D/BackupManagerService(  436): Now staging backup of com.android.providers.settings
01-21 16:51:26.059 D/BackupManagerService(  436): Now staging backup of com.android.sharedstoragebackup
01-21 16:51:26.062 D/BackupManagerService(  436): Now staging backup of com.android.providers.userdictionary
01-21 16:51:26.065 V/BackupManagerService(  436): Starting with transport android/com.android.internal.backup.LocalTransport
01-21 16:51:26.065 V/BackupManagerService(  436): Found transports: 1
01-21 16:51:26.065 I/BackupManagerService(  436): Binding to transport host ComponentInfo{android/com.android.internal.backup.LocalTransportService}
01-21 16:51:26.070 I/BackupManagerService(  436): Found stale backup journal, scheduling
01-21 16:51:26.084 D/hwcomposer(  157): Skip 5 layer 
01-21 16:51:26.111 D/WindowManagerService(  436): Window{2f6e7f41 u0 KeyguardScrim}  ==========setInputFocusLw ==========  =======
01-21 16:51:26.132 I/NINE    (  436): MSG_USER_ACTIVITY_TIMEOUT_PROTECT
01-21 16:51:26.140 E/Lights  (  436): write_int failed to open sys/class/leds/rk29_key_led/brightness
01-21 16:51:26.140 I/Lights  (  436): >>> Enter set_keyboard_light
01-21 16:51:26.141 D/DisplayPowerController(  436): button lights toggle
01-21 16:51:26.141 E/Lights  (  436): write_int failed to open sys/class/leds/rk29_key_led/brightness
01-21 16:51:26.141 I/Lights  (  436): >>> Enter set_keyboard_light
01-21 16:51:26.141 D/DisplayPowerController(  436): send timeout msg after 1500
01-21 16:51:26.141 E/Lights  (  436): write_int failed to open sys/class/leds/rk29_key_led/brightness
01-21 16:51:26.141 I/Lights  (  436): >>> Enter set_keyboard_light
01-21 16:51:26.141 D/DisplayPowerController(  436): button lights toggle
01-21 16:51:26.142 E/Lights  (  436): write_int failed to open sys/class/leds/rk29_key_led/brightness
01-21 16:51:26.142 I/Lights  (  436): >>> Enter set_keyboard_light
01-21 16:51:26.142 D/DisplayPowerController(  436): send timeout msg after 1500
01-21 16:51:26.142 I/DisplayManagerService(  436): Display device changed: DisplayDeviceInfo{"": uniqueId="local:0", 1280 x 720, 58.343 fps, supportedRefreshRates [58.343], density 240, 160.15764 x 160.42105 dpi, appVsyncOff 0, presDeadline 18140017, touch INTERNAL, rotation 0, type BUILT_IN, state ON, FLAG_DEFAULT_DISPLAY, FLAG_ROTATES_WITH_CONTENT, FLAG_SECURE, FLAG_SUPPORTS_PROTECTED_BUFFERS}
01-21 16:51:26.143 D/SurfaceFlinger(  157): Set power mode=2, type=0 flinger=0xb6482000
01-21 16:51:26.143 D/SurfaceFlinger(  157): Screen type=0 is already mode=2
01-21 16:51:26.150 E/Lights  (  436): write_int failed to open sys/class/leds/rk29_key_led/brightness
01-21 16:51:26.150 I/Lights  (  436): >>> Enter set_keyboard_light
01-21 16:51:26.150 D/DisplayPowerController(  436): button lights toggle
01-21 16:51:26.150 E/Lights  (  436): write_int failed to open sys/class/leds/rk29_key_led/brightness
01-21 16:51:26.151 I/Lights  (  436): >>> Enter set_keyboard_light
01-21 16:51:26.151 D/DisplayPowerController(  436): send timeout msg after 1500
01-21 16:51:26.151 E/Lights  (  436): write_int failed to open sys/class/leds/rk29_key_led/brightness
01-21 16:51:26.151 I/Lights  (  436): >>> Enter set_keyboard_light
01-21 16:51:26.151 D/DisplayPowerController(  436): send timeout msg after 1500
01-21 16:51:26.167 I/AppOps  (  436): Pruning old package media/1013: new uid=-1
01-21 16:51:26.167 D/ActivityManagerService(  436): OK, system ready!
01-21 16:51:26.169 W/ContextImpl(  436): Calling a method in the system process without a qualified user: android.app.ContextImpl.sendBroadcast:1344 com.android.server.am.ActivityManagerService.sendSignwayBroadcast:3265 com.android.server.am.ActivityManagerService.systemReady:11585 com.android.server.SystemServer.startOtherServices:1096 com.android.server.SystemServer.run:260 
01-21 16:51:26.170 V/ActivityManagerService(  436): sendBroadcast START_SIGNWAY_APP
01-21 16:51:26.170 I/ActivityManagerService(  436): System now ready
01-21 16:51:26.180 D/hwcomposer(  157): Skip 5 layer 
01-21 16:51:26.183 D/RkWifiCtrl(  436): Wifi driver is ready for now...
01-21 16:51:26.183 I/Zygote  (  436): Process: zygote socket opened, supported ABIS: armeabi-v7a,armeabi
01-21 16:51:26.224 I/ActivityManagerService(  436): Start proc 524:com.signway.watchdog/u0a46 for broadcast com.signway.watchdog/.BootCompleteReceiver
01-21 16:51:26.225 D/WifiDisplayAdapter(  436): getWifiDisplayStatusLocked: result=WifiDisplayStatus{featureState=1, scanState=0, activeDisplayState=0, activeDisplay=null, displays=[], sessionInfo=WifiDisplaySessionInfo:
01-21 16:51:26.225 D/WifiDisplayAdapter(  436):     Client/Owner: Client
01-21 16:51:26.225 D/WifiDisplayAdapter(  436):     GroupId: 
01-21 16:51:26.225 D/WifiDisplayAdapter(  436):     Passphrase: 
01-21 16:51:26.225 D/WifiDisplayAdapter(  436):     SessionId: 0
01-21 16:51:26.225 D/WifiDisplayAdapter(  436):     IP Address: }
01-21 16:51:26.230 I/SystemServer(  436): Making services ready
01-21 16:51:26.230 I/SystemServiceManager(  436): Starting phase 550
01-21 16:51:26.236 D/UsbDeviceManager(  436): Usb state is false false true
01-21 16:51:26.239 D/MountService(  436): sharedvolumeNum: 0 ;avail: false
01-21 16:51:26.239 I/SystemServer(  436): WebViewFactory preparation
01-21 16:51:26.262 D/hwcomposer(  157): Skip 5 layer 
01-21 16:51:26.282 I/ActivityManagerService(  436): Start proc 544:WebViewLoader-armeabi-v7a/1037 [android.webkit.WebViewFactory$RelroFileCreator] for 
01-21 16:51:26.296 V/WebViewFactory(  544): RelroFileCreator (64bit = false),  32-bit lib: /system/app/webview/lib/arm/libwebviewchromium.so, 64-bit lib: 
01-21 16:51:26.372 D/hwcomposer(  157): Skip 5 layer 
01-21 16:51:26.419 D/hwcomposer(  157): Skip 5 layer 
01-21 16:51:26.419 I/ActivityManagerService(  436): Start proc 562:com.android.systemui/u0a11 for service com.android.systemui/.SystemUIService
01-21 16:51:26.420 D/NetworkManagementService(  436): enabling bandwidth control
01-21 16:51:26.421 I/MountService(  436): doMountVolume: Mouting /mnt/internal_sd
01-21 16:51:26.422 D/VoldCmdListener(  156): volume mount /mnt/internal_sd
01-21 16:51:26.422 D/Vold    (  156):  volume status = 1----------------------
01-21 16:51:26.423 D/DirectVolume(  156): getDeviceNodes mPartIdx = 14, mDiskNumParts = 14.
01-21 16:51:26.423 E/Vold    (  156): deviceNodes[0]= 0x0000b30e,[1]= 0x00000000,[2]= 0x00000000,[3]= 0x00000000
01-21 16:51:26.423 I/Vold    (  156): /dev/block/vold/179:14 being considered for volume internal_sd,1
01-21 16:51:26.423 I/Vold    (  156):  
01-21 16:51:26.423 D/Vold    (  156): Volume internal_sd state changing 1 (Idle-Unmounted) -> 3 (Checking)
01-21 16:51:26.426 I/MountService(  436): onEvent:: raw= 605 Volume internal_sd /mnt/internal_sd state changed from 1 (Idle-Unmounted) to 3 (Checking) cooked =  605 Volume internal_sd /mnt/internal_sd state changed from 1 (Idle-Unmounted) to 3 (Checking)
01-21 16:51:26.426 I/MountService(  436): notifyVolumeStateChange::unmounted
01-21 16:51:26.426 I/MountService(  436): updating volume state checking
01-21 16:51:26.426 D/MountService(  436): volume state changed for /mnt/internal_sd (unmounted -> checking)
01-21 16:51:26.427 D/MountService(  436): sendStorageIntent Intent { act=android.intent.action.MEDIA_CHECKING dat=file:///mnt/internal_sd flg=0x4000000 (has extras) } to UserHandle{-1}
01-21 16:51:26.471 D/WifiController(  436): DEFERRED_TOGGLE handled
01-21 16:51:26.471 D/WifiController(  436): transitionTo: destState=DeviceActiveState
01-21 16:51:26.472 E/WifiStateMachine(  436): setting operational mode to 1
01-21 16:51:26.513 I/fsck_msdos(  156): ** /dev/block/vold/179:14
01-21 16:51:26.514 I/fsck_msdos(  156): ** Phase 1 - Read and Compare FATs
01-21 16:51:26.514 D/hwcomposer(  157): Skip 5 layer 
01-21 16:51:26.515 I/fsck_msdos(  156): Attempting to allocate 2544 KB for FAT
01-21 16:51:26.595 D/hwcomposer(  157): Skip 5 layer 
01-21 16:51:26.671 D/hwcomposer(  157): Skip 5 layer 
01-21 16:51:26.684 D/RkWifiCtrl(  436): Wifi driver is ready for now...
01-21 16:51:26.734 I/art     (  544): System.exit called, status: 0
01-21 16:51:26.734 I/AndroidRuntime(  544): VM exiting with result code 0, cleanup skipped.
01-21 16:51:26.759 I/fsck_msdos(  156): Attempting to allocate 2544 KB for FAT
01-21 16:51:26.766 D/hwcomposer(  157): Skip 5 layer 
01-21 16:51:26.841 D/WatchDogService(  524): service oncreate
01-21 16:51:26.842 D/WatchDogService(  524): action : null, informedAppStatus : 1, isNeedWatch : false
01-21 16:51:26.844 D/hwcomposer(  157): Skip 5 layer 
01-21 16:51:26.888 I/ActivityManagerService(  436): Start proc 616:android.process.media/u0a6 for broadcast com.android.providers.media/.MtpReceiver
01-21 16:51:26.923 D/hwcomposer(  157): Skip 5 layer 
01-21 16:51:26.963 I/fsck_msdos(  156): ** Phase 2 - Check Cluster Chains
01-21 16:51:26.977 I/fsck_msdos(  156): ** Phase 3 - Checking Directories
01-21 16:51:27.002 V/SystemUIService(  562): Starting SystemUI services.
01-21 16:51:27.016 I/fsck_msdos(  156): ** Phase 4 - Checking for Lost Files
01-21 16:51:27.016 I/fsck_msdos(  156): 59 files, 1000704 free (649376 clusters)
01-21 16:51:27.018 D/hwcomposer(  157): Skip 5 layer 
01-21 16:51:27.027 I/NINE    (  436): MSG_USER_ACTIVITY_TIMEOUT_PROTECT
01-21 16:51:27.029 I/Vold    (  156): Filesystem check completed OK
01-21 16:51:27.037 E/Vold    (  156): ---------set mSkipAsec to enable app2sd because mount Vfat succeed for internal_sd, mountpoint =/mnt/internal_sd
01-21 16:51:27.071 D/WifiDisplayAdapter(  436): getWifiDisplayStatusLocked: result=WifiDisplayStatus{featureState=1, scanState=0, activeDisplayState=0, activeDisplay=null, displays=[], sessionInfo=WifiDisplaySessionInfo:
01-21 16:51:27.071 D/WifiDisplayAdapter(  436):     Client/Owner: Client
01-21 16:51:27.071 D/WifiDisplayAdapter(  436):     GroupId: 
01-21 16:51:27.071 D/WifiDisplayAdapter(  436):     Passphrase: 
01-21 16:51:27.071 D/WifiDisplayAdapter(  436):     SessionId: 0
01-21 16:51:27.071 D/WifiDisplayAdapter(  436):     IP Address: }
01-21 16:51:27.090 D/WifiDisplayAdapter(  436): getWifiDisplayStatusLocked: result=WifiDisplayStatus{featureState=1, scanState=0, activeDisplayState=0, activeDisplay=null, displays=[], sessionInfo=WifiDisplaySessionInfo:
01-21 16:51:27.090 D/WifiDisplayAdapter(  436):     Client/Owner: Client
01-21 16:51:27.090 D/WifiDisplayAdapter(  436):     GroupId: 
01-21 16:51:27.090 D/WifiDisplayAdapter(  436):     Passphrase: 
01-21 16:51:27.090 D/WifiDisplayAdapter(  436):     SessionId: 0
01-21 16:51:27.090 D/WifiDisplayAdapter(  436):     IP Address: }
01-21 16:51:27.097 D/Vold    (  156): blkid identified as /dev/block/vold/179:14: LABEL="ROCKCHIP" UUID="3C2A-1011" TYPE="vfat" 
01-21 16:51:27.097 D/hwcomposer(  157): Skip 5 layer 
01-21 16:51:27.098 I/MountService(  436): onEvent:: raw= 613 internal_sd /mnt/internal_sd "3C2A-1011" cooked =  613 internal_sd /mnt/internal_sd 3C2A-1011
01-21 16:51:27.098 I/MountService(  436): onEvent:: raw= 614 internal_sd /mnt/internal_sd "ROCKCHIP" cooked =  614 internal_sd /mnt/internal_sd ROCKCHIP
01-21 16:51:27.104 D/Vold    (  156): Volume internal_sd state changing 3 (Checking) -> 4 (Mounted)
01-21 16:51:27.106 E/VoldConnector(  436): NDC Command {5 volume mount /mnt/internal_sd} took too long (685ms)
01-21 16:51:27.108 I/MountService(  436): onEvent:: raw= 605 Volume internal_sd /mnt/internal_sd state changed from 3 (Checking) to 4 (Mounted) cooked =  605 Volume internal_sd /mnt/internal_sd state changed from 3 (Checking) to 4 (Mounted)
01-21 16:51:27.108 I/MountService(  436): notifyVolumeStateChange::checking
01-21 16:51:27.108 I/MountService(  436): updating volume state mounted
01-21 16:51:27.108 D/MountService(  436): volume state changed for /mnt/internal_sd (checking -> mounted)
01-21 16:51:27.108 I/PackageManager(  436): Updating external media status from unmounted to mounted
01-21 16:51:27.109 D/MountService(  436): sendStorageIntent Intent { act=android.intent.action.MEDIA_MOUNTED dat=file:///mnt/internal_sd flg=0x4000000 (has extras) } to UserHandle{-1}
01-21 16:51:27.111 D/VoldCmdListener(  156): asec list
01-21 16:51:27.178 V/FingerprintService(  436): startListening(android.service.fingerprint.IFingerprintServiceReceiver$Stub$Proxy@33987f8e)
01-21 16:51:27.182 D/PermissionMonitor(  436): Monitoring
01-21 16:51:27.184 D/RkWifiCtrl(  436): Wifi driver is ready for now...
01-21 16:51:27.187 D/PermissionMonitor(  436): Users: 1, Apps: 57
01-21 16:51:27.191 D/hwcomposer(  157): Skip 5 layer 
01-21 16:51:27.202 I/SystemServiceManager(  436): Starting phase 600
01-21 16:51:27.205 D/BluetoothManagerService(  436): Message: 20
01-21 16:51:27.205 D/BluetoothManagerService(  436): Added callback: android.bluetooth.BluetoothAdapter$1@1d4de54:true
01-21 16:51:27.206 D/BluetoothManagerService(  436): Trying to bind to profile: 1, while Bluetooth was disabled
01-21 16:51:27.206 D/BluetoothManagerService(  436): Message: 30
01-21 16:51:27.208 D/BluetoothManagerService(  436): Message: 30
01-21 16:51:27.212 I/AwesomePlayer(  163): AwesomePlayer::AwesomePlayer()in
01-21 16:51:27.214 I/BackupManagerService(  436): Backup enabled => false
01-21 16:51:27.215 I/BackupManagerService(  436): Opting out of backup
01-21 16:51:27.232 E/InputMethodManagerService(  436): Ignoring setImeWindowStatus due to an invalid token. uid:1000 token:null
01-21 16:51:27.257 I/libstagefrighthw(  163): OMX IL core libOMX_Core.so: declares component OMX.rk.video_decoder.avc
01-21 16:51:27.257 I/libstagefrighthw(  163): OMX IL core libOMX_Core.so: declares component OMX.rk.video_decoder.m4v
01-21 16:51:27.257 I/libstagefrighthw(  163): OMX IL core libOMX_Core.so: declares component OMX.rk.video_decoder.h263
01-21 16:51:27.257 I/libstagefrighthw(  163): OMX IL core libOMX_Core.so: declares component OMX.rk.video_decoder.flv1
01-21 16:51:27.257 I/libstagefrighthw(  163): OMX IL core libOMX_Core.so: declares component OMX.rk.video_decoder.m2v
01-21 16:51:27.257 I/libstagefrighthw(  163): OMX IL core libOMX_Core.so: declares component OMX.rk.video_decoder.rv
01-21 16:51:27.257 I/libstagefrighthw(  163): OMX IL core libOMX_Core.so: declares component OMX.rk.video_decoder.vp8
01-21 16:51:27.257 I/libstagefrighthw(  163): OMX IL core libOMX_Core.so: declares component OMX.rk.video_decoder.vc1
01-21 16:51:27.257 I/libstagefrighthw(  163): OMX IL core libOMX_Core.so: declares component OMX.rk.video_decoder.wmv3
01-21 16:51:27.257 I/libstagefrighthw(  163): OMX IL core libOMX_Core.so: declares component OMX.rk.video_decoder.vp6
01-21 16:51:27.257 I/libstagefrighthw(  163): OMX IL core libOMX_Core.so: declares component OMX.rk.video_decoder.hevc
01-21 16:51:27.257 I/libstagefrighthw(  163): OMX IL core libOMX_Core.so: declares component OMX.rk.video_decoder.mjpeg
01-21 16:51:27.257 I/libstagefrighthw(  163): OMX IL core libOMX_Core.so: declares component OMX.rk.video_decoder.avc.secure
01-21 16:51:27.257 I/libstagefrighthw(  163): OMX IL core libOMX_Core.so: declares component OMX.rk.video_encoder.avc
01-21 16:51:27.257 I/libstagefrighthw(  163): OMX IL core libOMX_Core.so: declares component OMX.rk.video_encoder.vp8
01-21 16:51:27.257 I/libstagefrighthw(  163): OMX IL core libOMX_Core.so: contains 15 components
01-21 16:51:27.258 I/AwesomePlayer(  163): AwesomePlayer::AwesomePlayer()aftermClient.connect()
01-21 16:51:27.261 I/AwesomePlayer(  163): AwesomePlayer::AwesomePlayer()in
01-21 16:51:27.262 I/AwesomePlayer(  163): AwesomePlayer::AwesomePlayer()aftermClient.connect()
01-21 16:51:27.270 D/hwcomposer(  157): Skip 5 layer 
01-21 16:51:27.295 E/OMXNodeInstance(  163): getParameter(1:google.mp3.decoder, ParamVideoProfileLevelQuerySupported(0x600000f)) ERROR: UnsupportedIndex(0x8000101a)
01-21 16:51:27.295 E/OMXNodeInstance(  163): getParameter(1:google.mp3.decoder, ParamVideoPortFormat(0x6000001)) ERROR: UnsupportedIndex(0x8000101a)
01-21 16:51:27.303 I/ActivityManagerService(  436): Start proc 653:com.iflytek.inputmethod/u0a52 for service com.iflytek.inputmethod/.FlyIME
01-21 16:51:27.303 V/InputMethodManagerService(  436): Adding window token: android.os.Binder@2b27ea20
01-21 16:51:27.314 E/OMXNodeInstance(  163): getParameter(2:google.amrnb.decoder, ParamVideoProfileLevelQuerySupported(0x600000f)) ERROR: UnsupportedIndex(0x8000101a)
01-21 16:51:27.315 E/OMXNodeInstance(  163): getParameter(2:google.amrnb.decoder, ParamVideoPortFormat(0x6000001)) ERROR: UnsupportedIndex(0x8000101a)
01-21 16:51:27.323 D/GpsLocationProvider(  436): Reset GPS properties, previous size = 0
01-21 16:51:27.323 D/GpsLocationProvider(  436): GpsParamsResource: SUPL_HOST=supl.google.com
01-21 16:51:27.324 D/GpsLocationProvider(  436): GpsParamsResource: SUPL_PORT=7275
01-21 16:51:27.324 D/GpsLocationProvider(  436): GpsParamsResource: NTP_SERVER=north-america.pool.ntp.org
01-21 16:51:27.324 D/GpsLocationProvider(  436): GpsParamsResource: SUPL_VER=0x20000
01-21 16:51:27.324 D/GpsLocationProvider(  436): GpsParamsResource: SUPL_MODE=1
01-21 16:51:27.324 W/GpsLocationProvider(  436): Could not open GPS configuration file /etc/gps.conf
01-21 16:51:27.324 D/GpsLocationProvider(  436): GPS properties reloaded, size = 5
01-21 16:51:27.325 E/GpsLocationProvider(  436): no AGPS interface in set_agps_server
01-21 16:51:27.326 E/OMXNodeInstance(  163): getParameter(3:google.amrwb.decoder, ParamVideoProfileLevelQuerySupported(0x600000f)) ERROR: UnsupportedIndex(0x8000101a)
01-21 16:51:27.326 E/OMXNodeInstance(  163): getParameter(3:google.amrwb.decoder, ParamVideoPortFormat(0x6000001)) ERROR: UnsupportedIndex(0x8000101a)
01-21 16:51:27.347 E/OMXNodeInstance(  163): getParameter(4:google.aac.decoder, ParamVideoProfileLevelQuerySupported(0x600000f)) ERROR: UnsupportedIndex(0x8000101a)
01-21 16:51:27.347 E/OMXNodeInstance(  163): getParameter(4:google.aac.decoder, ParamVideoPortFormat(0x6000001)) ERROR: UnsupportedIndex(0x8000101a)
01-21 16:51:27.349 D/hwcomposer(  157): Skip 5 layer 
01-21 16:51:27.358 E/OMXNodeInstance(  163): getParameter(5:google.g711.alaw.decoder, ParamVideoProfileLevelQuerySupported(0x600000f)) ERROR: UnsupportedIndex(0x8000101a)
01-21 16:51:27.358 E/OMXNodeInstance(  163): getParameter(5:google.g711.alaw.decoder, ParamVideoPortFormat(0x6000001)) ERROR: UnsupportedIndex(0x8000101a)
01-21 16:51:27.369 E/OMXNodeInstance(  163): getParameter(6:google.g711.mlaw.decoder, ParamVideoProfileLevelQuerySupported(0x600000f)) ERROR: UnsupportedIndex(0x8000101a)
01-21 16:51:27.370 E/OMXNodeInstance(  163): getParameter(6:google.g711.mlaw.decoder, ParamVideoPortFormat(0x6000001)) ERROR: UnsupportedIndex(0x8000101a)
01-21 16:51:27.371 E/SQLiteLog(  616): (283) recovered 2 frames from WAL file /data/data/com.android.providers.media/databases/external-ffffffff.db-wal
01-21 16:51:27.379 E/OMXNodeInstance(  163): getParameter(7:google.vorbis.decoder, ParamVideoProfileLevelQuerySupported(0x600000f)) ERROR: UnsupportedIndex(0x8000101a)
01-21 16:51:27.379 E/OMXNodeInstance(  163): getParameter(7:google.vorbis.decoder, ParamVideoPortFormat(0x6000001)) ERROR: UnsupportedIndex(0x8000101a)
01-21 16:51:27.387 E/OMXNodeInstance(  163): getParameter(8:google.opus.decoder, ParamVideoProfileLevelQuerySupported(0x600000f)) ERROR: UnsupportedIndex(0x8000101a)
01-21 16:51:27.387 E/OMXNodeInstance(  163): getParameter(8:google.opus.decoder, ParamVideoPortFormat(0x6000001)) ERROR: UnsupportedIndex(0x8000101a)
01-21 16:51:27.392 E/OMXNodeInstance(  163): getParameter(9:google.raw.decoder, ParamVideoProfileLevelQuerySupported(0x600000f)) ERROR: UnsupportedIndex(0x8000101a)
01-21 16:51:27.392 E/OMXNodeInstance(  163): getParameter(9:google.raw.decoder, ParamVideoPortFormat(0x6000001)) ERROR: UnsupportedIndex(0x8000101a)
01-21 16:51:27.410 E/OMXNodeInstance(  163): getParameter(a:google.aac.encoder, ParamVideoProfileLevelQuerySupported(0x600000f)) ERROR: UnsupportedIndex(0x8000101a)
01-21 16:51:27.410 E/OMXNodeInstance(  163): getParameter(a:google.aac.encoder, ParamVideoPortFormat(0x6000001)) ERROR: UnsupportedIndex(0x8000101a)
01-21 16:51:27.418 E/OMXNodeInstance(  163): getParameter(b:google.amrnb.encoder, ParamVideoProfileLevelQuerySupported(0x600000f)) ERROR: UnsupportedIndex(0x8000101a)
01-21 16:51:27.418 E/OMXNodeInstance(  163): getParameter(b:google.amrnb.encoder, ParamVideoPortFormat(0x6000001)) ERROR: UnsupportedIndex(0x8000101a)
01-21 16:51:27.427 D/hwcomposer(  157): Skip 5 layer 
01-21 16:51:27.427 I/System  (  436): Loaded time zone names for "" in 102ms (97ms in ICU)
01-21 16:51:27.430 E/OMXNodeInstance(  163): getParameter(c:google.amrwb.encoder, ParamVideoProfileLevelQuerySupported(0x600000f)) ERROR: UnsupportedIndex(0x8000101a)
01-21 16:51:27.430 E/OMXNodeInstance(  163): getParameter(c:google.amrwb.encoder, ParamVideoPortFormat(0x6000001)) ERROR: UnsupportedIndex(0x8000101a)
01-21 16:51:27.452 E/OMXNodeInstance(  163): getParameter(d:google.flac.encoder, ParamVideoProfileLevelQuerySupported(0x600000f)) ERROR: UnsupportedIndex(0x8000101a)
01-21 16:51:27.452 E/OMXNodeInstance(  163): getParameter(d:google.flac.encoder, ParamVideoPortFormat(0x6000001)) ERROR: UnsupportedIndex(0x8000101a)
01-21 16:51:27.457 E/ROCKCHIP_VIDEO_DECCONTROL(  163): OMX_IndexParamdescribeColorFormat get 
01-21 16:51:27.458 E/ROCKCHIP_OSAL_Android(  163): OMX_ERRORTYPE Rockchip_OSAL_GetANBParameter(OMX_HANDLETYPE, OMX_INDEXTYPE, OMX_PTR): Rockchip_OMX_Check_SizeVersion(DescribeColorFormatParams) is failed
01-21 16:51:27.458 E/OMXNodeInstance(  163): getParameter(e:rk._decoder.avc, ??(0x7f000017)) ERROR: BadParameter(0x80001005)
01-21 16:51:27.458 E/ROCKCHIP_VIDEO_DECCONTROL(  163): OMX_IndexParamdescribeColorFormat get 
01-21 16:51:27.458 E/ROCKCHIP_OSAL_Android(  163): OMX_ERRORTYPE Rockchip_OSAL_GetANBParameter(OMX_HANDLETYPE, OMX_INDEXTYPE, OMX_PTR): Rockchip_OMX_Check_SizeVersion(DescribeColorFormatParams) is failed
01-21 16:51:27.458 E/OMXNodeInstance(  163): getParameter(e:rk._decoder.avc, ??(0x7f000017)) ERROR: BadParameter(0x80001005)
01-21 16:51:27.458 W/OMXNodeInstance(  163): [e:rk._decoder.avc] component does not support metadata mode; using fallback
01-21 16:51:27.473 E/ROCKCHIP_VIDEO_DECCONTROL(  163): OMX_IndexParamdescribeColorFormat get 
01-21 16:51:27.473 E/ROCKCHIP_OSAL_Android(  163): OMX_ERRORTYPE Rockchip_OSAL_GetANBParameter(OMX_HANDLETYPE, OMX_INDEXTYPE, OMX_PTR): Rockchip_OMX_Check_SizeVersion(DescribeColorFormatParams) is failed
01-21 16:51:27.473 E/OMXNodeInstance(  163): getParameter(f:rk._decoder.m2v, ??(0x7f000017)) ERROR: BadParameter(0x80001005)
01-21 16:51:27.473 E/ROCKCHIP_VIDEO_DECCONTROL(  163): OMX_IndexParamdescribeColorFormat get 
01-21 16:51:27.473 E/ROCKCHIP_OSAL_Android(  163): OMX_ERRORTYPE Rockchip_OSAL_GetANBParameter(OMX_HANDLETYPE, OMX_INDEXTYPE, OMX_PTR): Rockchip_OMX_Check_SizeVersion(DescribeColorFormatParams) is failed
01-21 16:51:27.473 E/OMXNodeInstance(  163): getParameter(f:rk._decoder.m2v, ??(0x7f000017)) ERROR: BadParameter(0x80001005)
01-21 16:51:27.473 W/OMXNodeInstance(  163): [f:rk._decoder.m2v] component does not support metadata mode; using fallback
01-21 16:51:27.477 E/ROCKCHIP_VIDEO_DECCONTROL(  163): OMX_IndexParamdescribeColorFormat get 
01-21 16:51:27.478 E/ROCKCHIP_OSAL_Android(  163): OMX_ERRORTYPE Rockchip_OSAL_GetANBParameter(OMX_HANDLETYPE, OMX_INDEXTYPE, OMX_PTR): Rockchip_OMX_Check_SizeVersion(DescribeColorFormatParams) is failed
01-21 16:51:27.478 E/OMXNodeInstance(  163): getParameter(10:rk._decoder.vp8, ??(0x7f000017)) ERROR: BadParameter(0x80001005)
01-21 16:51:27.478 E/ROCKCHIP_VIDEO_DECCONTROL(  163): OMX_IndexParamdescribeColorFormat get 
01-21 16:51:27.478 E/ROCKCHIP_OSAL_Android(  163): OMX_ERRORTYPE Rockchip_OSAL_GetANBParameter(OMX_HANDLETYPE, OMX_INDEXTYPE, OMX_PTR): Rockchip_OMX_Check_SizeVersion(DescribeColorFormatParams) is failed
01-21 16:51:27.478 E/OMXNodeInstance(  163): getParameter(10:rk._decoder.vp8, ??(0x7f000017)) ERROR: BadParameter(0x80001005)
01-21 16:51:27.478 W/OMXNodeInstance(  163): [10:rk._decoder.vp8] component does not support metadata mode; using fallback
01-21 16:51:27.485 I/System  (  436): Loaded time zone names for "en_US" in 58ms (51ms in ICU)
01-21 16:51:27.510 W/OMXNodeInstance(  163): [11:google.vp9.decoder] component does not support metadata mode; using fallback
01-21 16:51:27.513 E/ROCKCHIP_VIDEO_DECCONTROL(  163): OMX_IndexParamdescribeColorFormat get 
01-21 16:51:27.513 E/ROCKCHIP_OSAL_Android(  163): OMX_ERRORTYPE Rockchip_OSAL_GetANBParameter(OMX_HANDLETYPE, OMX_INDEXTYPE, OMX_PTR): Rockchip_OMX_Check_SizeVersion(DescribeColorFormatParams) is failed
01-21 16:51:27.513 E/OMXNodeInstance(  163): getParameter(12:rk._decoder.h263, ??(0x7f000017)) ERROR: BadParameter(0x80001005)
01-21 16:51:27.513 E/ROCKCHIP_VIDEO_DECCONTROL(  163): OMX_IndexParamdescribeColorFormat get 
01-21 16:51:27.513 E/ROCKCHIP_OSAL_Android(  163): OMX_ERRORTYPE Rockchip_OSAL_GetANBParameter(OMX_HANDLETYPE, OMX_INDEXTYPE, OMX_PTR): Rockchip_OMX_Check_SizeVersion(DescribeColorFormatParams) is failed
01-21 16:51:27.513 E/OMXNodeInstance(  163): getParameter(12:rk._decoder.h263, ??(0x7f000017)) ERROR: BadParameter(0x80001005)
01-21 16:51:27.513 W/OMXNodeInstance(  163): [12:rk._decoder.h263] component does not support metadata mode; using fallback
01-21 16:51:27.523 D/hwcomposer(  157): Skip 5 layer 
01-21 16:51:27.527 E/ROCKCHIP_VIDEO_DECCONTROL(  163): OMX_IndexParamdescribeColorFormat get 
01-21 16:51:27.527 E/ROCKCHIP_OSAL_Android(  163): OMX_ERRORTYPE Rockchip_OSAL_GetANBParameter(OMX_HANDLETYPE, OMX_INDEXTYPE, OMX_PTR): Rockchip_OMX_Check_SizeVersion(DescribeColorFormatParams) is failed
01-21 16:51:27.527 E/OMXNodeInstance(  163): getParameter(13:rk._decoder.m4v, ??(0x7f000017)) ERROR: BadParameter(0x80001005)
01-21 16:51:27.527 E/ROCKCHIP_VIDEO_DECCONTROL(  163): OMX_IndexParamdescribeColorFormat get 
01-21 16:51:27.527 E/ROCKCHIP_OSAL_Android(  163): OMX_ERRORTYPE Rockchip_OSAL_GetANBParameter(OMX_HANDLETYPE, OMX_INDEXTYPE, OMX_PTR): Rockchip_OMX_Check_SizeVersion(DescribeColorFormatParams) is failed
01-21 16:51:27.527 E/OMXNodeInstance(  163): getParameter(13:rk._decoder.m4v, ??(0x7f000017)) ERROR: BadParameter(0x80001005)
01-21 16:51:27.527 W/OMXNodeInstance(  163): [13:rk._decoder.m4v] component does not support metadata mode; using fallback
01-21 16:51:27.532 E/ROCKCHIP_VIDEO_DECCONTROL(  163): OMX_IndexParamdescribeColorFormat get 
01-21 16:51:27.532 E/ROCKCHIP_OSAL_Android(  163): OMX_ERRORTYPE Rockchip_OSAL_GetANBParameter(OMX_HANDLETYPE, OMX_INDEXTYPE, OMX_PTR): Rockchip_OMX_Check_SizeVersion(DescribeColorFormatParams) is failed
01-21 16:51:27.532 E/OMXNodeInstance(  163): getParameter(14:rk._decoder.flv1, ??(0x7f000017)) ERROR: BadParameter(0x80001005)
01-21 16:51:27.532 E/ROCKCHIP_VIDEO_DECCONTROL(  163): OMX_IndexParamdescribeColorFormat get 
01-21 16:51:27.532 E/ROCKCHIP_OSAL_Android(  163): OMX_ERRORTYPE Rockchip_OSAL_GetANBParameter(OMX_HANDLETYPE, OMX_INDEXTYPE, OMX_PTR): Rockchip_OMX_Check_SizeVersion(DescribeColorFormatParams) is failed
01-21 16:51:27.532 E/OMXNodeInstance(  163): getParameter(14:rk._decoder.flv1, ??(0x7f000017)) ERROR: BadParameter(0x80001005)
01-21 16:51:27.532 W/OMXNodeInstance(  163): [14:rk._decoder.flv1] component does not support metadata mode; using fallback
01-21 16:51:27.536 E/ROCKCHIP_VIDEO_DECCONTROL(  163): OMX_IndexParamdescribeColorFormat get 
01-21 16:51:27.536 E/ROCKCHIP_OSAL_Android(  163): OMX_ERRORTYPE Rockchip_OSAL_GetANBParameter(OMX_HANDLETYPE, OMX_INDEXTYPE, OMX_PTR): Rockchip_OMX_Check_SizeVersion(DescribeColorFormatParams) is failed
01-21 16:51:27.536 E/OMXNodeInstance(  163): getParameter(15:rk._decoder.mjpeg, ??(0x7f000017)) ERROR: BadParameter(0x80001005)
01-21 16:51:27.536 E/ROCKCHIP_VIDEO_DECCONTROL(  163): OMX_IndexParamdescribeColorFormat get 
01-21 16:51:27.536 E/ROCKCHIP_OSAL_Android(  163): OMX_ERRORTYPE Rockchip_OSAL_GetANBParameter(OMX_HANDLETYPE, OMX_INDEXTYPE, OMX_PTR): Rockchip_OMX_Check_SizeVersion(DescribeColorFormatParams) is failed
