01-21 16:51:31.709 D/RkWifiCtrl(  436): Wifi driver is ready for now...
01-21 16:51:31.726 W/ResourceType(  562): No package identifier when getting value for resource number 0x00000000
01-21 16:51:31.726 W/PackageManager(  562): Failure retrieving resources for com.android.managedprovisioning: Resource ID #0x0
01-21 16:51:31.755 W/ResourceType(  562): No package identifier when getting value for resource number 0x00000000
01-21 16:51:31.755 W/PackageManager(  562): Failure retrieving resources for com.android.smspush: Resource ID #0x0
01-21 16:51:31.771 D/hwcomposer(  157): Skip 5 layer 
01-21 16:51:31.782 W/ResourceType(  562): No package identifier when getting value for resource number 0x00000000
01-21 16:51:31.782 W/PackageManager(  562): Failure retrieving resources for jp.co.omronsoft.openwnn: Resource ID #0x0
01-21 16:51:31.801 W/ResourceType(  562): No package identifier when getting value for resource number 0x00000000
01-21 16:51:31.802 W/PackageManager(  562): Failure retrieving resources for com.android.vpndialogs: Resource ID #0x0
01-21 16:51:31.824 W/ResourceType(  562): No package identifier when getting value for resource number 0x00000000
01-21 16:51:31.824 W/PackageManager(  562): Failure retrieving resources for com.android.shell: Resource ID #0x0
01-21 16:51:31.827 W/ResourceType(  562): No package identifier when getting value for resource number 0x00000000
01-21 16:51:31.827 W/PackageManager(  562): Failure retrieving resources for com.android.providers.userdictionary: Resource ID #0x0
01-21 16:51:31.830 W/ResourceType(  562): No package identifier when getting value for resource number 0x00000000
01-21 16:51:31.831 W/PackageManager(  562): Failure retrieving resources for com.android.location.fused: Resource ID #0x0
01-21 16:51:31.854 D/MediaScanner(  616): Skipping: /mnt/internal_sd/Android/
01-21 16:51:31.856 D/hwcomposer(  157): Skip 5 layer 
01-21 16:51:31.874 W/ResourceType(  562): No package identifier when getting value for resource number 0x00000000
01-21 16:51:31.874 W/PackageManager(  562): Failure retrieving resources for com.android.captiveportallogin: Resource ID #0x0
01-21 16:51:31.942 D/hwcomposer(  157): Skip 5 layer 
01-21 16:51:32.017 V/MediaScanner(  616): pruneDeadThumbnailFiles... android.database.sqlite.SQLiteCursor@1a25429c
01-21 16:51:32.028 D/hwcomposer(  157): Skip 5 layer 
01-21 16:51:32.045 V/MediaScanner(  616): /pruneDeadThumbnailFiles... android.database.sqlite.SQLiteCursor@1a25429c
01-21 16:51:32.089 W/art     (  653): Suspending all threads took: 30.582ms
01-21 16:51:32.113 D/hwcomposer(  157): Skip 5 layer 
01-21 16:51:32.127 I/art     (  436): Explicit concurrent mark sweep GC freed 13006(1142KB) AllocSpace objects, 7(185KB) LOS objects, 33% free, 6MB/10MB, paused 3.317ms total 65.058ms
01-21 16:51:32.136 I/NINE    (  436): MSG_USER_ACTIVITY_TIMEOUT_PROTECT
01-21 16:51:32.136 D/MediaScannerService(  616): done scanning volume external
01-21 16:51:32.180 D/WifiService(  436): New client listening to asynchronous messages
01-21 16:51:32.199 D/hwcomposer(  157): Skip 5 layer 
01-21 16:51:32.210 D/RkWifiCtrl(  436): Wifi driver is ready for now...
01-21 16:51:32.219 I/NINE    (  436): MSG_USER_ACTIVITY_TIMEOUT_PROTECT
01-21 16:51:32.263 D/BluetoothManagerService(  436): Message: 20
01-21 16:51:32.263 D/BluetoothManagerService(  436): Added callback: android.bluetooth.IBluetoothManagerCallback$Stub$Proxy@2a5e4379:true
01-21 16:51:32.266 D/BluetoothAdapter(  562): 846200462: getState() :  mService = null. Returning STATE_OFF
01-21 16:51:32.269 D/BluetoothManagerService(  436): Message: 30
01-21 16:51:32.277 D/BluetoothManagerService(  436): Message: 30
01-21 16:51:32.284 D/BluetoothManagerService(  436): Message: 30
01-21 16:51:32.284 D/BluetoothAdapter(  562): 846200462: getState() :  mService = null. Returning STATE_OFF
01-21 16:51:32.286 D/hwcomposer(  157): Skip 5 layer 
01-21 16:51:32.295 D/BluetoothManagerService(  436): Message: 30
01-21 16:51:32.296 D/BluetoothManagerService(  436): Trying to bind to profile: 1, while Bluetooth was disabled
01-21 16:51:32.299 D/BluetoothManagerService(  436): Message: 30
01-21 16:51:32.300 E/BluetoothHeadsetClient(  562): Could not bind to Bluetooth Headset Client Service with Intent { act=android.bluetooth.IBluetoothHeadsetClient }
01-21 16:51:32.302 D/BluetoothManagerService(  436): Message: 30
01-21 16:51:32.308 D/BluetoothMap(  562): Create BluetoothMap proxy object
01-21 16:51:32.310 D/BluetoothManagerService(  436): Message: 30
01-21 16:51:32.312 E/BluetoothMap(  562): Could not bind to Bluetooth MAP Service with Intent { act=android.bluetooth.IBluetoothMap }
01-21 16:51:32.314 D/BluetoothManagerService(  436): Message: 30
01-21 16:51:32.328 D/ConnectivityService(  436): listenForNetwork for NetworkRequest [ id=2, legacyType=-1, [] ]
01-21 16:51:32.363 E/blb     (  562): mmEthernetVisible: false
01-21 16:51:32.363 E/blb     (  562): mmEthernetVisible: false
01-21 16:51:32.364 E/blb     (  562): mmEthernetVisible: false
01-21 16:51:32.370 D/hwcomposer(  157): Skip 5 layer 
01-21 16:51:32.382 I/CameraManagerGlobal(  562): getCameraService: Reconnecting to camera service
01-21 16:51:32.392 E/CameraService(  163): no camera found before! check again...
01-21 16:51:32.392 E/HAL     (  163): load: ++++++++++++TWM++++++++++++++++id path=camera
01-21 16:51:32.392 E/HAL     (  163): load: ++++++++++++TWM++++++++++++++++module path=/system/lib/hw/camera.rk30board.so
01-21 16:51:32.392 I/CameraService(  163): Loaded "RK29_ICS_CameraHal_Module" camera module
01-21 16:51:32.396 D/CameraHal(  163): createInstance(813): This machine have not dvp/mipi camera!!
01-21 16:51:32.396 E/CameraHal(  163): camera_get_number_of_cameras(696): board profiles cam num 0
01-21 16:51:32.396 D/CameraHal(  163): camera_get_number_of_cameras(770): nine Camera cam_path = /dev/video0	, cam_num = -1277161900	, fd = -1	
01-21 16:51:32.396 E/CameraHal(  163): camera_get_number_of_cameras(772): Open /dev/video0 failed! strr: No such file or directory
01-21 16:51:32.396 D/CameraHal(  163): camera_get_number_of_cameras(1103): nine gCamerasNumber = 0	 cam_cnt=0	.
01-21 16:51:32.396 D/CameraHal(  163): camera_get_number_of_cameras(1156): camera_get_number_of_cameras(1156): Current board have 0 cameras attached.
01-21 16:51:32.396 D/CameraHal(  163): camera_get_number_of_cameras(1157): nine gCamerasNumber = 0	.
01-21 16:51:32.396 D/CameraHal(  163): camera_get_number_of_cameras(1160): meida_profiles_xml_control time (4251)us
01-21 16:51:32.398 E/CameraService(  163): no camera found before! check again...
01-21 16:51:32.398 E/HAL     (  163): load: ++++++++++++TWM++++++++++++++++id path=camera
01-21 16:51:32.398 E/HAL     (  163): load: ++++++++++++TWM++++++++++++++++module path=/system/lib/hw/camera.rk30board.so
01-21 16:51:32.398 I/CameraService(  163): Loaded "RK29_ICS_CameraHal_Module" camera module
01-21 16:51:32.401 D/CameraHal(  163): createInstance(813): This machine have not dvp/mipi camera!!
01-21 16:51:32.401 E/CameraHal(  163): camera_get_number_of_cameras(696): board profiles cam num 0
01-21 16:51:32.402 D/CameraHal(  163): camera_get_number_of_cameras(770): nine Camera cam_path = /dev/video0	, cam_num = -1282048364	, fd = -1	
01-21 16:51:32.402 E/CameraHal(  163): camera_get_number_of_cameras(772): Open /dev/video0 failed! strr: No such file or directory
01-21 16:51:32.402 D/CameraHal(  163): camera_get_number_of_cameras(1103): nine gCamerasNumber = 0	 cam_cnt=0	.
01-21 16:51:32.402 D/CameraHal(  163): camera_get_number_of_cameras(1156): camera_get_number_of_cameras(1156): Current board have 0 cameras attached.
01-21 16:51:32.402 D/CameraHal(  163): camera_get_number_of_cameras(1157): nine gCamerasNumber = 0	.
01-21 16:51:32.402 D/CameraHal(  163): camera_get_number_of_cameras(1160): meida_profiles_xml_control time (3357)us
01-21 16:51:32.417 I/NINE    (  436): MSG_USER_ACTIVITY_TIMEOUT_PROTECT
01-21 16:51:32.421 D/UserManager(  562): ---getMaxSupportedUsers,we has UMS,force disabled M-user---
01-21 16:51:32.456 D/hwcomposer(  157): Skip 5 layer 
01-21 16:51:32.480 W/art     (  653): Suspending all threads took: 138.584ms
01-21 16:51:32.524 D/hwcomposer(  157): Skip 5 layer 
01-21 16:51:32.531 I/NINE    (  436): MSG_USER_ACTIVITY_TIMEOUT_PROTECT
01-21 16:51:32.561 I/NINE    (  436): MSG_USER_ACTIVITY_TIMEOUT_PROTECT
01-21 16:51:32.568 D/BluetoothAdapter(  562): 846200462: getState() :  mService = null. Returning STATE_OFF
01-21 16:51:32.569 D/BluetoothAdapter(  562): 846200462: getState() :  mService = null. Returning STATE_OFF
01-21 16:51:32.569 D/BluetoothAdapter(  562): 846200462: getState() :  mService = null. Returning STATE_OFF
01-21 16:51:32.569 D/BluetoothAdapter(  562): 846200462: getState() :  mService = null. Returning STATE_OFF
01-21 16:51:32.610 D/hwcomposer(  157): Skip 5 layer 
01-21 16:51:32.636 D/OpenGLRenderer(  562): Use EGL_SWAP_BEHAVIOR_PRESERVED: false
01-21 16:51:32.639 E/HAL     (  562): load: ++++++++++++TWM++++++++++++++++id path=gralloc
01-21 16:51:32.639 E/HAL     (  562): load: ++++++++++++TWM++++++++++++++++module path=/system/lib/hw/gralloc.rk30board.so
01-21 16:51:32.640 E/HAL     (  562): load: ++++++++++++TWM++++++++++++++++id path=gralloc
01-21 16:51:32.640 E/HAL     (  562): load: ++++++++++++TWM++++++++++++++++module path=/system/lib/hw/gralloc.rk30board.so
01-21 16:51:32.641 I/[Gralloc](  562):  ion device open success! fd = 113
01-21 16:51:32.644 D/Atlas   (  562): Validating map...
01-21 16:51:32.647 W/art     (  988): Suspending all threads took: 16.315ms
01-21 16:51:32.648 W/Atlas   (  562): Pointer 0x0, not in getPreloadedDrawables?
01-21 16:51:32.649 W/Atlas   (  562): Pointer 0x0, not in getPreloadedDrawables?
01-21 16:51:32.649 W/Atlas   (  562): Pointer 0x0, not in getPreloadedDrawables?
01-21 16:51:32.649 W/Atlas   (  562): Pointer 0x0, not in getPreloadedDrawables?
01-21 16:51:32.649 W/Atlas   (  562): Pointer 0x0, not in getPreloadedDrawables?
01-21 16:51:32.649 W/Atlas   (  562): Pointer 0x0, not in getPreloadedDrawables?
01-21 16:51:32.649 W/Atlas   (  562): Pointer 0x0, not in getPreloadedDrawables?
01-21 16:51:32.649 W/Atlas   (  562): Pointer 0x0, not in getPreloadedDrawables?
01-21 16:51:32.649 W/Atlas   (  562): Pointer 0x0, not in getPreloadedDrawables?
01-21 16:51:32.649 W/Atlas   (  562): Pointer 0x0, not in getPreloadedDrawables?
01-21 16:51:32.649 W/Atlas   (  562): Pointer 0x0, not in getPreloadedDrawables?
01-21 16:51:32.649 W/Atlas   (  562): Pointer 0x0, not in getPreloadedDrawables?
01-21 16:51:32.649 W/Atlas   (  562): Pointer 0x0, not in getPreloadedDrawables?
01-21 16:51:32.649 W/Atlas   (  562): Pointer 0x0, not in getPreloadedDrawables?
01-21 16:51:32.649 W/Atlas   (  562): Pointer 0x0, not in getPreloadedDrawables?
01-21 16:51:32.649 W/Atlas   (  562): Pointer 0x0, not in getPreloadedDrawables?
01-21 16:51:32.649 W/Atlas   (  562): Pointer 0x0, not in getPreloadedDrawables?
01-21 16:51:32.649 W/Atlas   (  562): Pointer 0x0, not in getPreloadedDrawables?
01-21 16:51:32.650 W/Atlas   (  562): Pointer 0x0, not in getPreloadedDrawables?
01-21 16:51:32.650 W/Atlas   (  562): Pointer 0x0, not in getPreloadedDrawables?
01-21 16:51:32.650 W/Atlas   (  562): Pointer 0x0, not in getPreloadedDrawables?
01-21 16:51:32.650 W/Atlas   (  562): Pointer 0x0, not in getPreloadedDrawables?
01-21 16:51:32.650 W/Atlas   (  562): Pointer 0x0, not in getPreloadedDrawables?
01-21 16:51:32.650 W/Atlas   (  562): Pointer 0x0, not in getPreloadedDrawables?
01-21 16:51:32.650 W/Atlas   (  562): Pointer 0x0, not in getPreloadedDrawables?
01-21 16:51:32.650 W/Atlas   (  562): Pointer 0x0, not in getPreloadedDrawables?
01-21 16:51:32.650 W/Atlas   (  562): Pointer 0x0, not in getPreloadedDrawables?
01-21 16:51:32.650 W/Atlas   (  562): Pointer 0x0, not in getPreloadedDrawables?
01-21 16:51:32.650 W/Atlas   (  562): Pointer 0x0, not in getPreloadedDrawables?
01-21 16:51:32.650 W/Atlas   (  562): Pointer 0x0, not in getPreloadedDrawables?
01-21 16:51:32.650 W/Atlas   (  562): Pointer 0x0, not in getPreloadedDrawables?
01-21 16:51:32.650 W/Atlas   (  562): Pointer 0x0, not in getPreloadedDrawables?
01-21 16:51:32.650 W/Atlas   (  562): Pointer 0x0, not in getPreloadedDrawables?
01-21 16:51:32.650 W/Atlas   (  562): Pointer 0x0, not in getPreloadedDrawables?
01-21 16:51:32.650 W/Atlas   (  562): Pointer 0x0, not in getPreloadedDrawables?
01-21 16:51:32.650 W/Atlas   (  562): Pointer 0x0, not in getPreloadedDrawables?
01-21 16:51:32.650 W/Atlas   (  562): Pointer 0x0, not in getPreloadedDrawables?
01-21 16:51:32.651 W/Atlas   (  562): Pointer 0x0, not in getPreloadedDrawables?
01-21 16:51:32.651 W/Atlas   (  562): Pointer 0x0, not in getPreloadedDrawables?
01-21 16:51:32.651 W/Atlas   (  562): Pointer 0x0, not in getPreloadedDrawables?
01-21 16:51:32.651 W/Atlas   (  562): Pointer 0x0, not in getPreloadedDrawables?
01-21 16:51:32.651 W/Atlas   (  562): Pointer 0x0, not in getPreloadedDrawables?
01-21 16:51:32.651 W/Atlas   (  562): Pointer 0x0, not in getPreloadedDrawables?
01-21 16:51:32.651 W/Atlas   (  562): Pointer 0x0, not in getPreloadedDrawables?
01-21 16:51:32.651 W/Atlas   (  562): Pointer 0x0, not in getPreloadedDrawables?
01-21 16:51:32.651 W/Atlas   (  562): Pointer 0x0, not in getPreloadedDrawables?
01-21 16:51:32.651 W/Atlas   (  562): Pointer 0x0, not in getPreloadedDrawables?
01-21 16:51:32.651 W/Atlas   (  562): Pointer 0x0, not in getPreloadedDrawables?
01-21 16:51:32.651 W/Atlas   (  562): Pointer 0x0, not in getPreloadedDrawables?
01-21 16:51:32.651 W/Atlas   (  562): Pointer 0x0, not in getPreloadedDrawables?
01-21 16:51:32.651 W/Atlas   (  562): Pointer 0x0, not in getPreloadedDrawables?
01-21 16:51:32.651 W/Atlas   (  562): Pointer 0x0, not in getPreloadedDrawables?
01-21 16:51:32.651 W/Atlas   (  562): Pointer 0x0, not in getPreloadedDrawables?
01-21 16:51:32.651 W/Atlas   (  562): Pointer 0x0, not in getPreloadedDrawables?
01-21 16:51:32.651 W/Atlas   (  562): Pointer 0x0, not in getPreloadedDrawables?
01-21 16:51:32.651 W/Atlas   (  562): Pointer 0x0, not in getPreloadedDrawables?
01-21 16:51:32.651 W/Atlas   (  562): Pointer 0x0, not in getPreloadedDrawables?
01-21 16:51:32.652 W/Atlas   (  562): Pointer 0x0, not in getPreloadedDrawables?
01-21 16:51:32.652 W/Atlas   (  562): Pointer 0x0, not in getPreloadedDrawables?
01-21 16:51:32.652 W/Atlas   (  562): Pointer 0x0, not in getPreloadedDrawables?
01-21 16:51:32.652 W/Atlas   (  562): Pointer 0x0, not in getPreloadedDrawables?
01-21 16:51:32.652 W/Atlas   (  562): Pointer 0x0, not in getPreloadedDrawables?
01-21 16:51:32.652 W/Atlas   (  562): Pointer 0x0, not in getPreloadedDrawables?
01-21 16:51:32.652 W/Atlas   (  562): Pointer 0x0, not in getPreloadedDrawables?
01-21 16:51:32.652 W/Atlas   (  562): Pointer 0x0, not in getPreloadedDrawables?
01-21 16:51:32.652 W/Atlas   (  562): Pointer 0x0, not in getPreloadedDrawables?
01-21 16:51:32.652 W/Atlas   (  562): Pointer 0x0, not in getPreloadedDrawables?
01-21 16:51:32.652 W/Atlas   (  562): Pointer 0x0, not in getPreloadedDrawables?
01-21 16:51:32.652 W/Atlas   (  562): Pointer 0x0, not in getPreloadedDrawables?
01-21 16:51:32.652 W/Atlas   (  562): Pointer 0x0, not in getPreloadedDrawables?
01-21 16:51:32.652 W/Atlas   (  562): Pointer 0x0, not in getPreloadedDrawables?
01-21 16:51:32.652 W/Atlas   (  562): Pointer 0x0, not in getPreloadedDrawables?
01-21 16:51:32.652 W/Atlas   (  562): Pointer 0x0, not in getPreloadedDrawables?
01-21 16:51:32.652 W/Atlas   (  562): Pointer 0x0, not in getPreloadedDrawables?
01-21 16:51:32.653 W/Atlas   (  562): Pointer 0x0, not in getPreloadedDrawables?
01-21 16:51:32.653 W/Atlas   (  562): Pointer 0x0, not in getPreloadedDrawables?
01-21 16:51:32.653 W/Atlas   (  562): Pointer 0x0, not in getPreloadedDrawables?
01-21 16:51:32.653 W/Atlas   (  562): Pointer 0x0, not in getPreloadedDrawables?
01-21 16:51:32.653 W/Atlas   (  562): Pointer 0x0, not in getPreloadedDrawables?
01-21 16:51:32.653 W/Atlas   (  562): Pointer 0x0, not in getPreloadedDrawables?
01-21 16:51:32.653 W/Atlas   (  562): Pointer 0x0, not in getPreloadedDrawables?
01-21 16:51:32.653 W/Atlas   (  562): Pointer 0x0, not in getPreloadedDrawables?
01-21 16:51:32.653 W/Atlas   (  562): Pointer 0x0, not in getPreloadedDrawables?
01-21 16:51:32.653 W/Atlas   (  562): Pointer 0x0, not in getPreloadedDrawables?
01-21 16:51:32.653 W/Atlas   (  562): Pointer 0x0, not in getPreloadedDrawables?
01-21 16:51:32.653 W/Atlas   (  562): Pointer 0x0, not in getPreloadedDrawables?
01-21 16:51:32.653 W/Atlas   (  562): Pointer 0x0, not in getPreloadedDrawables?
01-21 16:51:32.653 W/Atlas   (  562): Pointer 0x0, not in getPreloadedDrawables?
01-21 16:51:32.653 W/Atlas   (  562): Pointer 0x0, not in getPreloadedDrawables?
01-21 16:51:32.654 W/Atlas   (  562): Pointer 0x0, not in getPreloadedDrawables?
01-21 16:51:32.654 W/Atlas   (  562): Pointer 0x0, not in getPreloadedDrawables?
01-21 16:51:32.654 W/Atlas   (  562): Pointer 0x0, not in getPreloadedDrawables?
01-21 16:51:32.654 W/Atlas   (  562): Pointer 0x0, not in getPreloadedDrawables?
01-21 16:51:32.654 W/Atlas   (  562): Pointer 0x0, not in getPreloadedDrawables?
01-21 16:51:32.654 W/Atlas   (  562): Pointer 0x0, not in getPreloadedDrawables?
01-21 16:51:32.654 W/Atlas   (  562): Pointer 0x0, not in getPreloadedDrawables?
01-21 16:51:32.654 W/Atlas   (  562): Pointer 0x0, not in getPreloadedDrawables?
01-21 16:51:32.654 W/Atlas   (  562): Pointer 0x0, not in getPreloadedDrawables?
01-21 16:51:32.654 W/Atlas   (  562): Pointer 0x0, not in getPreloadedDrawables?
01-21 16:51:32.654 W/Atlas   (  562): Pointer 0x0, not in getPreloadedDrawables?
01-21 16:51:32.654 W/Atlas   (  562): Pointer 0x0, not in getPreloadedDrawables?
01-21 16:51:32.654 W/Atlas   (  562): Pointer 0x0, not in getPreloadedDrawables?
01-21 16:51:32.654 W/Atlas   (  562): Pointer 0x0, not in getPreloadedDrawables?
01-21 16:51:32.654 W/Atlas   (  562): Pointer 0x0, not in getPreloadedDrawables?
01-21 16:51:32.654 W/Atlas   (  562): Pointer 0x0, not in getPreloadedDrawables?
01-21 16:51:32.654 W/Atlas   (  562): Pointer 0x0, not in getPreloadedDrawables?
01-21 16:51:32.654 W/Atlas   (  562): Pointer 0x0, not in getPreloadedDrawables?
01-21 16:51:32.654 W/Atlas   (  562): Pointer 0x0, not in getPreloadedDrawables?
01-21 16:51:32.654 W/Atlas   (  562): Pointer 0x0, not in getPreloadedDrawables?
01-21 16:51:32.655 W/Atlas   (  562): Pointer 0x0, not in getPreloadedDrawables?
01-21 16:51:32.655 W/Atlas   (  562): Pointer 0x0, not in getPreloadedDrawables?
01-21 16:51:32.655 W/Atlas   (  562): Pointer 0x0, not in getPreloadedDrawables?
01-21 16:51:32.655 W/Atlas   (  562): Pointer 0x0, not in getPreloadedDrawables?
01-21 16:51:32.655 W/Atlas   (  562): Pointer 0x0, not in getPreloadedDrawables?
01-21 16:51:32.655 W/Atlas   (  562): Pointer 0x0, not in getPreloadedDrawables?
01-21 16:51:32.655 W/Atlas   (  562): Pointer 0x0, not in getPreloadedDrawables?
01-21 16:51:32.655 W/Atlas   (  562): Pointer 0x0, not in getPreloadedDrawables?
01-21 16:51:32.655 W/Atlas   (  562): Pointer 0x0, not in getPreloadedDrawables?
01-21 16:51:32.655 W/Atlas   (  562): Pointer 0x0, not in getPreloadedDrawables?
01-21 16:51:32.655 W/Atlas   (  562): Pointer 0x0, not in getPreloadedDrawables?
01-21 16:51:32.655 W/Atlas   (  562): Pointer 0x0, not in getPreloadedDrawables?
01-21 16:51:32.655 W/Atlas   (  562): Pointer 0x0, not in getPreloadedDrawables?
01-21 16:51:32.655 W/Atlas   (  562): Pointer 0x0, not in getPreloadedDrawables?
01-21 16:51:32.655 W/Atlas   (  562): Pointer 0x0, not in getPreloadedDrawables?
01-21 16:51:32.655 W/Atlas   (  562): Pointer 0x0, not in getPreloadedDrawables?
01-21 16:51:32.655 W/Atlas   (  562): Pointer 0x0, not in getPreloadedDrawables?
01-21 16:51:32.655 W/Atlas   (  562): Pointer 0x0, not in getPreloadedDrawables?
01-21 16:51:32.655 W/Atlas   (  562): Pointer 0x0, not in getPreloadedDrawables?
01-21 16:51:32.658 I/NINE    (  436): MSG_USER_ACTIVITY_TIMEOUT_PROTECT
01-21 16:51:32.660 W/Atlas   (  562): Pointer 0x0, not in getPreloadedDrawables?
01-21 16:51:32.660 I/NINE    (  436): MSG_USER_ACTIVITY_TIMEOUT_PROTECT
01-21 16:51:32.660 W/Atlas   (  562): Pointer 0x0, not in getPreloadedDrawables?
01-21 16:51:32.660 W/Atlas   (  562): Pointer 0x0, not in getPreloadedDrawables?
01-21 16:51:32.660 W/Atlas   (  562): Pointer 0x0, not in getPreloadedDrawables?
01-21 16:51:32.660 W/Atlas   (  562): Pointer 0x0, not in getPreloadedDrawables?
01-21 16:51:32.660 W/Atlas   (  562): Pointer 0x0, not in getPreloadedDrawables?
01-21 16:51:32.660 W/Atlas   (  562): Pointer 0x0, not in getPreloadedDrawables?
01-21 16:51:32.660 W/Atlas   (  562): Pointer 0x0, not in getPreloadedDrawables?
01-21 16:51:32.660 W/Atlas   (  562): Pointer 0x0, not in getPreloadedDrawables?
01-21 16:51:32.660 W/Atlas   (  562): Pointer 0x0, not in getPreloadedDrawables?
01-21 16:51:32.660 W/Atlas   (  562): Pointer 0x0, not in getPreloadedDrawables?
01-21 16:51:32.660 W/Atlas   (  562): Pointer 0x0, not in getPreloadedDrawables?
01-21 16:51:32.660 W/Atlas   (  562): Pointer 0x0, not in getPreloadedDrawables?
01-21 16:51:32.660 W/Atlas   (  562): Pointer 0x0, not in getPreloadedDrawables?
01-21 16:51:32.661 W/Atlas   (  562): Pointer 0x0, not in getPreloadedDrawables?
01-21 16:51:32.661 W/Atlas   (  562): Pointer 0x0, not in getPreloadedDrawables?
01-21 16:51:32.661 W/Atlas   (  562): Pointer 0x0, not in getPreloadedDrawables?
01-21 16:51:32.661 W/Atlas   (  562): Pointer 0x0, not in getPreloadedDrawables?
01-21 16:51:32.661 W/Atlas   (  562): Pointer 0x0, not in getPreloadedDrawables?
01-21 16:51:32.661 W/Atlas   (  562): Pointer 0x0, not in getPreloadedDrawables?
01-21 16:51:32.661 W/Atlas   (  562): Pointer 0x0, not in getPreloadedDrawables?
01-21 16:51:32.661 W/Atlas   (  562): Pointer 0x0, not in getPreloadedDrawables?
01-21 16:51:32.661 W/Atlas   (  562): Pointer 0x0, not in getPreloadedDrawables?
01-21 16:51:32.661 W/Atlas   (  562): Pointer 0x0, not in getPreloadedDrawables?
01-21 16:51:32.661 W/Atlas   (  562): Pointer 0x0, not in getPreloadedDrawables?
01-21 16:51:32.661 W/Atlas   (  562): Pointer 0x0, not in getPreloadedDrawables?
01-21 16:51:32.661 W/Atlas   (  562): Pointer 0x0, not in getPreloadedDrawables?
01-21 16:51:32.661 W/Atlas   (  562): Pointer 0x0, not in getPreloadedDrawables?
01-21 16:51:32.662 W/Atlas   (  562): Pointer 0x0, not in getPreloadedDrawables?
01-21 16:51:32.662 W/Atlas   (  562): Pointer 0x0, not in getPreloadedDrawables?
01-21 16:51:32.662 W/Atlas   (  562): Pointer 0x0, not in getPreloadedDrawables?
01-21 16:51:32.662 W/Atlas   (  562): Pointer 0x0, not in getPreloadedDrawables?
01-21 16:51:32.663 W/Atlas   (  562): Pointer 0x0, not in getPreloadedDrawables?
01-21 16:51:32.664 W/Atlas   (  562): Pointer 0x0, not in getPreloadedDrawables?
01-21 16:51:32.664 W/Atlas   (  562): Pointer 0x0, not in getPreloadedDrawables?
01-21 16:51:32.664 W/Atlas   (  562): Pointer 0x0, not in getPreloadedDrawables?
01-21 16:51:32.664 W/Atlas   (  562): Pointer 0x0, not in getPreloadedDrawables?
01-21 16:51:32.664 W/Atlas   (  562): Pointer 0x0, not in getPreloadedDrawables?
01-21 16:51:32.664 W/Atlas   (  562): Pointer 0x0, not in getPreloadedDrawables?
01-21 16:51:32.664 W/Atlas   (  562): Pointer 0x0, not in getPreloadedDrawables?
01-21 16:51:32.664 W/Atlas   (  562): Pointer 0x0, not in getPreloadedDrawables?
01-21 16:51:32.664 W/Atlas   (  562): Pointer 0x0, not in getPreloadedDrawables?
01-21 16:51:32.664 W/Atlas   (  562): Pointer 0x0, not in getPreloadedDrawables?
01-21 16:51:32.664 W/Atlas   (  562): Pointer 0x0, not in getPreloadedDrawables?
01-21 16:51:32.664 W/Atlas   (  562): Pointer 0x0, not in getPreloadedDrawables?
01-21 16:51:32.664 W/Atlas   (  562): Pointer 0x0, not in getPreloadedDrawables?
01-21 16:51:32.664 W/Atlas   (  562): Pointer 0x0, not in getPreloadedDrawables?
01-21 16:51:32.664 W/Atlas   (  562): Pointer 0x0, not in getPreloadedDrawables?
01-21 16:51:32.664 W/Atlas   (  562): Pointer 0x0, not in getPreloadedDrawables?
01-21 16:51:32.664 W/Atlas   (  562): Pointer 0x0, not in getPreloadedDrawables?
01-21 16:51:32.664 W/Atlas   (  562): Pointer 0x0, not in getPreloadedDrawables?
01-21 16:51:32.664 W/Atlas   (  562): Pointer 0x0, not in getPreloadedDrawables?
01-21 16:51:32.664 W/Atlas   (  562): Pointer 0x0, not in getPreloadedDrawables?
01-21 16:51:32.664 W/Atlas   (  562): Pointer 0x0, not in getPreloadedDrawables?
01-21 16:51:32.664 W/Atlas   (  562): Pointer 0x0, not in getPreloadedDrawables?
01-21 16:51:32.665 W/Atlas   (  562): Pointer 0x0, not in getPreloadedDrawables?
01-21 16:51:32.665 W/Atlas   (  562): Pointer 0x0, not in getPreloadedDrawables?
01-21 16:51:32.665 W/Atlas   (  562): Pointer 0x0, not in getPreloadedDrawables?
01-21 16:51:32.665 W/Atlas   (  562): Pointer 0x0, not in getPreloadedDrawables?
01-21 16:51:32.665 W/Atlas   (  562): Pointer 0x0, not in getPreloadedDrawables?
01-21 16:51:32.665 W/Atlas   (  562): Pointer 0x0, not in getPreloadedDrawables?
01-21 16:51:32.665 W/Atlas   (  562): Pointer 0x0, not in getPreloadedDrawables?
01-21 16:51:32.665 W/Atlas   (  562): Pointer 0x0, not in getPreloadedDrawables?
01-21 16:51:32.665 W/Atlas   (  562): Pointer 0x0, not in getPreloadedDrawables?
01-21 16:51:32.665 W/Atlas   (  562): Pointer 0x0, not in getPreloadedDrawables?
01-21 16:51:32.665 W/Atlas   (  562): Pointer 0x0, not in getPreloadedDrawables?
01-21 16:51:32.665 W/Atlas   (  562): Pointer 0x0, not in getPreloadedDrawables?
01-21 16:51:32.665 W/Atlas   (  562): Pointer 0x0, not in getPreloadedDrawables?
01-21 16:51:32.665 W/Atlas   (  562): Pointer 0x0, not in getPreloadedDrawables?
01-21 16:51:32.665 W/Atlas   (  562): Pointer 0x0, not in getPreloadedDrawables?
01-21 16:51:32.665 W/Atlas   (  562): Pointer 0x0, not in getPreloadedDrawables?
01-21 16:51:32.665 W/Atlas   (  562): Pointer 0x0, not in getPreloadedDrawables?
01-21 16:51:32.665 W/Atlas   (  562): Pointer 0x0, not in getPreloadedDrawables?
01-21 16:51:32.665 W/Atlas   (  562): Pointer 0x0, not in getPreloadedDrawables?
01-21 16:51:32.665 W/Atlas   (  562): Pointer 0x0, not in getPreloadedDrawables?
01-21 16:51:32.666 W/Atlas   (  562): Pointer 0x0, not in getPreloadedDrawables?
01-21 16:51:32.666 W/Atlas   (  562): Pointer 0x0, not in getPreloadedDrawables?
01-21 16:51:32.666 W/Atlas   (  562): Pointer 0x0, not in getPreloadedDrawables?
01-21 16:51:32.666 W/Atlas   (  562): Pointer 0x0, not in getPreloadedDrawables?
01-21 16:51:32.666 W/Atlas   (  562): Pointer 0x0, not in getPreloadedDrawables?
01-21 16:51:32.666 W/Atlas   (  562): Pointer 0x0, not in getPreloadedDrawables?
01-21 16:51:32.666 W/Atlas   (  562): Pointer 0x0, not in getPreloadedDrawables?
01-21 16:51:32.666 W/Atlas   (  562): Pointer 0x0, not in getPreloadedDrawables?
01-21 16:51:32.666 W/Atlas   (  562): Pointer 0x0, not in getPreloadedDrawables?
01-21 16:51:32.666 W/Atlas   (  562): Pointer 0x0, not in getPreloadedDrawables?
01-21 16:51:32.666 W/Atlas   (  562): Pointer 0x0, not in getPreloadedDrawables?
01-21 16:51:32.666 W/Atlas   (  562): Pointer 0x0, not in getPreloadedDrawables?
01-21 16:51:32.666 W/Atlas   (  562): Pointer 0x0, not in getPreloadedDrawables?
01-21 16:51:32.666 W/Atlas   (  562): Pointer 0x0, not in getPreloadedDrawables?
01-21 16:51:32.666 W/Atlas   (  562): Pointer 0x0, not in getPreloadedDrawables?
01-21 16:51:32.667 W/Atlas   (  562): Pointer 0x0, not in getPreloadedDrawables?
01-21 16:51:32.667 W/Atlas   (  562): Pointer 0x0, not in getPreloadedDrawables?
01-21 16:51:32.667 W/Atlas   (  562): Pointer 0x0, not in getPreloadedDrawables?
01-21 16:51:32.667 W/Atlas   (  562): Pointer 0x0, not in getPreloadedDrawables?
01-21 16:51:32.667 W/Atlas   (  562): Pointer 0x0, not in getPreloadedDrawables?
01-21 16:51:32.667 W/Atlas   (  562): Pointer 0x0, not in getPreloadedDrawables?
01-21 16:51:32.667 W/Atlas   (  562): Pointer 0x0, not in getPreloadedDrawables?
01-21 16:51:32.667 W/Atlas   (  562): Pointer 0x0, not in getPreloadedDrawables?
01-21 16:51:32.667 W/Atlas   (  562): Pointer 0x0, not in getPreloadedDrawables?
01-21 16:51:32.667 W/Atlas   (  562): Pointer 0x0, not in getPreloadedDrawables?
01-21 16:51:32.667 W/Atlas   (  562): Pointer 0x0, not in getPreloadedDrawables?
01-21 16:51:32.667 W/Atlas   (  562): Pointer 0x0, not in getPreloadedDrawables?
01-21 16:51:32.667 W/Atlas   (  562): Pointer 0x0, not in getPreloadedDrawables?
01-21 16:51:32.667 W/Atlas   (  562): Pointer 0x0, not in getPreloadedDrawables?
01-21 16:51:32.667 W/Atlas   (  562): Pointer 0x0, not in getPreloadedDrawables?
01-21 16:51:32.667 W/Atlas   (  562): Pointer 0x0, not in getPreloadedDrawables?
01-21 16:51:32.667 W/Atlas   (  562): Pointer 0x0, not in getPreloadedDrawables?
01-21 16:51:32.667 W/Atlas   (  562): Pointer 0x0, not in getPreloadedDrawables?
01-21 16:51:32.667 W/Atlas   (  562): Pointer 0x0, not in getPreloadedDrawables?
01-21 16:51:32.668 W/Atlas   (  562): Pointer 0x0, not in getPreloadedDrawables?
01-21 16:51:32.668 W/Atlas   (  562): Pointer 0x0, not in getPreloadedDrawables?
01-21 16:51:32.668 W/Atlas   (  562): Pointer 0x0, not in getPreloadedDrawables?
01-21 16:51:32.668 W/Atlas   (  562): Pointer 0x0, not in getPreloadedDrawables?
01-21 16:51:32.668 W/Atlas   (  562): Pointer 0x0, not in getPreloadedDrawables?
01-21 16:51:32.668 W/Atlas   (  562): Pointer 0x0, not in getPreloadedDrawables?
01-21 16:51:32.668 W/Atlas   (  562): Pointer 0x0, not in getPreloadedDrawables?
01-21 16:51:32.668 W/Atlas   (  562): Pointer 0x0, not in getPreloadedDrawables?
01-21 16:51:32.668 W/Atlas   (  562): Pointer 0x0, not in getPreloadedDrawables?
01-21 16:51:32.668 W/Atlas   (  562): Pointer 0x0, not in getPreloadedDrawables?
01-21 16:51:32.668 W/Atlas   (  562): Pointer 0x0, not in getPreloadedDrawables?
01-21 16:51:32.671 W/Atlas   (  562): Pointer 0x0, not in getPreloadedDrawables?
01-21 16:51:32.671 W/Atlas   (  562): Pointer 0x0, not in getPreloadedDrawables?
01-21 16:51:32.671 W/Atlas   (  562): Pointer 0x0, not in getPreloadedDrawables?
01-21 16:51:32.671 W/Atlas   (  562): Pointer 0x0, not in getPreloadedDrawables?
01-21 16:51:32.671 W/Atlas   (  562): Pointer 0x0, not in getPreloadedDrawables?
01-21 16:51:32.671 W/Atlas   (  562): Pointer 0x0, not in getPreloadedDrawables?
01-21 16:51:32.671 W/Atlas   (  562): Pointer 0x0, not in getPreloadedDrawables?
01-21 16:51:32.671 W/Atlas   (  562): Pointer 0x0, not in getPreloadedDrawables?
01-21 16:51:32.671 W/Atlas   (  562): Pointer 0x0, not in getPreloadedDrawables?
01-21 16:51:32.671 W/Atlas   (  562): Pointer 0x0, not in getPreloadedDrawables?
01-21 16:51:32.671 W/Atlas   (  562): Pointer 0x0, not in getPreloadedDrawables?
01-21 16:51:32.671 W/Atlas   (  562): Pointer 0x0, not in getPreloadedDrawables?
01-21 16:51:32.672 W/Atlas   (  562): Pointer 0x0, not in getPreloadedDrawables?
01-21 16:51:32.672 W/Atlas   (  562): Pointer 0x0, not in getPreloadedDrawables?
01-21 16:51:32.672 W/Atlas   (  562): Pointer 0x0, not in getPreloadedDrawables?
01-21 16:51:32.672 W/Atlas   (  562): Pointer 0x0, not in getPreloadedDrawables?
01-21 16:51:32.672 W/Atlas   (  562): Pointer 0x0, not in getPreloadedDrawables?
01-21 16:51:32.672 W/Atlas   (  562): Pointer 0x0, not in getPreloadedDrawables?
01-21 16:51:32.672 W/Atlas   (  562): Pointer 0x0, not in getPreloadedDrawables?
01-21 16:51:32.672 W/Atlas   (  562): Pointer 0x0, not in getPreloadedDrawables?
01-21 16:51:32.672 W/Atlas   (  562): Pointer 0x0, not in getPreloadedDrawables?
01-21 16:51:32.672 W/Atlas   (  562): Pointer 0x0, not in getPreloadedDrawables?
01-21 16:51:32.672 W/Atlas   (  562): Pointer 0x0, not in getPreloadedDrawables?
01-21 16:51:32.672 W/Atlas   (  562): Pointer 0x0, not in getPreloadedDrawables?
01-21 16:51:32.672 W/Atlas   (  562): Pointer 0x0, not in getPreloadedDrawables?
01-21 16:51:32.672 W/Atlas   (  562): Pointer 0x0, not in getPreloadedDrawables?
01-21 16:51:32.672 W/Atlas   (  562): Pointer 0x0, not in getPreloadedDrawables?
01-21 16:51:32.672 W/Atlas   (  562): Pointer 0x0, not in getPreloadedDrawables?
01-21 16:51:32.672 W/Atlas   (  562): Pointer 0x0, not in getPreloadedDrawables?
01-21 16:51:32.672 W/Atlas   (  562): Pointer 0x0, not in getPreloadedDrawables?
01-21 16:51:32.672 W/Atlas   (  562): Pointer 0x0, not in getPreloadedDrawables?
01-21 16:51:32.672 W/Atlas   (  562): Pointer 0x0, not in getPreloadedDrawables?
01-21 16:51:32.673 W/Atlas   (  562): Pointer 0x0, not in getPreloadedDrawables?
01-21 16:51:32.673 W/Atlas   (  562): Pointer 0x0, not in getPreloadedDrawables?
01-21 16:51:32.673 W/Atlas   (  562): Pointer 0x0, not in getPreloadedDrawables?
01-21 16:51:32.673 W/Atlas   (  562): Pointer 0x0, not in getPreloadedDrawables?
01-21 16:51:32.673 W/Atlas   (  562): Pointer 0x0, not in getPreloadedDrawables?
01-21 16:51:32.673 W/Atlas   (  562): Pointer 0x0, not in getPreloadedDrawables?
01-21 16:51:32.673 W/Atlas   (  562): Pointer 0x0, not in getPreloadedDrawables?
01-21 16:51:32.673 W/Atlas   (  562): Pointer 0x0, not in getPreloadedDrawables?
01-21 16:51:32.673 W/Atlas   (  562): Pointer 0x0, not in getPreloadedDrawables?
01-21 16:51:32.673 W/Atlas   (  562): Pointer 0x0, not in getPreloadedDrawables?
01-21 16:51:32.673 W/Atlas   (  562): Pointer 0x0, not in getPreloadedDrawables?
01-21 16:51:32.674 W/Atlas   (  562): Pointer 0x0, not in getPreloadedDrawables?
01-21 16:51:32.674 W/Atlas   (  562): Pointer 0x0, not in getPreloadedDrawables?
01-21 16:51:32.674 W/Atlas   (  562): Pointer 0x0, not in getPreloadedDrawables?
01-21 16:51:32.674 W/Atlas   (  562): Pointer 0x0, not in getPreloadedDrawables?
01-21 16:51:32.674 W/Atlas   (  562): Pointer 0x0, not in getPreloadedDrawables?
01-21 16:51:32.674 W/Atlas   (  562): Pointer 0x0, not in getPreloadedDrawables?
01-21 16:51:32.674 W/Atlas   (  562): Pointer 0x0, not in getPreloadedDrawables?
01-21 16:51:32.674 W/Atlas   (  562): Pointer 0x0, not in getPreloadedDrawables?
01-21 16:51:32.674 W/Atlas   (  562): Pointer 0x0, not in getPreloadedDrawables?
01-21 16:51:32.674 W/Atlas   (  562): Pointer 0x0, not in getPreloadedDrawables?
01-21 16:51:32.674 W/Atlas   (  562): Pointer 0x0, not in getPreloadedDrawables?
01-21 16:51:32.674 W/Atlas   (  562): Pointer 0x0, not in getPreloadedDrawables?
01-21 16:51:32.674 W/Atlas   (  562): Pointer 0x0, not in getPreloadedDrawables?
01-21 16:51:32.674 W/Atlas   (  562): Pointer 0x0, not in getPreloadedDrawables?
01-21 16:51:32.674 W/Atlas   (  562): Pointer 0x0, not in getPreloadedDrawables?
01-21 16:51:32.674 W/Atlas   (  562): Pointer 0x0, not in getPreloadedDrawables?
01-21 16:51:32.674 W/Atlas   (  562): Pointer 0x0, not in getPreloadedDrawables?
01-21 16:51:32.674 W/Atlas   (  562): Pointer 0x0, not in getPreloadedDrawables?
01-21 16:51:32.674 W/Atlas   (  562): Pointer 0x0, not in getPreloadedDrawables?
01-21 16:51:32.674 W/Atlas   (  562): Pointer 0x0, not in getPreloadedDrawables?
01-21 16:51:32.674 W/Atlas   (  562): Pointer 0x0, not in getPreloadedDrawables?
01-21 16:51:32.675 W/Atlas   (  562): Pointer 0x0, not in getPreloadedDrawables?
01-21 16:51:32.675 W/Atlas   (  562): Pointer 0x0, not in getPreloadedDrawables?
01-21 16:51:32.675 W/Atlas   (  562): Pointer 0x0, not in getPreloadedDrawables?
01-21 16:51:32.675 W/Atlas   (  562): Pointer 0x0, not in getPreloadedDrawables?
01-21 16:51:32.675 W/Atlas   (  562): Pointer 0x0, not in getPreloadedDrawables?
01-21 16:51:32.675 W/Atlas   (  562): Pointer 0x0, not in getPreloadedDrawables?
01-21 16:51:32.675 W/Atlas   (  562): Pointer 0x0, not in getPreloadedDrawables?
01-21 16:51:32.675 W/Atlas   (  562): Pointer 0x0, not in getPreloadedDrawables?
01-21 16:51:32.675 W/Atlas   (  562): Pointer 0x0, not in getPreloadedDrawables?
01-21 16:51:32.675 W/Atlas   (  562): Pointer 0x0, not in getPreloadedDrawables?
01-21 16:51:32.675 W/Atlas   (  562): Pointer 0x0, not in getPreloadedDrawables?
01-21 16:51:32.675 W/Atlas   (  562): Pointer 0x0, not in getPreloadedDrawables?
01-21 16:51:32.675 W/Atlas   (  562): Pointer 0x0, not in getPreloadedDrawables?
01-21 16:51:32.675 W/Atlas   (  562): Pointer 0x0, not in getPreloadedDrawables?
01-21 16:51:32.675 W/Atlas   (  562): Pointer 0x0, not in getPreloadedDrawables?
01-21 16:51:32.675 W/Atlas   (  562): Pointer 0x0, not in getPreloadedDrawables?
01-21 16:51:32.676 W/Atlas   (  562): Pointer 0x0, not in getPreloadedDrawables?
01-21 16:51:32.676 W/Atlas   (  562): Pointer 0x0, not in getPreloadedDrawables?
01-21 16:51:32.676 W/Atlas   (  562): Pointer 0x0, not in getPreloadedDrawables?
01-21 16:51:32.676 W/Atlas   (  562): Pointer 0x0, not in getPreloadedDrawables?
01-21 16:51:32.676 W/Atlas   (  562): Pointer 0x0, not in getPreloadedDrawables?
01-21 16:51:32.676 W/Atlas   (  562): Pointer 0x0, not in getPreloadedDrawables?
01-21 16:51:32.676 W/Atlas   (  562): Pointer 0x0, not in getPreloadedDrawables?
01-21 16:51:32.676 W/Atlas   (  562): Pointer 0x0, not in getPreloadedDrawables?
01-21 16:51:32.676 W/Atlas   (  562): Pointer 0x0, not in getPreloadedDrawables?
01-21 16:51:32.676 W/Atlas   (  562): Pointer 0x0, not in getPreloadedDrawables?
01-21 16:51:32.676 W/Atlas   (  562): Pointer 0x0, not in getPreloadedDrawables?
01-21 16:51:32.676 W/Atlas   (  562): Pointer 0x0, not in getPreloadedDrawables?
01-21 16:51:32.676 W/Atlas   (  562): Pointer 0x0, not in getPreloadedDrawables?
01-21 16:51:32.676 W/Atlas   (  562): Pointer 0x0, not in getPreloadedDrawables?
01-21 16:51:32.676 W/Atlas   (  562): Pointer 0x0, not in getPreloadedDrawables?
01-21 16:51:32.676 W/Atlas   (  562): Pointer 0x0, not in getPreloadedDrawables?
01-21 16:51:32.677 W/Atlas   (  562): Pointer 0x0, not in getPreloadedDrawables?
01-21 16:51:32.677 W/Atlas   (  562): Pointer 0x0, not in getPreloadedDrawables?
01-21 16:51:32.677 W/Atlas   (  562): Pointer 0x0, not in getPreloadedDrawables?
01-21 16:51:32.677 W/Atlas   (  562): Pointer 0x0, not in getPreloadedDrawables?
01-21 16:51:32.677 W/Atlas   (  562): Pointer 0x0, not in getPreloadedDrawables?
01-21 16:51:32.677 W/Atlas   (  562): Pointer 0x0, not in getPreloadedDrawables?
01-21 16:51:32.677 W/Atlas   (  562): Pointer 0x0, not in getPreloadedDrawables?
01-21 16:51:32.677 W/Atlas   (  562): Pointer 0x0, not in getPreloadedDrawables?
01-21 16:51:32.677 W/Atlas   (  562): Pointer 0x0, not in getPreloadedDrawables?
01-21 16:51:32.677 W/Atlas   (  562): Pointer 0x0, not in getPreloadedDrawables?
01-21 16:51:32.677 W/Atlas   (  562): Pointer 0x0, not in getPreloadedDrawables?
01-21 16:51:32.677 W/Atlas   (  562): Pointer 0x0, not in getPreloadedDrawables?
01-21 16:51:32.677 W/Atlas   (  562): Pointer 0x0, not in getPreloadedDrawables?
01-21 16:51:32.677 W/Atlas   (  562): Pointer 0x0, not in getPreloadedDrawables?
01-21 16:51:32.677 W/Atlas   (  562): Pointer 0x0, not in getPreloadedDrawables?
01-21 16:51:32.677 W/Atlas   (  562): Pointer 0x0, not in getPreloadedDrawables?
01-21 16:51:32.677 W/Atlas   (  562): Pointer 0x0, not in getPreloadedDrawables?
01-21 16:51:32.677 W/Atlas   (  562): Pointer 0x0, not in getPreloadedDrawables?
01-21 16:51:32.677 W/Atlas   (  562): Pointer 0x0, not in getPreloadedDrawables?
01-21 16:51:32.677 W/Atlas   (  562): Pointer 0x0, not in getPreloadedDrawables?
01-21 16:51:32.677 W/Atlas   (  562): Pointer 0x0, not in getPreloadedDrawables?
01-21 16:51:32.677 W/Atlas   (  562): Pointer 0x0, not in getPreloadedDrawables?
01-21 16:51:32.677 W/Atlas   (  562): Pointer 0x0, not in getPreloadedDrawables?
01-21 16:51:32.677 W/Atlas   (  562): Pointer 0x0, not in getPreloadedDrawables?
01-21 16:51:32.678 W/Atlas   (  562): Pointer 0x0, not in getPreloadedDrawables?
01-21 16:51:32.678 W/Atlas   (  562): Pointer 0x0, not in getPreloadedDrawables?
01-21 16:51:32.678 W/Atlas   (  562): Pointer 0x0, not in getPreloadedDrawables?
01-21 16:51:32.678 W/Atlas   (  562): Pointer 0x0, not in getPreloadedDrawables?
01-21 16:51:32.678 W/Atlas   (  562): Pointer 0x0, not in getPreloadedDrawables?
01-21 16:51:32.678 W/Atlas   (  562): Pointer 0x0, not in getPreloadedDrawables?
01-21 16:51:32.678 W/Atlas   (  562): Pointer 0x0, not in getPreloadedDrawables?
01-21 16:51:32.678 W/Atlas   (  562): Pointer 0x0, not in getPreloadedDrawables?
01-21 16:51:32.678 W/Atlas   (  562): Pointer 0x0, not in getPreloadedDrawables?
01-21 16:51:32.678 W/Atlas   (  562): Pointer 0x0, not in getPreloadedDrawables?
01-21 16:51:32.678 W/Atlas   (  562): Pointer 0x0, not in getPreloadedDrawables?
01-21 16:51:32.678 W/Atlas   (  562): Pointer 0x0, not in getPreloadedDrawables?
01-21 16:51:32.678 W/Atlas   (  562): Pointer 0x0, not in getPreloadedDrawables?
01-21 16:51:32.678 W/Atlas   (  562): Pointer 0x0, not in getPreloadedDrawables?
01-21 16:51:32.678 W/Atlas   (  562): Pointer 0x0, not in getPreloadedDrawables?
01-21 16:51:32.678 W/Atlas   (  562): Pointer 0x0, not in getPreloadedDrawables?
01-21 16:51:32.678 W/Atlas   (  562): Pointer 0x0, not in getPreloadedDrawables?
01-21 16:51:32.678 W/Atlas   (  562): Pointer 0x0, not in getPreloadedDrawables?
01-21 16:51:32.678 W/Atlas   (  562): Pointer 0x0, not in getPreloadedDrawables?
01-21 16:51:32.678 W/Atlas   (  562): Pointer 0x0, not in getPreloadedDrawables?
01-21 16:51:32.679 W/Atlas   (  562): Pointer 0x0, not in getPreloadedDrawables?
01-21 16:51:32.679 W/Atlas   (  562): Pointer 0x0, not in getPreloadedDrawables?
01-21 16:51:32.679 W/Atlas   (  562): Pointer 0x0, not in getPreloadedDrawables?
01-21 16:51:32.679 W/Atlas   (  562): Pointer 0x0, not in getPreloadedDrawables?
01-21 16:51:32.679 W/Atlas   (  562): Pointer 0x0, not in getPreloadedDrawables?
01-21 16:51:32.679 W/Atlas   (  562): Pointer 0x0, not in getPreloadedDrawables?
01-21 16:51:32.679 W/Atlas   (  562): Pointer 0x0, not in getPreloadedDrawables?
01-21 16:51:32.679 W/Atlas   (  562): Pointer 0x0, not in getPreloadedDrawables?
01-21 16:51:32.679 W/Atlas   (  562): Pointer 0x0, not in getPreloadedDrawables?
01-21 16:51:32.679 W/Atlas   (  562): Pointer 0x0, not in getPreloadedDrawables?
01-21 16:51:32.679 W/Atlas   (  562): Pointer 0x0, not in getPreloadedDrawables?
01-21 16:51:32.679 W/Atlas   (  562): Pointer 0x0, not in getPreloadedDrawables?
01-21 16:51:32.679 W/Atlas   (  562): Pointer 0x0, not in getPreloadedDrawables?
01-21 16:51:32.679 W/Atlas   (  562): Pointer 0x0, not in getPreloadedDrawables?
01-21 16:51:32.679 W/Atlas   (  562): Pointer 0x0, not in getPreloadedDrawables?
01-21 16:51:32.679 W/Atlas   (  562): Pointer 0x0, not in getPreloadedDrawables?
01-21 16:51:32.679 W/Atlas   (  562): Pointer 0x0, not in getPreloadedDrawables?
01-21 16:51:32.679 W/Atlas   (  562): Pointer 0x0, not in getPreloadedDrawables?
01-21 16:51:32.679 W/Atlas   (  562): Pointer 0x0, not in getPreloadedDrawables?
01-21 16:51:32.679 W/Atlas   (  562): Pointer 0x0, not in getPreloadedDrawables?
01-21 16:51:32.679 W/Atlas   (  562): Pointer 0x0, not in getPreloadedDrawables?
01-21 16:51:32.679 W/Atlas   (  562): Pointer 0x0, not in getPreloadedDrawables?
01-21 16:51:32.680 W/Atlas   (  562): Pointer 0x0, not in getPreloadedDrawables?
01-21 16:51:32.680 W/Atlas   (  562): Pointer 0x0, not in getPreloadedDrawables?
01-21 16:51:32.680 W/Atlas   (  562): Pointer 0x0, not in getPreloadedDrawables?
01-21 16:51:32.680 W/Atlas   (  562): Pointer 0x0, not in getPreloadedDrawables?
01-21 16:51:32.680 W/Atlas   (  562): Pointer 0x0, not in getPreloadedDrawables?
01-21 16:51:32.680 W/Atlas   (  562): Pointer 0x0, not in getPreloadedDrawables?
01-21 16:51:32.680 W/Atlas   (  562): Pointer 0x0, not in getPreloadedDrawables?
01-21 16:51:32.680 W/Atlas   (  562): Pointer 0x0, not in getPreloadedDrawables?
01-21 16:51:32.680 W/Atlas   (  562): Pointer 0x0, not in getPreloadedDrawables?
01-21 16:51:32.680 W/Atlas   (  562): Pointer 0x0, not in getPreloadedDrawables?
01-21 16:51:32.680 W/Atlas   (  562): Pointer 0x0, not in getPreloadedDrawables?
01-21 16:51:32.680 W/Atlas   (  562): Pointer 0x0, not in getPreloadedDrawables?
01-21 16:51:32.680 W/Atlas   (  562): Pointer 0x0, not in getPreloadedDrawables?
01-21 16:51:32.680 W/Atlas   (  562): Pointer 0x0, not in getPreloadedDrawables?
01-21 16:51:32.680 W/Atlas   (  562): Pointer 0x0, not in getPreloadedDrawables?
01-21 16:51:32.680 W/Atlas   (  562): Pointer 0x0, not in getPreloadedDrawables?
01-21 16:51:32.680 W/Atlas   (  562): Pointer 0x0, not in getPreloadedDrawables?
01-21 16:51:32.680 W/Atlas   (  562): Pointer 0x0, not in getPreloadedDrawables?
01-21 16:51:32.680 W/Atlas   (  562): Pointer 0x0, not in getPreloadedDrawables?
01-21 16:51:32.680 W/Atlas   (  562): Pointer 0x0, not in getPreloadedDrawables?
01-21 16:51:32.680 W/Atlas   (  562): Pointer 0x0, not in getPreloadedDrawables?
01-21 16:51:32.680 W/Atlas   (  562): Pointer 0x0, not in getPreloadedDrawables?
01-21 16:51:32.681 W/Atlas   (  562): Pointer 0x0, not in getPreloadedDrawables?
01-21 16:51:32.681 W/Atlas   (  562): Pointer 0x0, not in getPreloadedDrawables?
01-21 16:51:32.681 W/Atlas   (  562): Pointer 0x0, not in getPreloadedDrawables?
01-21 16:51:32.681 W/Atlas   (  562): Pointer 0x0, not in getPreloadedDrawables?
01-21 16:51:32.681 W/Atlas   (  562): Pointer 0x0, not in getPreloadedDrawables?
01-21 16:51:32.681 W/Atlas   (  562): Pointer 0x0, not in getPreloadedDrawables?
01-21 16:51:32.681 W/Atlas   (  562): Pointer 0x0, not in getPreloadedDrawables?
01-21 16:51:32.681 W/Atlas   (  562): Pointer 0x0, not in getPreloadedDrawables?
01-21 16:51:32.681 W/Atlas   (  562): Pointer 0x0, not in getPreloadedDrawables?
01-21 16:51:32.681 W/Atlas   (  562): Pointer 0x0, not in getPreloadedDrawables?
01-21 16:51:32.681 W/Atlas   (  562): Pointer 0x0, not in getPreloadedDrawables?
01-21 16:51:32.681 W/Atlas   (  562): Pointer 0x0, not in getPreloadedDrawables?
01-21 16:51:32.681 W/Atlas   (  562): Pointer 0x0, not in getPreloadedDrawables?
01-21 16:51:32.681 W/Atlas   (  562): Pointer 0x0, not in getPreloadedDrawables?
01-21 16:51:32.681 W/Atlas   (  562): Pointer 0x0, not in getPreloadedDrawables?
01-21 16:51:32.681 W/Atlas   (  562): Pointer 0x0, not in getPreloadedDrawables?
01-21 16:51:32.681 W/Atlas   (  562): Pointer 0x0, not in getPreloadedDrawables?
01-21 16:51:32.681 W/Atlas   (  562): Pointer 0x0, not in getPreloadedDrawables?
01-21 16:51:32.681 W/Atlas   (  562): Pointer 0x0, not in getPreloadedDrawables?
01-21 16:51:32.710 D/RkWifiCtrl(  436): Wifi driver is ready for now...
01-21 16:51:32.713 D/hwcomposer(  157): Skip 5 layer 
01-21 16:51:32.764 I/System.out(  562): ============================================================FourScreenCircleMenuView
01-21 16:51:32.769 D/PhoneStatusBar(  562): disable: < EXPAND* icons alerts system_info BACK* HOME* RECENT* clock SEARCH* >
01-21 16:51:32.781 D/hwcomposer(  157): Skip 5 layer 
01-21 16:51:32.867 D/hwcomposer(  157): Skip 5 layer 
01-21 16:51:32.914 D/BluetoothAdapter(  562): 846200462: getState() :  mService = null. Returning STATE_OFF
01-21 16:51:32.914 D/BluetoothAdapter(  562): 846200462: getState() :  mService = null. Returning STATE_OFF
01-21 16:51:32.948 D/PhoneStatusBar(  562): heads up is enabled
01-21 16:51:32.953 D/hwcomposer(  157): Skip 5 layer 
01-21 16:51:32.995 V/KeyguardUpdateMonitor(  562): action android.intent.action.SIM_STATE_CHANGED state: NOT_READY slotId: 0 subid: 0
01-21 16:51:33.038 D/hwcomposer(  157): Skip 5 layer 
01-21 16:51:33.090 D/hwcomposer(  157): Skip 5 layer 
01-21 16:51:33.142 D/hwcomposer(  157): Skip 5 layer 
01-21 16:51:33.193 D/hwcomposer(  157): Skip 5 layer 
01-21 16:51:33.210 D/hwcomposer(  157): Skip 5 layer 
01-21 16:51:33.211 D/RkWifiCtrl(  436): Wifi driver is ready for now...
01-21 16:51:33.226 D/ViewRootImpl(  436): 1280<<<<<< BACK FROM relayoutnull
01-21 16:51:33.234 E/HAL     (  436): load: ++++++++++++TWM++++++++++++++++id path=gralloc
01-21 16:51:33.234 E/HAL     (  436): load: ++++++++++++TWM++++++++++++++++module path=/system/lib/hw/gralloc.rk30board.so
01-21 16:51:33.240 D/ViewRootImpl(  806): 1280<<<<<< BACK FROM relayoutnull
01-21 16:51:33.241 E/HAL     (  157): load: ++++++++++++TWM++++++++++++++++id path=gralloc
01-21 16:51:33.241 E/HAL     (  157): load: ++++++++++++TWM++++++++++++++++module path=/system/lib/hw/gralloc.rk30board.so
01-21 16:51:33.244 D/hwcomposer(  157): Skip 5 layer 
01-21 16:51:33.270 E/HAL     (  806): load: ++++++++++++TWM++++++++++++++++id path=gralloc
01-21 16:51:33.270 E/HAL     (  806): load: ++++++++++++TWM++++++++++++++++module path=/system/lib/hw/gralloc.rk30board.so
01-21 16:51:33.270 E/HAL     (  806): load: ++++++++++++TWM++++++++++++++++id path=gralloc
01-21 16:51:33.270 E/HAL     (  806): load: ++++++++++++TWM++++++++++++++++module path=/system/lib/hw/gralloc.rk30board.so
01-21 16:51:33.277 I/art     (  562): Background sticky concurrent mark sweep GC freed 578(83KB) AllocSpace objects, 0(0B) LOS objects, 0% free, 17MB/17MB, paused 17.143ms total 29.337ms
01-21 16:51:33.281 D/hwcomposer(  157): Skip 5 layer 
01-21 16:51:33.298 E/HAL     (  157): load: ++++++++++++TWM++++++++++++++++id path=gralloc
01-21 16:51:33.298 E/HAL     (  157): load: ++++++++++++TWM++++++++++++++++module path=/system/lib/hw/gralloc.rk30board.so
01-21 16:51:33.334 D/hwcomposer(  157): Skip 5 layer 
01-21 16:51:33.367 I/mali_so (  562): [File] : hardware/arm_hal/mali/driver/./src/base/arch/arch_011_udd/base_arch_main.c; [Line] : 565; [Func] : deal_with_version_affairs_rk_ext;
01-21 16:51:33.367 I/mali_so (  562): arm_release_ver of this mali_so is 'r6p0-01rel1', rk_so_ver is '3@0', built at '11:17:27', on 'Mar  9 2016'.
01-21 16:51:33.367 I/mali_so (  562): [File] : hardware/arm_hal/mali/driver/./src/base/arch/arch_011_udd/base_arch_main.c; [Line] : 578; [Func] : deal_with_version_affairs_rk_ext;
01-21 16:51:33.367 I/mali_so (  562): mali_ver_property has been set to 'r6p0-01rel1-5-3@0', to return.
01-21 16:51:33.369 E/HAL     (  562): load: ++++++++++++TWM++++++++++++++++id path=gralloc
01-21 16:51:33.369 E/HAL     (  562): load: ++++++++++++TWM++++++++++++++++module path=/system/lib/hw/gralloc.rk30board.so
01-21 16:51:33.376 D/hwcomposer(  157): Skip 5 layer 
