01-05 10:13:49.201 I/UsageStatsService(  436): User[0] Flushing usage stats to disk
01-05 10:13:49.206 D/WindowManagerService(  436): null  ==========setInputFocusLw ==========  =======
01-05 10:13:49.219 V/PhoneWindowManager(  436): rotation ======&&&&&========== 1
01-05 10:13:49.241 I/UsageStatsDatabase(  436): Moving file /data/system/usagestats/0/daily/1421798400000 to /data/system/usagestats/0/daily/1515086387001
01-05 10:13:49.242 I/UsageStatsDatabase(  436): Moving file /data/system/usagestats/0/weekly/1421280000000 to /data/system/usagestats/0/weekly/1514567987001
01-05 10:13:49.243 I/UsageStatsDatabase(  436): Moving file /data/system/usagestats/0/monthly/1420416000000 to /data/system/usagestats/0/monthly/1513703987001
01-05 10:13:49.245 I/UsageStatsDatabase(  436): Moving file /data/system/usagestats/0/yearly/1419120000000 to /data/system/usagestats/0/yearly/1512407987001
01-05 10:13:49.248 D/hwcomposer(  157): Skip 5 layer 
01-05 10:13:49.252 W/Launcher( 1299): setApplicationContext called twice! old=com.android.launcher3.LauncherApplication@222d9f70 new=com.android.launcher3.LauncherApplication@222d9f70
01-05 10:13:49.258 D/hwcomposer(  157): Skip 5 layer 
01-05 10:13:49.263 D/WatchDogService(  524): action : null, informedAppStatus : 1, isNeedWatch : false
01-05 10:13:49.267 I/UsageStatsService(  436): User[0] Rollover scheduled @ 2018-01-06 08:00:00(1515196800000)
01-05 10:13:49.269 D/hwcomposer(  157): Skip 5 layer 
01-05 10:13:49.286 D/hwcomposer(  157): Skip 5 layer 
01-05 10:13:49.303 D/hwcomposer(  157): Skip 5 layer 
01-05 10:13:49.320 D/hwcomposer(  157): Skip 5 layer 
01-05 10:13:49.337 D/hwcomposer(  157): Skip 5 layer 
01-05 10:13:49.355 D/hwcomposer(  157): Skip 5 layer 
01-05 10:13:49.368 D/PhoneWindow( 1299): DecorView - SCREEN_WEITH = 1280 - SCREE_HEIGHT = 648
01-05 10:13:49.372 D/hwcomposer(  157): Skip 5 layer 
01-05 10:13:49.388 D/hwcomposer(  157): Skip 5 layer 
01-05 10:13:49.406 D/hwcomposer(  157): Skip 5 layer 
01-05 10:13:49.423 D/hwcomposer(  157): Skip 5 layer 
01-05 10:13:49.440 D/hwcomposer(  157): Skip 5 layer 
01-05 10:13:49.457 D/hwcomposer(  157): Skip 5 layer 
01-05 10:13:49.474 D/hwcomposer(  157): Skip 5 layer 
01-05 10:13:49.491 D/hwcomposer(  157): Skip 5 layer 
01-05 10:13:49.508 D/hwcomposer(  157): Skip 5 layer 
01-05 10:13:49.526 D/hwcomposer(  157): Skip 5 layer 
01-05 10:13:49.543 D/hwcomposer(  157): Skip 5 layer 
01-05 10:13:49.560 D/hwcomposer(  157): Skip 5 layer 
01-05 10:13:49.577 D/hwcomposer(  157): Skip 5 layer 
01-05 10:13:49.594 D/hwcomposer(  157): Skip 5 layer 
01-05 10:13:49.611 D/hwcomposer(  157): Skip 5 layer 
01-05 10:13:49.669 W/ResourceType( 1299): Attempt to retrieve bag 0x7f0d0008 which is invalid or in a cycle.
01-05 10:13:49.819 D/Launcher.Model( 1299): 11683562 - loadWorkspace()
01-05 10:13:49.821 D/Launcher.Model( 1299): 11683562 -   loadedOldDb: false
01-05 10:13:49.821 V/PhoneWindowManager(  436): rotation ======&&&&&========== 1
01-05 10:13:49.828 W/Launcher( 1299): setApplicationContext called twice! old=com.android.launcher3.LauncherApplication@222d9f70 new=com.android.launcher3.LauncherApplication@222d9f70
01-05 10:13:49.852 D/OpenGLRenderer( 1299): Use EGL_SWAP_BEHAVIOR_PRESERVED: false
01-05 10:13:49.855 E/HAL     ( 1299): load: ++++++++++++TWM++++++++++++++++id path=gralloc
01-05 10:13:49.855 E/HAL     ( 1299): load: ++++++++++++TWM++++++++++++++++module path=/system/lib/hw/gralloc.rk30board.so
01-05 10:13:49.856 E/HAL     ( 1299): load: ++++++++++++TWM++++++++++++++++id path=gralloc
01-05 10:13:49.856 E/HAL     ( 1299): load: ++++++++++++TWM++++++++++++++++module path=/system/lib/hw/gralloc.rk30board.so
01-05 10:13:49.857 I/[Gralloc]( 1299):  ion device open success! fd = 36
01-05 10:13:49.862 D/Atlas   ( 1299): Validating map...
01-05 10:13:49.866 W/Atlas   ( 1299): Pointer 0x0, not in getPreloadedDrawables?
01-05 10:13:49.866 W/Atlas   ( 1299): Pointer 0x0, not in getPreloadedDrawables?
01-05 10:13:49.866 W/Atlas   ( 1299): Pointer 0x0, not in getPreloadedDrawables?
01-05 10:13:49.866 W/Atlas   ( 1299): Pointer 0x0, not in getPreloadedDrawables?
01-05 10:13:49.866 W/Atlas   ( 1299): Pointer 0x0, not in getPreloadedDrawables?
01-05 10:13:49.866 W/Atlas   ( 1299): Pointer 0x0, not in getPreloadedDrawables?
01-05 10:13:49.866 W/Atlas   ( 1299): Pointer 0x0, not in getPreloadedDrawables?
01-05 10:13:49.867 W/Atlas   ( 1299): Pointer 0x0, not in getPreloadedDrawables?
01-05 10:13:49.867 W/Atlas   ( 1299): Pointer 0x0, not in getPreloadedDrawables?
01-05 10:13:49.867 W/Atlas   ( 1299): Pointer 0x0, not in getPreloadedDrawables?
01-05 10:13:49.867 W/Atlas   ( 1299): Pointer 0x0, not in getPreloadedDrawables?
01-05 10:13:49.867 W/Atlas   ( 1299): Pointer 0x0, not in getPreloadedDrawables?
01-05 10:13:49.868 W/Atlas   ( 1299): Pointer 0x0, not in getPreloadedDrawables?
01-05 10:13:49.868 W/Atlas   ( 1299): Pointer 0x0, not in getPreloadedDrawables?
01-05 10:13:49.868 W/Atlas   ( 1299): Pointer 0x0, not in getPreloadedDrawables?
01-05 10:13:49.868 W/Atlas   ( 1299): Pointer 0x0, not in getPreloadedDrawables?
01-05 10:13:49.868 W/Atlas   ( 1299): Pointer 0x0, not in getPreloadedDrawables?
01-05 10:13:49.868 W/Atlas   ( 1299): Pointer 0x0, not in getPreloadedDrawables?
01-05 10:13:49.868 W/Atlas   ( 1299): Pointer 0x0, not in getPreloadedDrawables?
01-05 10:13:49.868 W/Atlas   ( 1299): Pointer 0x0, not in getPreloadedDrawables?
01-05 10:13:49.869 W/Atlas   ( 1299): Pointer 0x0, not in getPreloadedDrawables?
01-05 10:13:49.869 W/Atlas   ( 1299): Pointer 0x0, not in getPreloadedDrawables?
01-05 10:13:49.870 W/Atlas   ( 1299): Pointer 0x0, not in getPreloadedDrawables?
01-05 10:13:49.870 W/Atlas   ( 1299): Pointer 0x0, not in getPreloadedDrawables?
01-05 10:13:49.870 W/Atlas   ( 1299): Pointer 0x0, not in getPreloadedDrawables?
01-05 10:13:49.870 W/Atlas   ( 1299): Pointer 0x0, not in getPreloadedDrawables?
01-05 10:13:49.870 W/Atlas   ( 1299): Pointer 0x0, not in getPreloadedDrawables?
01-05 10:13:49.870 W/Atlas   ( 1299): Pointer 0x0, not in getPreloadedDrawables?
01-05 10:13:49.871 W/Atlas   ( 1299): Pointer 0x0, not in getPreloadedDrawables?
01-05 10:13:49.871 W/Atlas   ( 1299): Pointer 0x0, not in getPreloadedDrawables?
01-05 10:13:49.871 W/Atlas   ( 1299): Pointer 0x0, not in getPreloadedDrawables?
01-05 10:13:49.871 W/Atlas   ( 1299): Pointer 0x0, not in getPreloadedDrawables?
01-05 10:13:49.872 W/Atlas   ( 1299): Pointer 0x0, not in getPreloadedDrawables?
01-05 10:13:49.872 W/Atlas   ( 1299): Pointer 0x0, not in getPreloadedDrawables?
01-05 10:13:49.872 W/Atlas   ( 1299): Pointer 0x0, not in getPreloadedDrawables?
01-05 10:13:49.872 W/Atlas   ( 1299): Pointer 0x0, not in getPreloadedDrawables?
01-05 10:13:49.872 W/Atlas   ( 1299): Pointer 0x0, not in getPreloadedDrawables?
01-05 10:13:49.872 W/Atlas   ( 1299): Pointer 0x0, not in getPreloadedDrawables?
01-05 10:13:49.873 W/Atlas   ( 1299): Pointer 0x0, not in getPreloadedDrawables?
01-05 10:13:49.873 W/Atlas   ( 1299): Pointer 0x0, not in getPreloadedDrawables?
01-05 10:13:49.874 W/Atlas   ( 1299): Pointer 0x0, not in getPreloadedDrawables?
01-05 10:13:49.874 W/Atlas   ( 1299): Pointer 0x0, not in getPreloadedDrawables?
01-05 10:13:49.874 W/Atlas   ( 1299): Pointer 0x0, not in getPreloadedDrawables?
01-05 10:13:49.874 W/Atlas   ( 1299): Pointer 0x0, not in getPreloadedDrawables?
01-05 10:13:49.874 W/Atlas   ( 1299): Pointer 0x0, not in getPreloadedDrawables?
01-05 10:13:49.875 W/Atlas   ( 1299): Pointer 0x0, not in getPreloadedDrawables?
01-05 10:13:49.875 W/Atlas   ( 1299): Pointer 0x0, not in getPreloadedDrawables?
01-05 10:13:49.875 W/Atlas   ( 1299): Pointer 0x0, not in getPreloadedDrawables?
01-05 10:13:49.875 W/Atlas   ( 1299): Pointer 0x0, not in getPreloadedDrawables?
01-05 10:13:49.876 W/Atlas   ( 1299): Pointer 0x0, not in getPreloadedDrawables?
01-05 10:13:49.876 W/Atlas   ( 1299): Pointer 0x0, not in getPreloadedDrawables?
01-05 10:13:49.876 W/Atlas   ( 1299): Pointer 0x0, not in getPreloadedDrawables?
01-05 10:13:49.877 W/Atlas   ( 1299): Pointer 0x0, not in getPreloadedDrawables?
01-05 10:13:49.877 W/Atlas   ( 1299): Pointer 0x0, not in getPreloadedDrawables?
01-05 10:13:49.878 W/Atlas   ( 1299): Pointer 0x0, not in getPreloadedDrawables?
01-05 10:13:49.878 W/Atlas   ( 1299): Pointer 0x0, not in getPreloadedDrawables?
01-05 10:13:49.878 W/Atlas   ( 1299): Pointer 0x0, not in getPreloadedDrawables?
01-05 10:13:49.878 W/Atlas   ( 1299): Pointer 0x0, not in getPreloadedDrawables?
01-05 10:13:49.878 W/Atlas   ( 1299): Pointer 0x0, not in getPreloadedDrawables?
01-05 10:13:49.878 W/Atlas   ( 1299): Pointer 0x0, not in getPreloadedDrawables?
01-05 10:13:49.879 W/Atlas   ( 1299): Pointer 0x0, not in getPreloadedDrawables?
01-05 10:13:49.879 W/Atlas   ( 1299): Pointer 0x0, not in getPreloadedDrawables?
01-05 10:13:49.879 W/Atlas   ( 1299): Pointer 0x0, not in getPreloadedDrawables?
01-05 10:13:49.879 W/Atlas   ( 1299): Pointer 0x0, not in getPreloadedDrawables?
01-05 10:13:49.879 W/Atlas   ( 1299): Pointer 0x0, not in getPreloadedDrawables?
01-05 10:13:49.879 W/Atlas   ( 1299): Pointer 0x0, not in getPreloadedDrawables?
01-05 10:13:49.879 W/Atlas   ( 1299): Pointer 0x0, not in getPreloadedDrawables?
01-05 10:13:49.881 W/Atlas   ( 1299): Pointer 0x0, not in getPreloadedDrawables?
01-05 10:13:49.881 W/Atlas   ( 1299): Pointer 0x0, not in getPreloadedDrawables?
01-05 10:13:49.882 W/Atlas   ( 1299): Pointer 0x0, not in getPreloadedDrawables?
01-05 10:13:49.882 W/Atlas   ( 1299): Pointer 0x0, not in getPreloadedDrawables?
01-05 10:13:49.883 W/Atlas   ( 1299): Pointer 0x0, not in getPreloadedDrawables?
01-05 10:13:49.883 W/Atlas   ( 1299): Pointer 0x0, not in getPreloadedDrawables?
01-05 10:13:49.883 W/Atlas   ( 1299): Pointer 0x0, not in getPreloadedDrawables?
01-05 10:13:49.883 W/Atlas   ( 1299): Pointer 0x0, not in getPreloadedDrawables?
01-05 10:13:49.883 W/Atlas   ( 1299): Pointer 0x0, not in getPreloadedDrawables?
01-05 10:13:49.883 W/Atlas   ( 1299): Pointer 0x0, not in getPreloadedDrawables?
01-05 10:13:49.883 W/Atlas   ( 1299): Pointer 0x0, not in getPreloadedDrawables?
01-05 10:13:49.884 W/Atlas   ( 1299): Pointer 0x0, not in getPreloadedDrawables?
01-05 10:13:49.884 W/Atlas   ( 1299): Pointer 0x0, not in getPreloadedDrawables?
01-05 10:13:49.884 W/Atlas   ( 1299): Pointer 0x0, not in getPreloadedDrawables?
01-05 10:13:49.884 W/Atlas   ( 1299): Pointer 0x0, not in getPreloadedDrawables?
01-05 10:13:49.884 W/Atlas   ( 1299): Pointer 0x0, not in getPreloadedDrawables?
01-05 10:13:49.884 W/Atlas   ( 1299): Pointer 0x0, not in getPreloadedDrawables?
01-05 10:13:49.884 W/Atlas   ( 1299): Pointer 0x0, not in getPreloadedDrawables?
01-05 10:13:49.884 W/Atlas   ( 1299): Pointer 0x0, not in getPreloadedDrawables?
01-05 10:13:49.885 W/Atlas   ( 1299): Pointer 0x0, not in getPreloadedDrawables?
01-05 10:13:49.885 W/Atlas   ( 1299): Pointer 0x0, not in getPreloadedDrawables?
01-05 10:13:49.885 W/Atlas   ( 1299): Pointer 0x0, not in getPreloadedDrawables?
01-05 10:13:49.885 W/Atlas   ( 1299): Pointer 0x0, not in getPreloadedDrawables?
01-05 10:13:49.886 W/Atlas   ( 1299): Pointer 0x0, not in getPreloadedDrawables?
01-05 10:13:49.886 W/Atlas   ( 1299): Pointer 0x0, not in getPreloadedDrawables?
01-05 10:13:49.886 W/Atlas   ( 1299): Pointer 0x0, not in getPreloadedDrawables?
01-05 10:13:49.886 W/Atlas   ( 1299): Pointer 0x0, not in getPreloadedDrawables?
01-05 10:13:49.886 W/Atlas   ( 1299): Pointer 0x0, not in getPreloadedDrawables?
01-05 10:13:49.886 W/Atlas   ( 1299): Pointer 0x0, not in getPreloadedDrawables?
01-05 10:13:49.887 W/Atlas   ( 1299): Pointer 0x0, not in getPreloadedDrawables?
01-05 10:13:49.887 W/Atlas   ( 1299): Pointer 0x0, not in getPreloadedDrawables?
01-05 10:13:49.888 W/Atlas   ( 1299): Pointer 0x0, not in getPreloadedDrawables?
01-05 10:13:49.888 W/Atlas   ( 1299): Pointer 0x0, not in getPreloadedDrawables?
01-05 10:13:49.888 W/Atlas   ( 1299): Pointer 0x0, not in getPreloadedDrawables?
01-05 10:13:49.888 W/Atlas   ( 1299): Pointer 0x0, not in getPreloadedDrawables?
01-05 10:13:49.888 W/Atlas   ( 1299): Pointer 0x0, not in getPreloadedDrawables?
01-05 10:13:49.888 W/Atlas   ( 1299): Pointer 0x0, not in getPreloadedDrawables?
01-05 10:13:49.888 W/Atlas   ( 1299): Pointer 0x0, not in getPreloadedDrawables?
01-05 10:13:49.888 W/Atlas   ( 1299): Pointer 0x0, not in getPreloadedDrawables?
01-05 10:13:49.888 W/Atlas   ( 1299): Pointer 0x0, not in getPreloadedDrawables?
01-05 10:13:49.888 W/Atlas   ( 1299): Pointer 0x0, not in getPreloadedDrawables?
01-05 10:13:49.888 W/Atlas   ( 1299): Pointer 0x0, not in getPreloadedDrawables?
01-05 10:13:49.888 W/Atlas   ( 1299): Pointer 0x0, not in getPreloadedDrawables?
01-05 10:13:49.888 W/Atlas   ( 1299): Pointer 0x0, not in getPreloadedDrawables?
01-05 10:13:49.889 W/Atlas   ( 1299): Pointer 0x0, not in getPreloadedDrawables?
01-05 10:13:49.889 W/Atlas   ( 1299): Pointer 0x0, not in getPreloadedDrawables?
01-05 10:13:49.889 W/Atlas   ( 1299): Pointer 0x0, not in getPreloadedDrawables?
01-05 10:13:49.889 W/Atlas   ( 1299): Pointer 0x0, not in getPreloadedDrawables?
01-05 10:13:49.889 W/Atlas   ( 1299): Pointer 0x0, not in getPreloadedDrawables?
01-05 10:13:49.889 W/Atlas   ( 1299): Pointer 0x0, not in getPreloadedDrawables?
01-05 10:13:49.889 W/Atlas   ( 1299): Pointer 0x0, not in getPreloadedDrawables?
01-05 10:13:49.889 W/Atlas   ( 1299): Pointer 0x0, not in getPreloadedDrawables?
01-05 10:13:49.889 W/Atlas   ( 1299): Pointer 0x0, not in getPreloadedDrawables?
01-05 10:13:49.889 W/Atlas   ( 1299): Pointer 0x0, not in getPreloadedDrawables?
01-05 10:13:49.889 W/Atlas   ( 1299): Pointer 0x0, not in getPreloadedDrawables?
01-05 10:13:49.889 W/Atlas   ( 1299): Pointer 0x0, not in getPreloadedDrawables?
01-05 10:13:49.890 W/Atlas   ( 1299): Pointer 0x0, not in getPreloadedDrawables?
01-05 10:13:49.890 W/Atlas   ( 1299): Pointer 0x0, not in getPreloadedDrawables?
01-05 10:13:49.890 W/Atlas   ( 1299): Pointer 0x0, not in getPreloadedDrawables?
01-05 10:13:49.890 W/Atlas   ( 1299): Pointer 0x0, not in getPreloadedDrawables?
01-05 10:13:49.890 W/Atlas   ( 1299): Pointer 0x0, not in getPreloadedDrawables?
01-05 10:13:49.890 W/Atlas   ( 1299): Pointer 0x0, not in getPreloadedDrawables?
01-05 10:13:49.890 W/Atlas   ( 1299): Pointer 0x0, not in getPreloadedDrawables?
01-05 10:13:49.890 W/Atlas   ( 1299): Pointer 0x0, not in getPreloadedDrawables?
01-05 10:13:49.890 W/Atlas   ( 1299): Pointer 0x0, not in getPreloadedDrawables?
01-05 10:13:49.890 W/Atlas   ( 1299): Pointer 0x0, not in getPreloadedDrawables?
01-05 10:13:49.890 W/Atlas   ( 1299): Pointer 0x0, not in getPreloadedDrawables?
01-05 10:13:49.890 W/Atlas   ( 1299): Pointer 0x0, not in getPreloadedDrawables?
01-05 10:13:49.890 W/Atlas   ( 1299): Pointer 0x0, not in getPreloadedDrawables?
01-05 10:13:49.890 W/Atlas   ( 1299): Pointer 0x0, not in getPreloadedDrawables?
01-05 10:13:49.890 W/Atlas   ( 1299): Pointer 0x0, not in getPreloadedDrawables?
01-05 10:13:49.890 W/Atlas   ( 1299): Pointer 0x0, not in getPreloadedDrawables?
01-05 10:13:49.891 W/Atlas   ( 1299): Pointer 0x0, not in getPreloadedDrawables?
01-05 10:13:49.891 W/Atlas   ( 1299): Pointer 0x0, not in getPreloadedDrawables?
01-05 10:13:49.891 W/Atlas   ( 1299): Pointer 0x0, not in getPreloadedDrawables?
01-05 10:13:49.891 W/Atlas   ( 1299): Pointer 0x0, not in getPreloadedDrawables?
01-05 10:13:49.891 W/Atlas   ( 1299): Pointer 0x0, not in getPreloadedDrawables?
01-05 10:13:49.892 W/Atlas   ( 1299): Pointer 0x0, not in getPreloadedDrawables?
01-05 10:13:49.892 W/Atlas   ( 1299): Pointer 0x0, not in getPreloadedDrawables?
01-05 10:13:49.892 W/Atlas   ( 1299): Pointer 0x0, not in getPreloadedDrawables?
01-05 10:13:49.892 W/Atlas   ( 1299): Pointer 0x0, not in getPreloadedDrawables?
01-05 10:13:49.892 W/Atlas   ( 1299): Pointer 0x0, not in getPreloadedDrawables?
01-05 10:13:49.892 W/Atlas   ( 1299): Pointer 0x0, not in getPreloadedDrawables?
01-05 10:13:49.892 W/Atlas   ( 1299): Pointer 0x0, not in getPreloadedDrawables?
01-05 10:13:49.892 W/Atlas   ( 1299): Pointer 0x0, not in getPreloadedDrawables?
01-05 10:13:49.892 W/Atlas   ( 1299): Pointer 0x0, not in getPreloadedDrawables?
01-05 10:13:49.892 W/Atlas   ( 1299): Pointer 0x0, not in getPreloadedDrawables?
01-05 10:13:49.893 W/Atlas   ( 1299): Pointer 0x0, not in getPreloadedDrawables?
01-05 10:13:49.893 W/Atlas   ( 1299): Pointer 0x0, not in getPreloadedDrawables?
01-05 10:13:49.893 W/Atlas   ( 1299): Pointer 0x0, not in getPreloadedDrawables?
01-05 10:13:49.893 W/Atlas   ( 1299): Pointer 0x0, not in getPreloadedDrawables?
01-05 10:13:49.893 W/Atlas   ( 1299): Pointer 0x0, not in getPreloadedDrawables?
01-05 10:13:49.893 W/Atlas   ( 1299): Pointer 0x0, not in getPreloadedDrawables?
01-05 10:13:49.893 W/Atlas   ( 1299): Pointer 0x0, not in getPreloadedDrawables?
01-05 10:13:49.893 W/Atlas   ( 1299): Pointer 0x0, not in getPreloadedDrawables?
01-05 10:13:49.893 W/Atlas   ( 1299): Pointer 0x0, not in getPreloadedDrawables?
01-05 10:13:49.893 W/Atlas   ( 1299): Pointer 0x0, not in getPreloadedDrawables?
01-05 10:13:49.893 W/Atlas   ( 1299): Pointer 0x0, not in getPreloadedDrawables?
01-05 10:13:49.893 W/Atlas   ( 1299): Pointer 0x0, not in getPreloadedDrawables?
01-05 10:13:49.893 W/Atlas   ( 1299): Pointer 0x0, not in getPreloadedDrawables?
01-05 10:13:49.894 W/Atlas   ( 1299): Pointer 0x0, not in getPreloadedDrawables?
01-05 10:13:49.894 W/Atlas   ( 1299): Pointer 0x0, not in getPreloadedDrawables?
01-05 10:13:49.894 W/Atlas   ( 1299): Pointer 0x0, not in getPreloadedDrawables?
01-05 10:13:49.894 W/Atlas   ( 1299): Pointer 0x0, not in getPreloadedDrawables?
01-05 10:13:49.894 W/Atlas   ( 1299): Pointer 0x0, not in getPreloadedDrawables?
01-05 10:13:49.894 W/Atlas   ( 1299): Pointer 0x0, not in getPreloadedDrawables?
01-05 10:13:49.894 W/Atlas   ( 1299): Pointer 0x0, not in getPreloadedDrawables?
01-05 10:13:49.894 W/Atlas   ( 1299): Pointer 0x0, not in getPreloadedDrawables?
01-05 10:13:49.894 W/Atlas   ( 1299): Pointer 0x0, not in getPreloadedDrawables?
01-05 10:13:49.894 W/Atlas   ( 1299): Pointer 0x0, not in getPreloadedDrawables?
01-05 10:13:49.894 W/Atlas   ( 1299): Pointer 0x0, not in getPreloadedDrawables?
01-05 10:13:49.894 W/Atlas   ( 1299): Pointer 0x0, not in getPreloadedDrawables?
01-05 10:13:49.894 W/Atlas   ( 1299): Pointer 0x0, not in getPreloadedDrawables?
01-05 10:13:49.894 W/Atlas   ( 1299): Pointer 0x0, not in getPreloadedDrawables?
01-05 10:13:49.894 W/Atlas   ( 1299): Pointer 0x0, not in getPreloadedDrawables?
01-05 10:13:49.894 W/Atlas   ( 1299): Pointer 0x0, not in getPreloadedDrawables?
01-05 10:13:49.894 W/Atlas   ( 1299): Pointer 0x0, not in getPreloadedDrawables?
01-05 10:13:49.894 W/Atlas   ( 1299): Pointer 0x0, not in getPreloadedDrawables?
01-05 10:13:49.895 W/Atlas   ( 1299): Pointer 0x0, not in getPreloadedDrawables?
01-05 10:13:49.895 W/Atlas   ( 1299): Pointer 0x0, not in getPreloadedDrawables?
01-05 10:13:49.895 W/Atlas   ( 1299): Pointer 0x0, not in getPreloadedDrawables?
01-05 10:13:49.895 W/Atlas   ( 1299): Pointer 0x0, not in getPreloadedDrawables?
01-05 10:13:49.895 W/Atlas   ( 1299): Pointer 0x0, not in getPreloadedDrawables?
01-05 10:13:49.895 W/Atlas   ( 1299): Pointer 0x0, not in getPreloadedDrawables?
01-05 10:13:49.895 W/Atlas   ( 1299): Pointer 0x0, not in getPreloadedDrawables?
01-05 10:13:49.895 W/Atlas   ( 1299): Pointer 0x0, not in getPreloadedDrawables?
01-05 10:13:49.895 W/Atlas   ( 1299): Pointer 0x0, not in getPreloadedDrawables?
01-05 10:13:49.895 W/Atlas   ( 1299): Pointer 0x0, not in getPreloadedDrawables?
01-05 10:13:49.895 W/Atlas   ( 1299): Pointer 0x0, not in getPreloadedDrawables?
01-05 10:13:49.896 W/Atlas   ( 1299): Pointer 0x0, not in getPreloadedDrawables?
01-05 10:13:49.896 W/Atlas   ( 1299): Pointer 0x0, not in getPreloadedDrawables?
01-05 10:13:49.896 W/Atlas   ( 1299): Pointer 0x0, not in getPreloadedDrawables?
01-05 10:13:49.896 W/Atlas   ( 1299): Pointer 0x0, not in getPreloadedDrawables?
01-05 10:13:49.896 W/Atlas   ( 1299): Pointer 0x0, not in getPreloadedDrawables?
01-05 10:13:49.896 W/Atlas   ( 1299): Pointer 0x0, not in getPreloadedDrawables?
01-05 10:13:49.896 W/Atlas   ( 1299): Pointer 0x0, not in getPreloadedDrawables?
01-05 10:13:49.896 W/Atlas   ( 1299): Pointer 0x0, not in getPreloadedDrawables?
01-05 10:13:49.896 W/Atlas   ( 1299): Pointer 0x0, not in getPreloadedDrawables?
01-05 10:13:49.896 W/Atlas   ( 1299): Pointer 0x0, not in getPreloadedDrawables?
01-05 10:13:49.896 W/Atlas   ( 1299): Pointer 0x0, not in getPreloadedDrawables?
01-05 10:13:49.896 W/Atlas   ( 1299): Pointer 0x0, not in getPreloadedDrawables?
01-05 10:13:49.896 W/Atlas   ( 1299): Pointer 0x0, not in getPreloadedDrawables?
01-05 10:13:49.896 W/Atlas   ( 1299): Pointer 0x0, not in getPreloadedDrawables?
01-05 10:13:49.896 W/Atlas   ( 1299): Pointer 0x0, not in getPreloadedDrawables?
01-05 10:13:49.896 W/Atlas   ( 1299): Pointer 0x0, not in getPreloadedDrawables?
01-05 10:13:49.896 W/Atlas   ( 1299): Pointer 0x0, not in getPreloadedDrawables?
01-05 10:13:49.896 W/Atlas   ( 1299): Pointer 0x0, not in getPreloadedDrawables?
01-05 10:13:49.896 W/Atlas   ( 1299): Pointer 0x0, not in getPreloadedDrawables?
01-05 10:13:49.896 W/Atlas   ( 1299): Pointer 0x0, not in getPreloadedDrawables?
01-05 10:13:49.896 W/Atlas   ( 1299): Pointer 0x0, not in getPreloadedDrawables?
01-05 10:13:49.897 W/Atlas   ( 1299): Pointer 0x0, not in getPreloadedDrawables?
01-05 10:13:49.897 W/Atlas   ( 1299): Pointer 0x0, not in getPreloadedDrawables?
01-05 10:13:49.897 W/Atlas   ( 1299): Pointer 0x0, not in getPreloadedDrawables?
01-05 10:13:49.897 W/Atlas   ( 1299): Pointer 0x0, not in getPreloadedDrawables?
01-05 10:13:49.897 W/Atlas   ( 1299): Pointer 0x0, not in getPreloadedDrawables?
01-05 10:13:49.897 W/Atlas   ( 1299): Pointer 0x0, not in getPreloadedDrawables?
01-05 10:13:49.897 W/Atlas   ( 1299): Pointer 0x0, not in getPreloadedDrawables?
01-05 10:13:49.897 W/Atlas   ( 1299): Pointer 0x0, not in getPreloadedDrawables?
01-05 10:13:49.897 W/Atlas   ( 1299): Pointer 0x0, not in getPreloadedDrawables?
01-05 10:13:49.897 W/Atlas   ( 1299): Pointer 0x0, not in getPreloadedDrawables?
01-05 10:13:49.898 W/Atlas   ( 1299): Pointer 0x0, not in getPreloadedDrawables?
01-05 10:13:49.898 W/Atlas   ( 1299): Pointer 0x0, not in getPreloadedDrawables?
01-05 10:13:49.898 W/Atlas   ( 1299): Pointer 0x0, not in getPreloadedDrawables?
01-05 10:13:49.898 W/Atlas   ( 1299): Pointer 0x0, not in getPreloadedDrawables?
01-05 10:13:49.898 W/Atlas   ( 1299): Pointer 0x0, not in getPreloadedDrawables?
01-05 10:13:49.898 W/Atlas   ( 1299): Pointer 0x0, not in getPreloadedDrawables?
01-05 10:13:49.898 W/Atlas   ( 1299): Pointer 0x0, not in getPreloadedDrawables?
01-05 10:13:49.898 W/Atlas   ( 1299): Pointer 0x0, not in getPreloadedDrawables?
01-05 10:13:49.898 W/Atlas   ( 1299): Pointer 0x0, not in getPreloadedDrawables?
01-05 10:13:49.898 W/Atlas   ( 1299): Pointer 0x0, not in getPreloadedDrawables?
01-05 10:13:49.898 W/Atlas   ( 1299): Pointer 0x0, not in getPreloadedDrawables?
01-05 10:13:49.898 W/Atlas   ( 1299): Pointer 0x0, not in getPreloadedDrawables?
01-05 10:13:49.898 W/Atlas   ( 1299): Pointer 0x0, not in getPreloadedDrawables?
01-05 10:13:49.898 W/Atlas   ( 1299): Pointer 0x0, not in getPreloadedDrawables?
01-05 10:13:49.899 W/Atlas   ( 1299): Pointer 0x0, not in getPreloadedDrawables?
01-05 10:13:49.899 W/Atlas   ( 1299): Pointer 0x0, not in getPreloadedDrawables?
01-05 10:13:49.899 W/Atlas   ( 1299): Pointer 0x0, not in getPreloadedDrawables?
01-05 10:13:49.899 W/Atlas   ( 1299): Pointer 0x0, not in getPreloadedDrawables?
01-05 10:13:49.899 W/Atlas   ( 1299): Pointer 0x0, not in getPreloadedDrawables?
01-05 10:13:49.899 W/Atlas   ( 1299): Pointer 0x0, not in getPreloadedDrawables?
01-05 10:13:49.899 W/Atlas   ( 1299): Pointer 0x0, not in getPreloadedDrawables?
01-05 10:13:49.899 W/Atlas   ( 1299): Pointer 0x0, not in getPreloadedDrawables?
01-05 10:13:49.899 W/Atlas   ( 1299): Pointer 0x0, not in getPreloadedDrawables?
01-05 10:13:49.899 W/Atlas   ( 1299): Pointer 0x0, not in getPreloadedDrawables?
01-05 10:13:49.899 W/Atlas   ( 1299): Pointer 0x0, not in getPreloadedDrawables?
01-05 10:13:49.899 W/Atlas   ( 1299): Pointer 0x0, not in getPreloadedDrawables?
01-05 10:13:49.899 W/Atlas   ( 1299): Pointer 0x0, not in getPreloadedDrawables?
01-05 10:13:49.899 W/Atlas   ( 1299): Pointer 0x0, not in getPreloadedDrawables?
01-05 10:13:49.900 W/Atlas   ( 1299): Pointer 0x0, not in getPreloadedDrawables?
01-05 10:13:49.900 W/Atlas   ( 1299): Pointer 0x0, not in getPreloadedDrawables?
01-05 10:13:49.900 W/Atlas   ( 1299): Pointer 0x0, not in getPreloadedDrawables?
01-05 10:13:49.900 W/Atlas   ( 1299): Pointer 0x0, not in getPreloadedDrawables?
01-05 10:13:49.900 W/Atlas   ( 1299): Pointer 0x0, not in getPreloadedDrawables?
01-05 10:13:49.900 W/Atlas   ( 1299): Pointer 0x0, not in getPreloadedDrawables?
01-05 10:13:49.900 W/Atlas   ( 1299): Pointer 0x0, not in getPreloadedDrawables?
01-05 10:13:49.900 W/Atlas   ( 1299): Pointer 0x0, not in getPreloadedDrawables?
01-05 10:13:49.900 W/Atlas   ( 1299): Pointer 0x0, not in getPreloadedDrawables?
01-05 10:13:49.900 W/Atlas   ( 1299): Pointer 0x0, not in getPreloadedDrawables?
01-05 10:13:49.900 W/Atlas   ( 1299): Pointer 0x0, not in getPreloadedDrawables?
01-05 10:13:49.900 W/Atlas   ( 1299): Pointer 0x0, not in getPreloadedDrawables?
01-05 10:13:49.900 W/Atlas   ( 1299): Pointer 0x0, not in getPreloadedDrawables?
01-05 10:13:49.900 W/Atlas   ( 1299): Pointer 0x0, not in getPreloadedDrawables?
01-05 10:13:49.901 W/Atlas   ( 1299): Pointer 0x0, not in getPreloadedDrawables?
01-05 10:13:49.901 W/Atlas   ( 1299): Pointer 0x0, not in getPreloadedDrawables?
01-05 10:13:49.901 W/Atlas   ( 1299): Pointer 0x0, not in getPreloadedDrawables?
01-05 10:13:49.901 W/Atlas   ( 1299): Pointer 0x0, not in getPreloadedDrawables?
01-05 10:13:49.901 W/Atlas   ( 1299): Pointer 0x0, not in getPreloadedDrawables?
01-05 10:13:49.901 W/Atlas   ( 1299): Pointer 0x0, not in getPreloadedDrawables?
01-05 10:13:49.901 W/Atlas   ( 1299): Pointer 0x0, not in getPreloadedDrawables?
01-05 10:13:49.901 W/Atlas   ( 1299): Pointer 0x0, not in getPreloadedDrawables?
01-05 10:13:49.901 W/Atlas   ( 1299): Pointer 0x0, not in getPreloadedDrawables?
01-05 10:13:49.901 W/Atlas   ( 1299): Pointer 0x0, not in getPreloadedDrawables?
01-05 10:13:49.901 W/Atlas   ( 1299): Pointer 0x0, not in getPreloadedDrawables?
01-05 10:13:49.901 W/Atlas   ( 1299): Pointer 0x0, not in getPreloadedDrawables?
01-05 10:13:49.901 W/Atlas   ( 1299): Pointer 0x0, not in getPreloadedDrawables?
01-05 10:13:49.901 W/Atlas   ( 1299): Pointer 0x0, not in getPreloadedDrawables?
01-05 10:13:49.901 W/Atlas   ( 1299): Pointer 0x0, not in getPreloadedDrawables?
01-05 10:13:49.901 W/Atlas   ( 1299): Pointer 0x0, not in getPreloadedDrawables?
01-05 10:13:49.901 W/Atlas   ( 1299): Pointer 0x0, not in getPreloadedDrawables?
01-05 10:13:49.901 W/Atlas   ( 1299): Pointer 0x0, not in getPreloadedDrawables?
01-05 10:13:49.901 W/Atlas   ( 1299): Pointer 0x0, not in getPreloadedDrawables?
01-05 10:13:49.901 W/Atlas   ( 1299): Pointer 0x0, not in getPreloadedDrawables?
01-05 10:13:49.902 W/Atlas   ( 1299): Pointer 0x0, not in getPreloadedDrawables?
01-05 10:13:49.902 W/Atlas   ( 1299): Pointer 0x0, not in getPreloadedDrawables?
01-05 10:13:49.902 W/Atlas   ( 1299): Pointer 0x0, not in getPreloadedDrawables?
01-05 10:13:49.902 W/Atlas   ( 1299): Pointer 0x0, not in getPreloadedDrawables?
01-05 10:13:49.902 W/Atlas   ( 1299): Pointer 0x0, not in getPreloadedDrawables?
01-05 10:13:49.902 W/Atlas   ( 1299): Pointer 0x0, not in getPreloadedDrawables?
01-05 10:13:49.902 W/Atlas   ( 1299): Pointer 0x0, not in getPreloadedDrawables?
01-05 10:13:49.902 W/Atlas   ( 1299): Pointer 0x0, not in getPreloadedDrawables?
01-05 10:13:49.902 W/Atlas   ( 1299): Pointer 0x0, not in getPreloadedDrawables?
01-05 10:13:49.902 W/Atlas   ( 1299): Pointer 0x0, not in getPreloadedDrawables?
01-05 10:13:49.902 W/Atlas   ( 1299): Pointer 0x0, not in getPreloadedDrawables?
01-05 10:13:49.902 W/Atlas   ( 1299): Pointer 0x0, not in getPreloadedDrawables?
01-05 10:13:49.902 W/Atlas   ( 1299): Pointer 0x0, not in getPreloadedDrawables?
01-05 10:13:49.902 W/Atlas   ( 1299): Pointer 0x0, not in getPreloadedDrawables?
01-05 10:13:49.902 W/Atlas   ( 1299): Pointer 0x0, not in getPreloadedDrawables?
01-05 10:13:49.902 W/Atlas   ( 1299): Pointer 0x0, not in getPreloadedDrawables?
01-05 10:13:49.902 W/Atlas   ( 1299): Pointer 0x0, not in getPreloadedDrawables?
01-05 10:13:49.903 W/Atlas   ( 1299): Pointer 0x0, not in getPreloadedDrawables?
01-05 10:13:49.903 W/Atlas   ( 1299): Pointer 0x0, not in getPreloadedDrawables?
01-05 10:13:49.903 W/Atlas   ( 1299): Pointer 0x0, not in getPreloadedDrawables?
01-05 10:13:49.903 W/Atlas   ( 1299): Pointer 0x0, not in getPreloadedDrawables?
01-05 10:13:49.903 W/Atlas   ( 1299): Pointer 0x0, not in getPreloadedDrawables?
01-05 10:13:49.903 W/Atlas   ( 1299): Pointer 0x0, not in getPreloadedDrawables?
01-05 10:13:49.903 W/Atlas   ( 1299): Pointer 0x0, not in getPreloadedDrawables?
01-05 10:13:49.904 W/Atlas   ( 1299): Pointer 0x0, not in getPreloadedDrawables?
01-05 10:13:49.904 W/Atlas   ( 1299): Pointer 0x0, not in getPreloadedDrawables?
01-05 10:13:49.904 W/Atlas   ( 1299): Pointer 0x0, not in getPreloadedDrawables?
01-05 10:13:49.905 W/Atlas   ( 1299): Pointer 0x0, not in getPreloadedDrawables?
01-05 10:13:49.905 W/Atlas   ( 1299): Pointer 0x0, not in getPreloadedDrawables?
01-05 10:13:49.905 W/Atlas   ( 1299): Pointer 0x0, not in getPreloadedDrawables?
01-05 10:13:49.905 W/Atlas   ( 1299): Pointer 0x0, not in getPreloadedDrawables?
01-05 10:13:49.906 W/Atlas   ( 1299): Pointer 0x0, not in getPreloadedDrawables?
01-05 10:13:49.906 W/Atlas   ( 1299): Pointer 0x0, not in getPreloadedDrawables?
01-05 10:13:49.906 W/Atlas   ( 1299): Pointer 0x0, not in getPreloadedDrawables?
01-05 10:13:49.906 W/Atlas   ( 1299): Pointer 0x0, not in getPreloadedDrawables?
01-05 10:13:49.906 W/Atlas   ( 1299): Pointer 0x0, not in getPreloadedDrawables?
01-05 10:13:49.906 W/Atlas   ( 1299): Pointer 0x0, not in getPreloadedDrawables?
01-05 10:13:49.906 W/Atlas   ( 1299): Pointer 0x0, not in getPreloadedDrawables?
01-05 10:13:49.906 W/Atlas   ( 1299): Pointer 0x0, not in getPreloadedDrawables?
01-05 10:13:49.907 W/Atlas   ( 1299): Pointer 0x0, not in getPreloadedDrawables?
01-05 10:13:49.907 W/Atlas   ( 1299): Pointer 0x0, not in getPreloadedDrawables?
01-05 10:13:49.907 W/Atlas   ( 1299): Pointer 0x0, not in getPreloadedDrawables?
01-05 10:13:49.907 W/Atlas   ( 1299): Pointer 0x0, not in getPreloadedDrawables?
01-05 10:13:49.907 W/Atlas   ( 1299): Pointer 0x0, not in getPreloadedDrawables?
01-05 10:13:49.907 W/Atlas   ( 1299): Pointer 0x0, not in getPreloadedDrawables?
01-05 10:13:49.907 W/Atlas   ( 1299): Pointer 0x0, not in getPreloadedDrawables?
01-05 10:13:49.907 W/Atlas   ( 1299): Pointer 0x0, not in getPreloadedDrawables?
01-05 10:13:49.908 W/Atlas   ( 1299): Pointer 0x0, not in getPreloadedDrawables?
01-05 10:13:49.908 W/Atlas   ( 1299): Pointer 0x0, not in getPreloadedDrawables?
01-05 10:13:49.908 W/Atlas   ( 1299): Pointer 0x0, not in getPreloadedDrawables?
01-05 10:13:49.908 W/Atlas   ( 1299): Pointer 0x0, not in getPreloadedDrawables?
01-05 10:13:49.908 W/Atlas   ( 1299): Pointer 0x0, not in getPreloadedDrawables?
01-05 10:13:49.908 W/Atlas   ( 1299): Pointer 0x0, not in getPreloadedDrawables?
01-05 10:13:49.908 W/Atlas   ( 1299): Pointer 0x0, not in getPreloadedDrawables?
01-05 10:13:49.908 W/Atlas   ( 1299): Pointer 0x0, not in getPreloadedDrawables?
01-05 10:13:49.908 W/Atlas   ( 1299): Pointer 0x0, not in getPreloadedDrawables?
01-05 10:13:49.908 W/Atlas   ( 1299): Pointer 0x0, not in getPreloadedDrawables?
01-05 10:13:49.908 W/Atlas   ( 1299): Pointer 0x0, not in getPreloadedDrawables?
01-05 10:13:49.908 W/Atlas   ( 1299): Pointer 0x0, not in getPreloadedDrawables?
01-05 10:13:49.908 W/Atlas   ( 1299): Pointer 0x0, not in getPreloadedDrawables?
01-05 10:13:49.909 W/Atlas   ( 1299): Pointer 0x0, not in getPreloadedDrawables?
01-05 10:13:49.909 W/Atlas   ( 1299): Pointer 0x0, not in getPreloadedDrawables?
01-05 10:13:49.909 W/Atlas   ( 1299): Pointer 0x0, not in getPreloadedDrawables?
01-05 10:13:49.909 W/Atlas   ( 1299): Pointer 0x0, not in getPreloadedDrawables?
01-05 10:13:49.909 W/Atlas   ( 1299): Pointer 0x0, not in getPreloadedDrawables?
01-05 10:13:49.909 W/Atlas   ( 1299): Pointer 0x0, not in getPreloadedDrawables?
01-05 10:13:49.909 W/Atlas   ( 1299): Pointer 0x0, not in getPreloadedDrawables?
01-05 10:13:49.909 W/Atlas   ( 1299): Pointer 0x0, not in getPreloadedDrawables?
01-05 10:13:49.909 W/Atlas   ( 1299): Pointer 0x0, not in getPreloadedDrawables?
01-05 10:13:49.909 W/Atlas   ( 1299): Pointer 0x0, not in getPreloadedDrawables?
01-05 10:13:49.909 W/Atlas   ( 1299): Pointer 0x0, not in getPreloadedDrawables?
01-05 10:13:49.910 W/Atlas   ( 1299): Pointer 0x0, not in getPreloadedDrawables?
01-05 10:13:49.910 W/Atlas   ( 1299): Pointer 0x0, not in getPreloadedDrawables?
01-05 10:13:49.911 W/Atlas   ( 1299): Pointer 0x0, not in getPreloadedDrawables?
01-05 10:13:49.911 W/Atlas   ( 1299): Pointer 0x0, not in getPreloadedDrawables?
01-05 10:13:49.911 W/Atlas   ( 1299): Pointer 0x0, not in getPreloadedDrawables?
01-05 10:13:49.913 W/Atlas   ( 1299): Pointer 0x0, not in getPreloadedDrawables?
01-05 10:13:49.913 W/Atlas   ( 1299): Pointer 0x0, not in getPreloadedDrawables?
01-05 10:13:49.913 W/Atlas   ( 1299): Pointer 0x0, not in getPreloadedDrawables?
01-05 10:13:49.913 W/Atlas   ( 1299): Pointer 0x0, not in getPreloadedDrawables?
01-05 10:13:49.913 W/Atlas   ( 1299): Pointer 0x0, not in getPreloadedDrawables?
01-05 10:13:49.913 W/Atlas   ( 1299): Pointer 0x0, not in getPreloadedDrawables?
01-05 10:13:49.913 W/Atlas   ( 1299): Pointer 0x0, not in getPreloadedDrawables?
01-05 10:13:49.913 W/Atlas   ( 1299): Pointer 0x0, not in getPreloadedDrawables?
01-05 10:13:49.913 W/Atlas   ( 1299): Pointer 0x0, not in getPreloadedDrawables?
01-05 10:13:49.913 W/Atlas   ( 1299): Pointer 0x0, not in getPreloadedDrawables?
01-05 10:13:49.913 W/Atlas   ( 1299): Pointer 0x0, not in getPreloadedDrawables?
01-05 10:13:49.913 W/Atlas   ( 1299): Pointer 0x0, not in getPreloadedDrawables?
01-05 10:13:49.913 W/Atlas   ( 1299): Pointer 0x0, not in getPreloadedDrawables?
01-05 10:13:49.913 W/Atlas   ( 1299): Pointer 0x0, not in getPreloadedDrawables?
01-05 10:13:49.913 W/Atlas   ( 1299): Pointer 0x0, not in getPreloadedDrawables?
01-05 10:13:49.913 W/Atlas   ( 1299): Pointer 0x0, not in getPreloadedDrawables?
01-05 10:13:49.913 W/Atlas   ( 1299): Pointer 0x0, not in getPreloadedDrawables?
01-05 10:13:49.914 W/Atlas   ( 1299): Pointer 0x0, not in getPreloadedDrawables?
01-05 10:13:49.914 W/Atlas   ( 1299): Pointer 0x0, not in getPreloadedDrawables?
01-05 10:13:49.914 W/Atlas   ( 1299): Pointer 0x0, not in getPreloadedDrawables?
01-05 10:13:49.914 W/Atlas   ( 1299): Pointer 0x0, not in getPreloadedDrawables?
01-05 10:13:49.914 W/Atlas   ( 1299): Pointer 0x0, not in getPreloadedDrawables?
01-05 10:13:49.914 W/Atlas   ( 1299): Pointer 0x0, not in getPreloadedDrawables?
01-05 10:13:49.916 W/Atlas   ( 1299): Pointer 0x0, not in getPreloadedDrawables?
01-05 10:13:49.916 W/Atlas   ( 1299): Pointer 0x0, not in getPreloadedDrawables?
01-05 10:13:49.916 W/Atlas   ( 1299): Pointer 0x0, not in getPreloadedDrawables?
01-05 10:13:49.916 W/Atlas   ( 1299): Pointer 0x0, not in getPreloadedDrawables?
01-05 10:13:49.916 W/Atlas   ( 1299): Pointer 0x0, not in getPreloadedDrawables?
01-05 10:13:49.916 W/Atlas   ( 1299): Pointer 0x0, not in getPreloadedDrawables?
01-05 10:13:49.917 W/Atlas   ( 1299): Pointer 0x0, not in getPreloadedDrawables?
01-05 10:13:49.917 W/Atlas   ( 1299): Pointer 0x0, not in getPreloadedDrawables?
01-05 10:13:49.917 W/Atlas   ( 1299): Pointer 0x0, not in getPreloadedDrawables?
01-05 10:13:49.917 W/Atlas   ( 1299): Pointer 0x0, not in getPreloadedDrawables?
01-05 10:13:49.917 W/Atlas   ( 1299): Pointer 0x0, not in getPreloadedDrawables?
01-05 10:13:49.917 W/Atlas   ( 1299): Pointer 0x0, not in getPreloadedDrawables?
01-05 10:13:49.917 W/Atlas   ( 1299): Pointer 0x0, not in getPreloadedDrawables?
01-05 10:13:49.918 W/Atlas   ( 1299): Pointer 0x0, not in getPreloadedDrawables?
01-05 10:13:49.918 W/Atlas   ( 1299): Pointer 0x0, not in getPreloadedDrawables?
01-05 10:13:49.918 W/Atlas   ( 1299): Pointer 0x0, not in getPreloadedDrawables?
01-05 10:13:49.918 W/Atlas   ( 1299): Pointer 0x0, not in getPreloadedDrawables?
01-05 10:13:49.918 W/Atlas   ( 1299): Pointer 0x0, not in getPreloadedDrawables?
01-05 10:13:49.918 W/Atlas   ( 1299): Pointer 0x0, not in getPreloadedDrawables?
01-05 10:13:49.918 W/Atlas   ( 1299): Pointer 0x0, not in getPreloadedDrawables?
01-05 10:13:49.918 W/Atlas   ( 1299): Pointer 0x0, not in getPreloadedDrawables?
01-05 10:13:49.918 W/Atlas   ( 1299): Pointer 0x0, not in getPreloadedDrawables?
01-05 10:13:49.918 W/Atlas   ( 1299): Pointer 0x0, not in getPreloadedDrawables?
01-05 10:13:49.918 W/Atlas   ( 1299): Pointer 0x0, not in getPreloadedDrawables?
01-05 10:13:49.919 W/Atlas   ( 1299): Pointer 0x0, not in getPreloadedDrawables?
01-05 10:13:49.919 W/Atlas   ( 1299): Pointer 0x0, not in getPreloadedDrawables?
01-05 10:13:49.919 W/Atlas   ( 1299): Pointer 0x0, not in getPreloadedDrawables?
01-05 10:13:49.919 W/Atlas   ( 1299): Pointer 0x0, not in getPreloadedDrawables?
01-05 10:13:49.919 W/Atlas   ( 1299): Pointer 0x0, not in getPreloadedDrawables?
01-05 10:13:49.919 W/Atlas   ( 1299): Pointer 0x0, not in getPreloadedDrawables?
01-05 10:13:49.919 W/Atlas   ( 1299): Pointer 0x0, not in getPreloadedDrawables?
01-05 10:13:49.919 W/Atlas   ( 1299): Pointer 0x0, not in getPreloadedDrawables?
01-05 10:13:49.919 W/Atlas   ( 1299): Pointer 0x0, not in getPreloadedDrawables?
01-05 10:13:49.919 W/Atlas   ( 1299): Pointer 0x0, not in getPreloadedDrawables?
01-05 10:13:49.919 W/Atlas   ( 1299): Pointer 0x0, not in getPreloadedDrawables?
01-05 10:13:49.919 W/Atlas   ( 1299): Pointer 0x0, not in getPreloadedDrawables?
01-05 10:13:49.919 W/Atlas   ( 1299): Pointer 0x0, not in getPreloadedDrawables?
01-05 10:13:49.919 W/Atlas   ( 1299): Pointer 0x0, not in getPreloadedDrawables?
01-05 10:13:49.919 W/Atlas   ( 1299): Pointer 0x0, not in getPreloadedDrawables?
01-05 10:13:49.920 W/Atlas   ( 1299): Pointer 0x0, not in getPreloadedDrawables?
01-05 10:13:49.920 W/Atlas   ( 1299): Pointer 0x0, not in getPreloadedDrawables?
01-05 10:13:49.920 W/Atlas   ( 1299): Pointer 0x0, not in getPreloadedDrawables?
01-05 10:13:49.920 W/Atlas   ( 1299): Pointer 0x0, not in getPreloadedDrawables?
01-05 10:13:49.920 W/Atlas   ( 1299): Pointer 0x0, not in getPreloadedDrawables?
01-05 10:13:49.920 W/Atlas   ( 1299): Pointer 0x0, not in getPreloadedDrawables?
01-05 10:13:49.920 W/Atlas   ( 1299): Pointer 0x0, not in getPreloadedDrawables?
01-05 10:13:49.920 W/Atlas   ( 1299): Pointer 0x0, not in getPreloadedDrawables?
01-05 10:13:49.920 W/Atlas   ( 1299): Pointer 0x0, not in getPreloadedDrawables?
01-05 10:13:49.920 W/Atlas   ( 1299): Pointer 0x0, not in getPreloadedDrawables?
01-05 10:13:49.920 W/Atlas   ( 1299): Pointer 0x0, not in getPreloadedDrawables?
01-05 10:13:49.920 W/Atlas   ( 1299): Pointer 0x0, not in getPreloadedDrawables?
01-05 10:13:49.920 W/Atlas   ( 1299): Pointer 0x0, not in getPreloadedDrawables?
01-05 10:13:49.920 W/Atlas   ( 1299): Pointer 0x0, not in getPreloadedDrawables?
01-05 10:13:49.920 W/Atlas   ( 1299): Pointer 0x0, not in getPreloadedDrawables?
01-05 10:13:49.920 W/Atlas   ( 1299): Pointer 0x0, not in getPreloadedDrawables?
01-05 10:13:49.920 W/Atlas   ( 1299): Pointer 0x0, not in getPreloadedDrawables?
01-05 10:13:49.920 W/Atlas   ( 1299): Pointer 0x0, not in getPreloadedDrawables?
01-05 10:13:49.920 W/Atlas   ( 1299): Pointer 0x0, not in getPreloadedDrawables?
01-05 10:13:49.920 W/Atlas   ( 1299): Pointer 0x0, not in getPreloadedDrawables?
01-05 10:13:49.920 W/Atlas   ( 1299): Pointer 0x0, not in getPreloadedDrawables?
01-05 10:13:49.921 W/Atlas   ( 1299): Pointer 0x0, not in getPreloadedDrawables?
01-05 10:13:49.921 W/Atlas   ( 1299): Pointer 0x0, not in getPreloadedDrawables?
01-05 10:13:49.921 W/Atlas   ( 1299): Pointer 0x0, not in getPreloadedDrawables?
01-05 10:13:49.923 D/Launcher.Model( 1299): 11683562 - loadWorkspaceScreensDb()
01-05 10:13:49.923 D/Launcher.Model( 1299): 11683562 -   screens: { 0: 3 }
01-05 10:13:49.923 D/Launcher.Model( 1299): 11683562 -   sBgWorkspaceScreens: 3
01-05 10:13:49.926 V/WindowManagerService(  436): Adding window Window{232e4b2d u0 com.android.launcher3/com.android.launcher3.Launcher} at 2 of 7 (after Window{3a138094 u0 android/com.android.internal.app.ResolverActivity})
01-05 10:13:49.967 D/ViewRootImpl( 1299): onAttachToWindow register content observer attrs=WM.LayoutParams{(0,0)(fillxfill)mPosX=0mPosY=0mHScale=1.0mVScale=1.0 align=UNDEFINE taskId=66 sim=#120 ty=1 fl=#81910100 fmt=-2 wanim=0x1030469 vsysui=0x700 surfaceInsets=Rect(0, 0 - 0, 0) needsMenuKey=2packageName=com.android.launcher3token=android.os.BinderProxy@aa67c4}
01-05 10:13:49.973 D/WindowManagerService(  436): Window{232e4b2d u0 com.android.launcher3/com.android.launcher3.Launcher}  ==========setInputFocusLw ==========  =======
01-05 10:13:49.981 D/hwcomposer(  157): Skip 5 layer 
01-05 10:13:49.990 D/ViewRootImpl( 1299): 1280<<<<<< BACK FROM relayoutWM.LayoutParams{(0,0)(fillxfill)mPosX=0mPosY=0mHScale=1.0mVScale=1.0 align=UNDEFINE taskId=66 sim=#120 ty=1 fl=#81910100 fmt=-2 wanim=0x1030469 vsysui=0x600 surfaceInsets=Rect(0, 0 - 0, 0) needsMenuKey=2packageName=com.android.launcher3token=android.os.BinderProxy@aa67c4}
01-05 10:13:49.992 I/mali_so ( 1299): [File] : hardware/arm_hal/mali/driver/./src/base/arch/arch_011_udd/base_arch_main.c; [Line] : 565; [Func] : deal_with_version_affairs_rk_ext;
01-05 10:13:49.992 I/mali_so ( 1299): arm_release_ver of this mali_so is 'r6p0-01rel1', rk_so_ver is '3@0', built at '11:17:27', on 'Mar  9 2016'.
01-05 10:13:49.992 I/mali_so ( 1299): [File] : hardware/arm_hal/mali/driver/./src/base/arch/arch_011_udd/base_arch_main.c; [Line] : 578; [Func] : deal_with_version_affairs_rk_ext;
01-05 10:13:49.992 I/mali_so ( 1299): mali_ver_property has been set to 'r6p0-01rel1-5-3@0', to return.
01-05 10:13:49.993 E/HAL     ( 1299): load: ++++++++++++TWM++++++++++++++++id path=gralloc
01-05 10:13:49.993 E/HAL     ( 1299): load: ++++++++++++TWM++++++++++++++++module path=/system/lib/hw/gralloc.rk30board.so
01-05 10:13:49.994 I/OpenGLRenderer( 1299): Initialized EGL, version 1.4
01-05 10:13:49.996 D/OpenGLRenderer( 1299): Enabling debug mode 0
01-05 10:13:49.996 E/HAL     ( 1299): load: ++++++++++++TWM++++++++++++++++id path=gralloc
01-05 10:13:49.996 E/HAL     ( 1299): load: ++++++++++++TWM++++++++++++++++module path=/system/lib/hw/gralloc.rk30board.so
01-05 10:13:49.999 D/hwcomposer(  157): Skip 5 layer 
01-05 10:13:50.001 E/HAL     ( 1299): load: ++++++++++++TWM++++++++++++++++id path=gralloc
01-05 10:13:50.001 E/HAL     ( 1299): load: ++++++++++++TWM++++++++++++++++module path=/system/lib/hw/gralloc.rk30board.so
01-05 10:13:50.015 D/ViewRootImpl( 1299): 1280<<<<<< BACK FROM relayoutWM.LayoutParams{(0,0)(fillxfill)mPosX=0mPosY=0mHScale=1.0mVScale=1.0 align=UNDEFINE taskId=66 sim=#120 ty=1 fl=#81910100 fmt=-2 wanim=0x1030469 vsysui=0x600 surfaceInsets=Rect(0, 0 - 0, 0) needsMenuKey=2packageName=com.android.launcher3token=android.os.BinderProxy@aa67c4}
01-05 10:13:50.016 D/hwcomposer(  157): Skip 5 layer 
01-05 10:13:50.032 E/HAL     (  157): load: ++++++++++++TWM++++++++++++++++id path=gralloc
01-05 10:13:50.033 E/HAL     (  157): load: ++++++++++++TWM++++++++++++++++module path=/system/lib/hw/gralloc.rk30board.so
01-05 10:13:50.034 D/hwcomposer(  157): Skip 5 layer 
01-05 10:13:50.050 D/hwcomposer(  157): Skip 5 layer 
01-05 10:13:50.061 I/ActivityManagerService(  436): Displayed com.android.launcher3/.Launcher: +842ms
01-05 10:13:50.067 D/hwcomposer(  157): Skip 5 layer 
01-05 10:13:50.075 E/HAL     (  806): load: ++++++++++++TWM++++++++++++++++id path=gralloc
01-05 10:13:50.075 E/HAL     (  806): load: ++++++++++++TWM++++++++++++++++module path=/system/lib/hw/gralloc.rk30board.so
01-05 10:13:50.076 E/HAL     (  806): load: ++++++++++++TWM++++++++++++++++id path=gralloc
01-05 10:13:50.076 E/HAL     (  806): load: ++++++++++++TWM++++++++++++++++module path=/system/lib/hw/gralloc.rk30board.so
01-05 10:13:50.083 E/HAL     (  806): load: ++++++++++++TWM++++++++++++++++id path=gralloc
01-05 10:13:50.083 E/HAL     (  806): load: ++++++++++++TWM++++++++++++++++module path=/system/lib/hw/gralloc.rk30board.so
01-05 10:13:50.085 D/hwcomposer(  157): Skip 5 layer 
01-05 10:13:50.086 I/[Gralloc](  806):  ion device closed! fd = 26
01-05 10:13:50.086 D/ViewRootImpl(  806): 1280<<<<<< BACK FROM relayoutnull
01-05 10:13:50.103 D/hwcomposer(  157): Skip 5 layer 
01-05 10:13:50.116 E/HAL     ( 1299): load: ++++++++++++TWM++++++++++++++++id path=gralloc
01-05 10:13:50.116 E/HAL     ( 1299): load: ++++++++++++TWM++++++++++++++++module path=/system/lib/hw/gralloc.rk30board.so
01-05 10:13:50.133 E/HAL     (  157): load: ++++++++++++TWM++++++++++++++++id path=gralloc
01-05 10:13:50.133 E/HAL     (  157): load: ++++++++++++TWM++++++++++++++++module path=/system/lib/hw/gralloc.rk30board.so
01-05 10:13:50.136 D/hwcomposer(  157): Skip 5 layer 
01-05 10:13:50.146 D/Launcher( 1299): 11683562 - bindAddScreens()
01-05 10:13:50.146 D/Launcher( 1299): 11683562 -   orderedScreenIds: 3
01-05 10:13:50.148 D/Launcher.Workspace( 1299): 11683562 - insertNewWorkspaceScreen(): 3 at index: 0
01-05 10:13:50.153 D/hwcomposer(  157): Skip 5 layer 
01-05 10:13:50.168 D/hwcomposer(  157): Skip 5 layer 
01-05 10:13:50.185 D/hwcomposer(  157): Skip 5 layer 
01-05 10:13:50.200 D/hwcomposer(  157): Skip 5 layer 
01-05 10:13:50.215 D/hwcomposer(  157): Skip 5 layer 
01-05 10:13:50.300 W/ActivityManagerService(  436): Finishing task with all activities already finished
01-05 10:13:50.301 W/ActivityManagerService(  436): Duplicate finish request for ActivityRecord{1372253c u0 android/com.android.internal.app.ResolverActivity t65 f}
01-05 10:13:50.304 D/ViewRootImpl(  806): onDetachedFromWindow ungister contentObserver
01-05 10:13:50.308 D/hwcomposer(  157): Skip 5 layer 
01-05 10:13:50.325 D/hwcomposer(  157): Skip 5 layer 
01-05 10:13:50.343 D/hwcomposer(  157): Skip 5 layer 
01-05 10:13:50.360 D/hwcomposer(  157): Skip 5 layer 
01-05 10:13:50.377 D/hwcomposer(  157): Skip 5 layer 
01-05 10:13:50.394 D/hwcomposer(  157): Skip 5 layer 
01-05 10:13:50.410 D/hwcomposer(  157): Skip 5 layer 
01-05 10:13:50.427 D/hwcomposer(  157): Skip 5 layer 
01-05 10:13:50.445 D/hwcomposer(  157): Skip 5 layer 
01-05 10:13:50.462 D/hwcomposer(  157): Skip 5 layer 
01-05 10:13:50.473 E/HAL     ( 1299): load: ++++++++++++TWM++++++++++++++++id path=gralloc
01-05 10:13:50.473 E/HAL     ( 1299): load: ++++++++++++TWM++++++++++++++++module path=/system/lib/hw/gralloc.rk30board.so
01-05 10:13:50.495 E/HAL     (  157): load: ++++++++++++TWM++++++++++++++++id path=gralloc
01-05 10:13:50.495 E/HAL     (  157): load: ++++++++++++TWM++++++++++++++++module path=/system/lib/hw/gralloc.rk30board.so
01-05 10:13:50.497 D/hwcomposer(  157): Skip 5 layer 
01-05 10:13:50.768 I/Sensors (  436): **** No Motion ****
01-05 10:13:52.748 E/WifiStateMachine(  436): WifiStateMachine CMD_START_SCAN source -2 txSuccessRate=2.64 rxSuccessRate=2.33 targetRoamBSSID=00:95:69:b4:66:2b RSSI=-41
01-05 10:13:52.748 E/WifiStateMachine(  436): startDelayedScan send -> 13 milli 20000
01-05 10:13:52.748 E/WifiStateMachine(  436): WifiStateMachine CMD_START_SCAN with age=65782 interval=20000 maxinterval=300000
01-05 10:13:52.748 E/WifiStateMachine(  436): WifiStateMachine CMD_START_SCAN try full band scan age=65782 interval=20000 maxinterval=300000
01-05 10:13:52.748 E/WifiStateMachine(  436): WifiStateMachine CMD_START_SCAN full=true
01-05 10:13:52.749 E/WifiStateMachine(  436): WifiStateMachine CMD_START_SCAN bump interval =30000
01-05 10:13:52.751 E/WifiStateMachine(  436): [1,515,118,432,751 ms] noteScanstart no scan source uid -2
01-05 10:13:53.572 E/WifiStateMachine(  436): [1,515,118,433,572 ms] noteScanEnd no scan source onTime=0
01-05 10:13:53.582 E/WifiStateMachine(  436): wifi setScanResults statecom.android.server.wifi.WifiStateMachine$ConnectedState@32b24349 sup_state=COMPLETED debouncing=false mConnectionRequests=1 selection=<none>
01-05 10:13:58.757 D/hwcomposer(  157): Skip 5 layer 
01-05 10:14:00.043 D/hwcomposer(  157): Skip 5 layer 
01-05 10:14:00.797 D/hwcomposer(  157): Skip 5 layer 
01-05 10:14:00.927 I/NINE    (  436): MSG_USER_ACTIVITY_TIMEOUT_PROTECT
01-05 10:14:00.928 I/NINE    (  436): send action_power_protect_screen
01-05 10:14:00.928 W/ContextImpl(  436): Calling a method in the system process without a qualified user: android.app.ContextImpl.sendBroadcast:1344 com.android.server.power.PowerManagerService.handleprotectScreen:2000 com.android.server.power.PowerManagerService.access$3100:96 com.android.server.power.PowerManagerService$PowerManagerHandler.handleMessage:2894 android.os.Handler.dispatchMessage:102 
01-05 10:14:00.929 I/NINE    (  436): action_power_protect_screen
01-05 10:14:01.808 D/hwcomposer(  157): Skip 5 layer 
