01-05 10:13:30.232 D/WifiDisplayController(  436): mDesiredDevice == NULL, So it is a sink device
01-05 10:13:30.232 D/WifiDisplayController(  436): ####onConnectionInfoAvailable(), mWfdEnabled networkInfo.isConnected() false, networkInfo.isConnected() false
01-05 10:13:30.233 D/WifiDisplayController(  436): ######mWifiWFDServicerOn =mWfdEnabled networkInfo.isConnected()falsefalsefalse
01-05 10:13:30.233 E/WifiStateMachine(  436): SUPPLICANT_STATE_CHANGE_EVENT state=SCANNING -> state= SCANNING debouncing=false
01-05 10:13:30.233 E/WifiStateMachine(  436): setDetailed state, old =DISCONNECTED and new state=SCANNING hidden=false
01-05 10:13:30.237 D/WifiWatchdogStateMachine(  436): transitionTo: destState=NotConnectedState
01-05 10:13:30.237 E/WifiStateMachine(  436): startDelayedScan send -> 11 milli 10000
01-05 10:13:30.239 D/WifiNative-HAL(  436): p2pGetDeviceAddress
01-05 10:13:30.240 D/WifiNative-HAL(  436): p2pGetDeviceAddress returning ce:b8:a8:51:03:28
01-05 10:13:30.240 D/SupplicantStateTracker(  436): transitionTo: destState=ScanState
01-05 10:13:30.242 D/WifiDisplayController(  436): Received WIFI_P2P_THIS_DEVICE_CHANGED_ACTION: mThisDevice= Device: Android_13dc
01-05 10:13:30.242 D/WifiDisplayController(  436):  deviceAddress: ce:b8:a8:51:03:28
01-05 10:13:30.242 D/WifiDisplayController(  436):  primary type: 10-0050F204-5
01-05 10:13:30.242 D/WifiDisplayController(  436):  secondary type: null
01-05 10:13:30.242 D/WifiDisplayController(  436):  wps: 0
01-05 10:13:30.242 D/WifiDisplayController(  436):  grpcapab: 0
01-05 10:13:30.242 D/WifiDisplayController(  436):  devcapab: 0
01-05 10:13:30.242 D/WifiDisplayController(  436):  status: 3
01-05 10:13:30.242 D/WifiDisplayController(  436):  wfdInfo: WFD enabled: trueWFD DeviceInfo: 16
01-05 10:13:30.242 D/WifiDisplayController(  436):  WFD CtrlPort: 7236
01-05 10:13:30.242 D/WifiDisplayController(  436):  WFD MaxThroughput: 50
01-05 10:13:30.243 E/wpa_supplicant( 1662): Writing configuration file '/data/misc/wifi/p2p_supplicant.conf.tmp'
01-05 10:13:30.257 E/wpa_supplicant( 1662): Writing configuration file '/data/misc/wifi/wpa_supplicant.conf.tmp'
01-05 10:13:30.270 D/WifiDisplayController(  436): Successfully set WFD info.
01-05 10:13:30.270 D/WifiDisplayController(  436): Received WIFI_P2P_THIS_DEVICE_CHANGED_ACTION: mThisDevice= Device: Android_13dc
01-05 10:13:30.270 D/WifiDisplayController(  436):  deviceAddress: ce:b8:a8:51:03:28
01-05 10:13:30.270 D/WifiDisplayController(  436):  primary type: 10-0050F204-5
01-05 10:13:30.270 D/WifiDisplayController(  436):  secondary type: null
01-05 10:13:30.270 D/WifiDisplayController(  436):  wps: 0
01-05 10:13:30.270 D/WifiDisplayController(  436):  grpcapab: 0
01-05 10:13:30.270 D/WifiDisplayController(  436):  devcapab: 0
01-05 10:13:30.270 D/WifiDisplayController(  436):  status: 3
01-05 10:13:30.270 D/WifiDisplayController(  436):  wfdInfo: WFD enabled: trueWFD DeviceInfo: 16
01-05 10:13:30.270 D/WifiDisplayController(  436):  WFD CtrlPort: 7236
01-05 10:13:30.270 D/WifiDisplayController(  436):  WFD MaxThroughput: 50
01-05 10:13:30.271 D/WifiDisplayAdapter(  436): getWifiDisplayStatusLocked: result=WifiDisplayStatus{featureState=3, scanState=0, activeDisplayState=0, activeDisplay=null, displays=[], sessionInfo=WifiDisplaySessionInfo:
01-05 10:13:30.271 D/WifiDisplayAdapter(  436):     Client/Owner: Client
01-05 10:13:30.271 D/WifiDisplayAdapter(  436):     GroupId: 
01-05 10:13:30.271 D/WifiDisplayAdapter(  436):     Passphrase: 
01-05 10:13:30.271 D/WifiDisplayAdapter(  436):     SessionId: 0
01-05 10:13:30.271 D/WifiDisplayAdapter(  436):     IP Address: }
01-05 10:13:31.233 E/WifiStateMachine(  436): [1,515,118,411,233 ms] noteScanEnd no scan source onTime=0
01-05 10:13:31.246 E/WifiStateMachine(  436): wifi setScanResults statecom.android.server.wifi.WifiStateMachine$DisconnectedState@31c567c sup_state=SCANNING debouncing=false mConnectionRequests=1 selection=<none>
01-05 10:13:31.257 E/WifiStateMachine(  436): WifiStateMachine shouldSwitchNetwork  txSuccessRate=280.50 rxSuccessRate=277.50 delta 1000 -> 1
01-05 10:13:31.257 E/WifiConfigStore(  436):  rewrite network history for "testlab"WPA_PSK
01-05 10:13:31.257 E/WifiConfigStore(  436):  rewrite network history for "Lierda_662A"WPA_PSK
01-05 10:13:31.261 E/WifiStateMachine(  436): CMD_AUTO_CONNECT sup state ScanState my state DisconnectedState nid=2 roam=3
01-05 10:13:31.261 E/WifiConfigStore(  436): saveWifiConfigBSSID Setting BSSID for "Lierda_662A"WPA_PSK to any
01-05 10:13:31.262 E/wpa_supplicant( 1662): Writing configuration file '/data/misc/wifi/wpa_supplicant.conf.tmp'
01-05 10:13:31.278 E/WifiStateMachine(  436): CMD_AUTO_CONNECT will save config -> "Lierda_662A" nid=2
01-05 10:13:31.342 E/WifiConfigStore(  436): will read network variables netId=2
01-05 10:13:31.348 E/wpa_supplicant( 1662): Writing configuration file '/data/misc/wifi/wpa_supplicant.conf.tmp'
01-05 10:13:31.358 E/WifiStateMachine(  436): CMD_AUTO_CONNECT did save config ->  nid=2
01-05 10:13:31.360 E/WifiConfigStore(  436): will read network variables netId=2
01-05 10:13:31.366 E/wpa_supplicant( 1662): Writing configuration file '/data/misc/wifi/wpa_supplicant.conf.tmp'
01-05 10:13:31.379 I/wpa_supplicant( 1662): wlan0: Trying to associate with 00:95:69:b4:66:2b (SSID='Lierda_662A' freq=2412 MHz)
01-05 10:13:31.388 E/WifiStateMachine(  436): SUPPLICANT_STATE_CHANGE_EVENT state=ASSOCIATING -> state= CONNECTING debouncing=false
01-05 10:13:31.388 E/WifiStateMachine(  436): setDetailed state, old =SCANNING and new state=CONNECTING hidden=false
01-05 10:13:31.388 E/WifiStateMachine(  436): setDetailed state send new extra info0x
01-05 10:13:31.390 D/WifiWatchdogStateMachine(  436): transitionTo: destState=NotConnectedState
01-05 10:13:31.393 D/WifiWatchdogStateMachine(  436): transitionTo: destState=NotConnectedState
01-05 10:13:31.395 D/SupplicantStateTracker(  436): transitionTo: destState=HandshakeState
01-05 10:13:31.415 I/wpa_supplicant( 1662): wlan0: Associated with 00:95:69:b4:66:2b
01-05 10:13:31.415 E/WifiStateMachine(  436): SUPPLICANT_STATE_CHANGE_EVENT state=ASSOCIATED -> state= CONNECTING debouncing=false
01-05 10:13:31.415 E/WifiStateMachine(  436): setDetailed state, old =CONNECTING and new state=CONNECTING hidden=false
01-05 10:13:31.416 E/WifiStateMachine(  436): setDetailed state send new extra info"Lierda_662A"
01-05 10:13:31.418 D/WifiWatchdogStateMachine(  436): transitionTo: destState=NotConnectedState
01-05 10:13:31.505 E/WifiStateMachine(  436): SUPPLICANT_STATE_CHANGE_EVENT state=FOUR_WAY_HANDSHAKE -> state= AUTHENTICATING debouncing=false
01-05 10:13:31.505 E/WifiStateMachine(  436): setDetailed state, old =CONNECTING and new state=AUTHENTICATING hidden=false
01-05 10:13:31.507 D/WifiWatchdogStateMachine(  436): transitionTo: destState=NotConnectedState
01-05 10:13:31.540 E/WifiStateMachine(  436): SUPPLICANT_STATE_CHANGE_EVENT state=GROUP_HANDSHAKE -> state= AUTHENTICATING debouncing=false
01-05 10:13:31.540 E/WifiStateMachine(  436): setDetailed state, old =AUTHENTICATING and new state=AUTHENTICATING hidden=false
01-05 10:13:31.542 I/wpa_supplicant( 1662): wlan0: WPA: Key negotiation completed with 00:95:69:b4:66:2b [PTK=CCMP GTK=TKIP]
01-05 10:13:31.542 I/wpa_supplicant( 1662): wlan0: CTRL-EVENT-CONNECTED - Connection to 00:95:69:b4:66:2b completed [id=2 id_str=]
01-05 10:13:31.543 E/WifiStateMachine(  436): Network connection established
01-05 10:13:31.545 E/WifiStateMachine(  436): transitionTo: destState=ObtainingIpState
01-05 10:13:31.545 E/WifiStateMachine(  436): setDetailed state, old =AUTHENTICATING and new state=CONNECTING hidden=false
01-05 10:13:31.545 D/WifiWatchdogStateMachine(  436): transitionTo: destState=NotConnectedState
01-05 10:13:31.550 D/WifiWatchdogStateMachine(  436): transitionTo: destState=NotConnectedState
01-05 10:13:31.553 D/ConnectivityService(  436): registerNetworkAgent NetworkAgentInfo{ ni{[type: WIFI[], state: CONNECTING/CONNECTING, reason: (unspecified), extra: "Lierda_662A", roaming: false, failover: false, isAvailable: true, isConnectedToProvisioningNetwork: false]}  network{null}  lp{{LinkAddresses: []  Routes: [] DnsAddresses: [] Domains: null MTU: 0 TcpBufferSizes: 524288,1048576,2097152,262144,524288,1048576}}  nc{[ Transports: WIFI Capabilities: INTERNET&NOT_RESTRICTED&TRUSTED&NOT_VPN LinkUpBandwidth>=1048576Kbps LinkDnBandwidth>=1048576Kbps]}  Score{20}  everValidated{false}  lastValidated{false}  created{false}  explicitlySelected{false} }
01-05 10:13:31.554 E/WifiStateMachine(  436): L2ConnectedState 00:95:69:b4:66:2b config "Lierda_662A"WPA_PSK config.bssid null
01-05 10:13:31.554 E/WifiStateMachine(  436): L2ConnectedState "Lierda_662A" nid=2
01-05 10:13:31.554 D/ConnectivityService(  436): NetworkAgentInfo [WIFI () - 101] EVENT_NETWORK_INFO_CHANGED, going from null to CONNECTING
01-05 10:13:31.554 E/WifiConfigStore(  436): saveWifiConfigBSSID Setting BSSID for "Lierda_662A"WPA_PSK to any
01-05 10:13:31.555 E/wpa_supplicant( 1662): Writing configuration file '/data/misc/wifi/wpa_supplicant.conf.tmp'
01-05 10:13:31.568 E/WifiStateMachine(  436): enter ObtainingIpState netId=2 "Lierda_662A"WPA_PSK  roam=3 static=false watchdog= 1
01-05 10:13:31.568 E/WifiStateMachine(  436): setDetailed state, old =CONNECTING and new state=OBTAINING_IPADDR hidden=false
01-05 10:13:31.569 E/WifiStateMachine(  436): ObtainingIpAddress 00:95:69:b4:66:2b config "Lierda_662A"WPA_PSK config.bssid any
01-05 10:13:31.569 E/WifiStateMachine(  436): ObtainingIpAddress "Lierda_662A" nid=2
01-05 10:13:31.570 E/WifiConfigStore(  436): saveWifiConfigBSSID Setting BSSID for "Lierda_662A"WPA_PSK to any
01-05 10:13:31.570 D/WifiWatchdogStateMachine(  436): transitionTo: destState=NotConnectedState
01-05 10:13:31.571 E/wpa_supplicant( 1662): Writing configuration file '/data/misc/wifi/wpa_supplicant.conf.tmp'
01-05 10:13:31.580 D/CommandListener(  160): Setting iface cfg
01-05 10:13:31.583 E/WifiStateMachine(  436): Start Dhcp Watchdog 2
01-05 10:13:31.583 D/DhcpStateMachine(  436): transitionTo: destState=WaitBeforeStartState
01-05 10:13:31.590 E/WifiStateMachine(  436): calculateWifiScore() report new score 60
01-05 10:13:31.593 D/ConnectivityService(  436): updateNetworkScore for NetworkAgentInfo [WIFI () - 101] to 60
01-05 10:13:31.595 E/WifiStateMachine(  436): Link configuration changed for netId: 2 old: {LinkAddresses: []  Routes: [] DnsAddresses: [] Domains: null MTU: 0 TcpBufferSizes: 524288,1048576,2097152,262144,524288,1048576} new: {InterfaceName: wlan0 LinkAddresses: [fe80::ceb8:a8ff:fe51:328/64,]  Routes: [fe80::/64 -> :: wlan0,] DnsAddresses: [] Domains: null MTU: 0}
01-05 10:13:31.596 E/WifiStateMachine(  436): updateLinkProperties nid: 2 state: OBTAINING_IPADDR reason: CMD_UPDATE_LINKPROPERTIES
01-05 10:13:31.599 E/WifiStateMachine(  436): Link configuration changed for netId: 2 old: {InterfaceName: wlan0 LinkAddresses: [fe80::ceb8:a8ff:fe51:328/64,]  Routes: [fe80::/64 -> :: wlan0,] DnsAddresses: [] Domains: null MTU: 0 TcpBufferSizes: 524288,1048576,2097152,262144,524288,1048576} new: {InterfaceName: wlan0 LinkAddresses: [fe80::ceb8:a8ff:fe51:328/64,]  Routes: [fe80::/64 -> :: wlan0,] DnsAddresses: [] Domains: null MTU: 0}
01-05 10:13:31.599 E/WifiStateMachine(  436): updateLinkProperties nid: 2 state: OBTAINING_IPADDR reason: CMD_UPDATE_LINKPROPERTIES
01-05 10:13:31.682 E/WifiStateMachine(  436): setSuspendOptimizationsNative: 1 false -want true stack:setSuspendOptimizationsNative - handlePreDhcpSetup - processMessage - processMsg
01-05 10:13:31.682 E/native  (  436): do suspend false
01-05 10:13:31.693 E/WifiStateMachine(  436): scanCount==0 - aborting
01-05 10:13:31.696 D/SupplicantStateTracker(  436): transitionTo: destState=CompletedState
01-05 10:13:31.905 I/dhcpcd  ( 1703): version 5.5.6 starting
01-05 10:13:31.908 E/dhcpcd  ( 1703): get_duid: Read-only file system
01-05 10:13:31.977 I/dhcpcd  ( 1703): wlan0: broadcasting for a lease
01-05 10:13:32.182 I/dhcpcd  ( 1703): wlan0: offered 192.168.100.197 from 192.168.100.1
01-05 10:13:32.233 I/dhcpcd  ( 1703): wlan0: acknowledged 192.168.100.197 from 192.168.100.1
01-05 10:13:32.337 I/dhcpcd  ( 1703): wlan0: leased 192.168.100.197 for 43200 seconds
01-05 10:13:32.342 E/WifiStateMachine(  436): Link configuration changed for netId: 2 old: {InterfaceName: wlan0 LinkAddresses: [fe80::ceb8:a8ff:fe51:328/64,]  Routes: [fe80::/64 -> :: wlan0,] DnsAddresses: [] Domains: null MTU: 0 TcpBufferSizes: 524288,1048576,2097152,262144,524288,1048576} new: {InterfaceName: wlan0 LinkAddresses: [fe80::ceb8:a8ff:fe51:328/64,192.168.100.197/24,]  Routes: [fe80::/64 -> :: wlan0,] DnsAddresses: [] Domains: null MTU: 0}
01-05 10:13:32.342 E/WifiStateMachine(  436): updateLinkProperties nid: 2 state: OBTAINING_IPADDR reason: CMD_UPDATE_LINKPROPERTIES v4
01-05 10:13:32.591 E/WifiStateMachine(  436): Link configuration changed for netId: 2 old: {InterfaceName: wlan0 LinkAddresses: [fe80::ceb8:a8ff:fe51:328/64,192.168.100.197/24,]  Routes: [fe80::/64 -> :: wlan0,] DnsAddresses: [] Domains: null MTU: 0 TcpBufferSizes: 524288,1048576,2097152,262144,524288,1048576} new: {InterfaceName: wlan0 LinkAddresses: [fe80::ceb8:a8ff:fe51:328/64,192.168.100.197/24,]  Routes: [fe80::/64 -> :: wlan0,] DnsAddresses: [] Domains: null MTU: 0}
01-05 10:13:32.592 E/WifiStateMachine(  436): updateLinkProperties nid: 2 state: OBTAINING_IPADDR reason: CMD_UPDATE_LINKPROPERTIES v4
01-05 10:13:32.698 D/DhcpStateMachine(  436): transitionTo: destState=RunningState
01-05 10:13:32.700 E/WifiStateMachine(  436): setSuspendOptimizationsNative: 1 true -want true stack:setSuspendOptimizationsNative - handlePostDhcpSetup - processMessage - processMsg
01-05 10:13:32.705 E/WifiStateMachine(  436): WifiStateMachine DHCP successful
01-05 10:13:32.707 E/WifiStateMachine(  436): Link configuration changed for netId: 2 old: {InterfaceName: wlan0 LinkAddresses: [fe80::ceb8:a8ff:fe51:328/64,192.168.100.197/24,]  Routes: [fe80::/64 -> :: wlan0,] DnsAddresses: [] Domains: null MTU: 0 TcpBufferSizes: 524288,1048576,2097152,262144,524288,1048576} new: {InterfaceName: wlan0 LinkAddresses: [fe80::ceb8:a8ff:fe51:328/64,192.168.100.197/24,]  Routes: [fe80::/64 -> :: wlan0,192.168.100.0/24 -> 0.0.0.0 wlan0,0.0.0.0/0 -> 192.168.100.1 wlan0,] DnsAddresses: [192.168.100.1,] Domains: lan MTU: 0}
01-05 10:13:32.707 E/WifiStateMachine(  436): updateLinkProperties nid: 2 state: OBTAINING_IPADDR reason: DHCP_SUCCESS v4 v4r v4dns isprov
01-05 10:13:32.709 E/WifiStateMachine(  436): setDetailed state, old =OBTAINING_IPADDR and new state=CAPTIVE_PORTAL_CHECK hidden=false
01-05 10:13:32.712 D/WifiWatchdogStateMachine(  436): transitionTo: destState=NotConnectedState
01-05 10:13:32.714 E/WifiStateMachine(  436): setDetailed state, old =CAPTIVE_PORTAL_CHECK and new state=CONNECTED hidden=false
01-05 10:13:32.715 D/WifiWatchdogStateMachine(  436): transitionTo: destState=NotConnectedState
01-05 10:13:32.715 D/ConnectivityService(  436): NetworkAgentInfo [WIFI () - 101] EVENT_NETWORK_INFO_CHANGED, going from CONNECTING to CONNECTED
01-05 10:13:32.718 D/ConnectivityService(  436): Adding iface wlan0 to network 101
01-05 10:13:32.718 E/WifiStateMachine(  436): transitionTo: destState=ConnectedState
01-05 10:13:32.721 D/WifiWatchdogStateMachine(  436): transitionTo: destState=OnlineWatchState
01-05 10:13:32.721 D/WifiWatchdogStateMachine(  436): transitionTo: destState=OnlineState
01-05 10:13:32.722 E/WifiStateMachine(  436): Did not find remoteAddress {192.168.100.1} in /proc/net/arp
01-05 10:13:32.730 D/WifiWatchdogStateMachine(  436): transitionTo: destState=OnlineWatchState
01-05 10:13:32.730 D/WifiWatchdogStateMachine(  436): transitionTo: destState=OnlineState
01-05 10:13:32.746 E/WifiStateMachine(  436): ConnectedState Enter  mScreenOn=true scanperiod=20000
01-05 10:13:32.746 E/ConnectivityService(  436): Unexpected mtu value: 0, wlan0
01-05 10:13:32.746 E/WifiStateMachine(  436): startDelayedScan send -> 12 milli 20000
01-05 10:13:32.746 D/ConnectivityService(  436): Adding Route [fe80::/64 -> :: wlan0] to network 101
01-05 10:13:32.749 E/wpa_supplicant( 1662): Writing configuration file '/data/misc/wifi/wpa_supplicant.conf.tmp'
01-05 10:13:32.749 D/ConnectivityService(  436): Adding Route [192.168.100.0/24 -> 0.0.0.0 wlan0] to network 101
01-05 10:13:32.752 D/ConnectivityService(  436): Adding Route [0.0.0.0/0 -> 192.168.100.1 wlan0] to network 101
01-05 10:13:32.755 D/ConnectivityService(  436): Setting Dns servers for network 101 to [/192.168.100.1]
01-05 10:13:32.756 D/hwcomposer(  157): Skip 5 layer 
01-05 10:13:32.761 I/NINE    (  436): MSG_USER_ACTIVITY_TIMEOUT_PROTECT
01-05 10:13:32.761 I/NINE    (  436): send action_power_protect_screen
01-05 10:13:32.762 W/ContextImpl(  436): Calling a method in the system process without a qualified user: android.app.ContextImpl.sendBroadcast:1344 com.android.server.power.PowerManagerService.handleprotectScreen:2000 com.android.server.power.PowerManagerService.access$3100:96 com.android.server.power.PowerManagerService$PowerManagerHandler.handleMessage:2894 android.os.Handler.dispatchMessage:102 
01-05 10:13:32.767 E/WifiStateMachine(  436): wifi network checker is off.
01-05 10:13:32.768 E/WifiStateMachine(  436): Wifi Connected, start to check if need to enable wifi intelligent sleep.
01-05 10:13:32.769 I/NINE    (  436): action_power_protect_screen
01-05 10:13:32.771 I/NINE    (  436): MSG_USER_ACTIVITY_TIMEOUT_PROTECT
01-05 10:13:32.771 I/NINE    (  436): send action_power_protect_screen
01-05 10:13:32.771 D/ConnectivityService(  436): notifyType IP_CHANGED for NetworkAgentInfo [WIFI () - 101]
01-05 10:13:32.772 W/ContextImpl(  436): Calling a method in the system process without a qualified user: android.app.ContextImpl.sendBroadcast:1344 com.android.server.power.PowerManagerService.handleprotectScreen:2000 com.android.server.power.PowerManagerService.access$3100:96 com.android.server.power.PowerManagerService$PowerManagerHandler.handleMessage:2894 android.os.Handler.dispatchMessage:102 
01-05 10:13:32.772 I/NINE    (  436): MSG_USER_ACTIVITY_TIMEOUT_PROTECT
01-05 10:13:32.772 I/NINE    (  436): send action_power_protect_screen
01-05 10:13:32.773 W/ContextImpl(  436): Calling a method in the system process without a qualified user: android.app.ContextImpl.sendBroadcast:1344 com.android.server.power.PowerManagerService.handleprotectScreen:2000 com.android.server.power.PowerManagerService.access$3100:96 com.android.server.power.PowerManagerService$PowerManagerHandler.handleMessage:2894 android.os.Handler.dispatchMessage:102 
01-05 10:13:32.773 I/NINE    (  436): action_power_protect_screen
01-05 10:13:32.775 I/NINE    (  436): action_power_protect_screen
01-05 10:13:32.779 I/NINE    (  436): MSG_USER_ACTIVITY_TIMEOUT_PROTECT
01-05 10:13:32.779 I/NINE    (  436): send action_power_protect_screen
01-05 10:13:32.779 D/ConnectivityService(  436): notifyType PRECHECK for NetworkAgentInfo [WIFI () - 101]
01-05 10:13:32.779 D/ConnectivityService(  436): rematching NetworkAgentInfo [WIFI () - 101]
01-05 10:13:32.780 W/ContextImpl(  436): Calling a method in the system process without a qualified user: android.app.ContextImpl.sendBroadcast:1344 com.android.server.power.PowerManagerService.handleprotectScreen:2000 com.android.server.power.PowerManagerService.access$3100:96 com.android.server.power.PowerManagerService$PowerManagerHandler.handleMessage:2894 android.os.Handler.dispatchMessage:102 
01-05 10:13:32.780 D/ConnectivityService(  436): currentScore = 0, newScore = 20
01-05 10:13:32.780 D/NetworkMonitor/NetworkAgentInfo [WIFI () - 101](  436): DefaultState{ when=0 what=532481 target=com.android.internal.util.StateMachine$SmHandler }
01-05 10:13:32.780 D/ConnectivityService(  436):    accepting network in place of null
01-05 10:13:32.780 D/NetworkMonitor/NetworkAgentInfo [WIFI () - 101](  436): Connected
01-05 10:13:32.780 D/NetworkMonitor/NetworkAgentInfo [WIFI () - 101](  436): transitionTo: destState=EvaluatingState
01-05 10:13:32.780 D/NetworkMonitor/NetworkAgentInfo [WIFI () - 101](  436): EvaluatingState{ when=0 what=532486 arg1=1 target=com.android.internal.util.StateMachine$SmHandler }
01-05 10:13:32.780 D/NetworkMonitor/NetworkAgentInfo [WIFI () - 101](  436): transitionTo: destState=ValidatedState
01-05 10:13:32.780 D/NetworkMonitor/NetworkAgentInfo [WIFI () - 101](  436): Validated
01-05 10:13:32.781 D/ConnectivityService(  436): Switching to new default network: NetworkAgentInfo{ ni{[type: WIFI[], state: CONNECTED/CONNECTED, reason: (unspecified), extra: "Lierda_662A", roaming: false, failover: false, isAvailable: true, isConnectedToProvisioningNetwork: false]}  network{101}  lp{{InterfaceName: wlan0 LinkAddresses: [fe80::ceb8:a8ff:fe51:328/64,192.168.100.197/24,]  Routes: [fe80::/64 -> :: wlan0,192.168.100.0/24 -> 0.0.0.0 wlan0,0.0.0.0/0 -> 192.168.100.1 wlan0,] DnsAddresses: [192.168.100.1,] Domains: lan MTU: 0 TcpBufferSizes: 524288,1048576,2097152,262144,524288,1048576}}  nc{[ Transports: WIFI Capabilities: INTERNET&NOT_RESTRICTED&TRUSTED&NOT_VPN LinkUpBandwidth>=1048576Kbps LinkDnBandwidth>=1048576Kbps]}  Score{20}  everValidated{false}  lastValidated{false}  created{true}  explicitlySelected{false} }
01-05 10:13:32.782 I/NINE    (  436): action_power_protect_screen
01-05 10:13:32.784 D/ConnectivityService(  436): notifyType AVAILABLE for NetworkAgentInfo [WIFI () - 101]
01-05 10:13:32.785 D/CSLegacyTypeTracker(  436): Sending connected broadcast for type 1 NetworkAgentInfo [WIFI () - 101] isDefaultNetwork=true
01-05 10:13:32.785 D/ConnectivityManager.CallbackHandler(  562): CM callback handler got msg 524290
01-05 10:13:32.785 D/ConnectivityService(  436): sendStickyBroadcast: action=android.net.conn.CONNECTIVITY_CHANGE_IMMEDIATE
01-05 10:13:32.786 D/ConnectivityService(  436): sendStickyBroadcast: action=android.net.conn.CONNECTIVITY_CHANGE
01-05 10:13:32.791 E/way     (  924): 
01-05 10:13:32.792 D/Tethering(  436): MasterInitialState.processMessage what=3
01-05 10:13:32.793 I/NINE    (  436): MSG_USER_ACTIVITY_TIMEOUT_PROTECT
01-05 10:13:32.793 I/NINE    (  436): send action_power_protect_screen
01-05 10:13:32.793 W/ContextImpl(  436): Calling a method in the system process without a qualified user: android.app.ContextImpl.sendBroadcast:1344 com.android.server.power.PowerManagerService.handleprotectScreen:2000 com.android.server.power.PowerManagerService.access$3100:96 com.android.server.power.PowerManagerService$PowerManagerHandler.handleMessage:2894 android.os.Handler.dispatchMessage:102 
01-05 10:13:32.794 D/ConnectivityService(  436): setProvNotificationVisibleIntent: E visible=false networkType=0 extraInfo=null
01-05 10:13:32.795 D/ConnectivityService(  436): Validated NetworkAgentInfo [WIFI () - 101]
01-05 10:13:32.795 D/ConnectivityService(  436): rematching NetworkAgentInfo [WIFI () - 101]
01-05 10:13:32.795 D/ConnectivityService(  436): Network NetworkAgentInfo [WIFI () - 101] was already satisfying request 1. No change.
01-05 10:13:32.795 D/ConnectivityService(  436): notifyType AVAILABLE for NetworkAgentInfo [WIFI () - 101]
01-05 10:13:32.798 D/MscSpeechLog(  924): stop all current session in new session
01-05 10:13:32.798 D/MscSpeechLog(  924): isSpeaking enter
01-05 10:13:32.798 D/MscSpeechLog(  924): isSpeaking leave
01-05 10:13:32.798 D/MscSpeechLog(  924): startSpeaking enter
01-05 10:13:32.798 D/MscSpeechLog(  924): new Session Start
01-05 10:13:32.798 D/MscSpeechLog(  924): tts start:1515118412798
01-05 10:13:32.799 I/NINE    (  436): MSG_USER_ACTIVITY_TIMEOUT_PROTECT
01-05 10:13:32.800 I/NINE    (  436): send action_power_protect_screen
01-05 10:13:32.800 W/ContextImpl(  436): Calling a method in the system process without a qualified user: android.app.ContextImpl.sendBroadcast:1344 com.android.server.power.PowerManagerService.handleprotectScreen:2000 com.android.server.power.PowerManagerService.access$3100:96 com.android.server.power.PowerManagerService$PowerManagerHandler.handleMessage:2894 android.os.Handler.dispatchMessage:102 
01-05 10:13:32.800 D/ConnectivityManager.CallbackHandler(  562): CM callback handler got msg 524290
01-05 10:13:32.802 D/RKUpdateReceiver(  849): action = android.net.conn.CONNECTIVITY_CHANGE
01-05 10:13:32.804 I/NINE    (  436): action_power_protect_screen
01-05 10:13:32.804 I/NINE    (  436): action_power_protect_screen
01-05 10:13:32.805 D/ConnectivityService(  436): sendStickyBroadcast: action=android.net.conn.INET_CONDITION_ACTION
01-05 10:13:32.805 D/MscSpeechLog(  924): DC create enter.
01-05 10:13:32.805 D/MscSpeechLog(  924): DC resetAllValues enter.
01-05 10:13:32.805 D/MscSpeechLog(  924): DC resetAllValues leave.
01-05 10:13:32.805 D/MscSpeechLog(  924): DC create leave.
01-05 10:13:32.806 D/MscSpeechLog(  924): min audio seconds: 7, max audio buf size: 2144000
01-05 10:13:32.806 D/WifiNetworkAgent(  436): NetworkAgent: WifiNetworkAgent -> Wifi networkStatus valid, score= 60
01-05 10:13:32.807 D/MscSpeechLog(  924): minPlaySec:0
01-05 10:13:32.808 D/MscSpeechLog(  924): curStatus=init,setStatus=start
01-05 10:13:32.808 D/MscSpeechLog(  924): setStatus success=start
01-05 10:13:32.810 D/MscSpeechLog(  924): startSpeaking leave
01-05 10:13:32.810 D/MscSpeechLog(  924): tts msg start:1515118412810
01-05 10:13:32.818 D/PhoneInterfaceManager(  783): [PhoneIntfMgr] getDataEnabled: subId=0 phoneId=0
01-05 10:13:32.825 D/MSC_LOG (  924): QMSPGetVersion Begin
01-05 10:13:32.825 D/MSC_LOG (  924): QMSPGetVersion End
01-05 10:13:32.826 D/MscSpeechLog(  924): QTTSSessionBegin enter
01-05 10:13:32.826 D/MSC_LOG (  924): QTTSSessionBegin Begin
01-05 10:13:32.842 D/hwcomposer(  157): Skip 5 layer 
01-05 10:13:32.847 D/PhoneInterfaceManager(  783): [PhoneIntfMgr] getDataEnabled: subId=0 retVal=true
01-05 10:13:32.855 D/TelephonyManager(  436): getDataEnabled: retVal=true
01-05 10:13:32.859 D/MSC_LOG (  924): QTTSSessionBegin End
01-05 10:13:32.859 D/MscSpeechLog(  924): QTTSSessionBegin leave:33 ErrorCode:0
01-05 10:13:32.860 D/MscSpeechLog(  924): QTTSTextPut enter
01-05 10:13:32.860 D/MSC_LOG (  924): QTTSTextPut Begin
01-05 10:13:32.861 D/MSC_LOG (  924): QTTSTextPut End
01-05 10:13:32.861 D/MscSpeechLog(  924): QTTSTextPut leavel:0
01-05 10:13:32.861 D/MscSpeechLog(  924): curStatus=start,setStatus=waitresult
01-05 10:13:32.861 D/MscSpeechLog(  924): setStatus success=waitresult
01-05 10:13:32.866 E/GpsLocationProvider(  436): No APN found to select.
01-05 10:13:32.900 I/NINE    (  436): MSG_USER_ACTIVITY_TIMEOUT_PROTECT
01-05 10:13:32.900 I/NINE    (  436): send action_power_protect_screen
01-05 10:13:32.901 W/ContextImpl(  436): Calling a method in the system process without a qualified user: android.app.ContextImpl.sendBroadcast:1344 com.android.server.power.PowerManagerService.handleprotectScreen:2000 com.android.server.power.PowerManagerService.access$3100:96 com.android.server.power.PowerManagerService$PowerManagerHandler.handleMessage:2894 android.os.Handler.dispatchMessage:102 
01-05 10:13:32.902 I/NINE    (  436): action_power_protect_screen
01-05 10:13:33.171 D/MscSpeechLog(  924): tts msc get last audio
01-05 10:13:33.172 D/PcmPlayer(  924): play mPlaytate= 0,mAudioFocus= true
01-05 10:13:33.173 D/MscSpeechLog(  924): DC getEnable enter.
01-05 10:13:33.173 D/MscSpeechLog(  924): tts-onSpeakBegin
01-05 10:13:33.173 E/ControlService(  924): 
01-05 10:13:33.173 D/MscSpeechLog(  924): DC getEnable static value=true
01-05 10:13:33.173 D/MscSpeechLog(  924): getMscParameter enter key=idc
01-05 10:13:33.173 D/MscSpeechLog(  924): getMscParameter value=gz
01-05 10:13:33.174 D/MscSpeechLog(  924): getMscParameter leave
01-05 10:13:33.174 D/MscSpeechLog(  924): DC getEnable msc val=gz
01-05 10:13:33.174 D/MscSpeechLog(  924): DC getEnable value=false
01-05 10:13:33.174 D/MscSpeechLog(  924): DC getEnable leave.
01-05 10:13:33.174 D/MscSpeechLog(  924): curStatus=waitresult,setStatus=exiting
01-05 10:13:33.174 D/MscSpeechLog(  924): setStatus success=exiting
01-05 10:13:33.174 D/PcmPlayer(  924): start player
01-05 10:13:33.174 D/PcmPlayer(  924): mAudioFocus= true
01-05 10:13:33.175 D/MscSpeechLog(  924): QTTSSessionEnd enter
01-05 10:13:33.175 D/MSC_LOG (  924): QTTSSessionEnd Begin
01-05 10:13:33.176 I/MediaFocusControl(  436):  AudioFocus  requestAudioFocus() from android.media.AudioManager@144c4407com.iflytek.cloud.record.c$1@ca3d3ef req=2flags=0x0
01-05 10:13:33.177 D/PcmPlayer(  924): prepAudioPlayer || audiotrack is null or stream type is change.
01-05 10:13:33.177 D/PcmPlayer(  924): createAudio start
01-05 10:13:33.179 D/PcmPlayer(  924): createAudio || mStreamType = 3, buffer size: 3714
01-05 10:13:33.182 I/AudioTrack(  924): minFrameCount: 1857, afFrameCount=1024, minBufCount=5, sampleRate=16000, afSampleRate=44100, afLatency=115
01-05 10:13:33.186 D/PcmPlayer(  924): createAudio end
01-05 10:13:33.187 D/MscSpeechLog(  924): tts-onSpeakProgress percent: 0, begpos: 0, endpos: 5
01-05 10:13:33.189 D/MSC_LOG (  924): QTTSSessionEnd End
01-05 10:13:33.190 D/MscSpeechLog(  924): QTTSSessionEnd leavel:0
01-05 10:13:33.190 D/MscSpeechLog(  924): curStatus=exiting,setStatus=exited
01-05 10:13:33.190 D/MscSpeechLog(  924): setStatus success=exited
01-05 10:13:33.190 D/MscSpeechLog(  924): clear all message
01-05 10:13:33.190 D/MscSpeechLog(  924): MscSynthesizer#onEnd
01-05 10:13:33.190 I/NINE    (  436): MSG_USER_ACTIVITY_TIMEOUT_PROTECT
01-05 10:13:33.190 I/NINE    (  436): send action_power_protect_screen
01-05 10:13:33.190 D/MscSpeechLog(  924): save to local: format = wav totalSize = 58240 maxSize=2144000
01-05 10:13:33.190 W/ContextImpl(  436): Calling a method in the system process without a qualified user: android.app.ContextImpl.sendBroadcast:1344 com.android.server.power.PowerManagerService.handleprotectScreen:2000 com.android.server.power.PowerManagerService.access$3100:96 com.android.server.power.PowerManagerService$PowerManagerHandler.handleMessage:2894 android.os.Handler.dispatchMessage:102 
01-05 10:13:33.192 I/NINE    (  436): action_power_protect_screen
01-05 10:13:33.193 D/MscSpeechLog(  924): readAudio leave, dataSize=16000, bufLen=58240
01-05 10:13:33.200 D/MscSpeechLog(  924): onCompleted NextSession pause
01-05 10:13:33.200 D/MscSpeechLog(  924): clear all message
01-05 10:13:33.200 D/MscSpeechLog(  924): quit current Msc Handler thread
01-05 10:13:33.204 D/AudioHardwareTiny(  163): start_output_stream
01-05 10:13:33.205 D/alsa_route(  163): route_pcm_open() route 0
01-05 10:13:33.206 D/alsa_route(  163): get_route_config() route 0
01-05 10:13:33.206 D/alsa_route(  163): route_info->sound_card 0, route_info->devices 0  
01-05 10:13:33.206 D/alsa_route(  163): route_pcm_close() route 24
01-05 10:13:33.206 D/alsa_route(  163): route_set_controls() set route 0
01-05 10:13:33.206 D/alsa_route(  163): get_route_config() route 0
01-05 10:13:33.206 D/alsa_route(  163): set_controls() ctls_count 1
01-05 10:13:33.229 D/alsa_route(  163): set_controls() set ctl Playback Path to SPK
01-05 10:13:33.229 D/alsa_route(  163): route_pcm_open exit
01-05 10:13:33.473 D/MscSpeechLog(  924): readAudio leave, dataSize=16000, bufLen=42240
01-05 10:13:33.750 D/hwcomposer(  157): Skip 5 layer 
01-05 10:13:33.786 D/ConnectivityService(  436): NetTransition Wakelock (NetworkAgentInfo [WIFI () - 100] cleared because we found a replacement network
01-05 10:13:33.786 I/NINE    (  436): MSG_USER_ACTIVITY_TIMEOUT_PROTECT
01-05 10:13:33.786 I/NINE    (  436): send action_power_protect_screen
01-05 10:13:33.786 W/ContextImpl(  436): Calling a method in the system process without a qualified user: android.app.ContextImpl.sendBroadcast:1344 com.android.server.power.PowerManagerService.handleprotectScreen:2000 com.android.server.power.PowerManagerService.access$3100:96 com.android.server.power.PowerManagerService$PowerManagerHandler.handleMessage:2894 android.os.Handler.dispatchMessage:102 
01-05 10:13:33.788 I/NINE    (  436): action_power_protect_screen
01-05 10:13:34.031 D/MscSpeechLog(  924): readAudio leave, dataSize=16000, bufLen=26240
01-05 10:13:34.495 D/MscSpeechLog(  924): readAudio leave, dataSize=10240, bufLen=10240
01-05 10:13:34.761 D/hwcomposer(  157): Skip 5 layer 
01-05 10:13:34.866 D/MscSpeechLog(  924): mBuffer.writeTrack writeTrackBlankBlock size: 16000
01-05 10:13:35.331 D/MscSpeechLog(  924): play stoped
01-05 10:13:35.331 D/MscSpeechLog(  924): tts-onCompleted
01-05 10:13:35.331 E/ControlService(  924): 
01-05 10:13:35.332 D/MscSpeechLog(  924): start engine mode = MSC
01-05 10:13:35.334 I/MediaFocusControl(  436):  AudioFocus  abandonAudioFocus() from android.media.AudioManager@144c4407com.iflytek.cloud.record.c$1@ca3d3ef
01-05 10:13:35.335 D/PcmPlayer(  924): player stopped
01-05 10:13:35.337 D/MscSpeechLog(  924): DC create enter.
01-05 10:13:35.337 D/MscSpeechLog(  924): DC resetAllValues enter.
01-05 10:13:35.337 D/MscSpeechLog(  924): DC resetAllValues leave.
01-05 10:13:35.337 D/MscSpeechLog(  924): DC create leave.
01-05 10:13:35.337 D/MscSpeechLog(  924): mSpeechTimeOut=60000
01-05 10:13:35.338 I/MediaFocusControl(  436):  AudioFocus  requestAudioFocus() from android.media.AudioManager@144c4407 req=2flags=0x0
01-05 10:13:35.339 D/MscSpeechLog(  924): startListening called
01-05 10:13:35.341 D/MscSpeechLog(  924): curStatus=init,setStatus=start
01-05 10:13:35.341 D/MscSpeechLog(  924): setStatus success=start
01-05 10:13:35.341 E/ControlService(  924): 
01-05 10:13:35.341 D/MscSpeechLog(  924): start connecting
01-05 10:13:35.345 D/MscSpeechLog(  924): start  record
01-05 10:13:35.346 D/MscSpeechLog(  924): onBeginOfSpeech
01-05 10:13:35.346 E/ControlService(  924): 
01-05 10:13:35.349 E/AudioHardwareTiny(  163): adev_open_input_stream: enter
01-05 10:13:35.350 E/AudioHardwareTiny(  163): adev_open_input_stream:channel is not support
01-05 10:13:35.350 E/AudioHardwareTiny(  163): adev_open_input_stream: enter
01-05 10:13:35.350 D/AudioHardwareTiny(  163): pcm_config->rate:44100,in->requested_rate:16000,in->channel_mask:2
01-05 10:13:35.352 D/MscSpeechLog(  924): QISRSessionBegin begin, grammar: null
01-05 10:13:35.352 D/MSC_LOG (  924): QISRSessionBegin Begin
01-05 10:13:35.362 D/AudioHardwareTiny(  163): in->mSpeexFrameSize:192
01-05 10:13:35.363 E/AudioHardwareTiny(  163): adev_open_input_stream: end exit!
01-05 10:13:35.364 I/AudioFlinger(  163): AudioFlinger's thread 0xb4a74000 ready to run
01-05 10:13:35.366 I/NINE    (  436): MSG_USER_ACTIVITY_TIMEOUT_PROTECT
01-05 10:13:35.366 I/NINE    (  436): send action_power_protect_screen
01-05 10:13:35.367 W/ContextImpl(  436): Calling a method in the system process without a qualified user: android.app.ContextImpl.sendBroadcast:1344 com.android.server.power.PowerManagerService.handleprotectScreen:2000 com.android.server.power.PowerManagerService.access$3100:96 com.android.server.power.PowerManagerService$PowerManagerHandler.handleMessage:2894 android.os.Handler.dispatchMessage:102 
01-05 10:13:35.368 I/NINE    (  436): action_power_protect_screen
01-05 10:13:35.369 D/MscSpeechLog(  924): 
01-05 10:13:35.369 D/MscSpeechLog(  924): SampleRate:16000
01-05 10:13:35.369 D/MscSpeechLog(  924): Channel:2
01-05 10:13:35.369 D/MscSpeechLog(  924): Format:2
01-05 10:13:35.369 D/MscSpeechLog(  924): FramePeriod:640
01-05 10:13:35.369 D/MscSpeechLog(  924): BufferSize:5120
01-05 10:13:35.369 D/MscSpeechLog(  924): MinBufferSize:1536
01-05 10:13:35.369 D/MscSpeechLog(  924): ActualBufferSize:1280
01-05 10:13:35.369 I/NINE    (  436): MSG_USER_ACTIVITY_TIMEOUT_PROTECT
01-05 10:13:35.369 I/NINE    (  436): send action_power_protect_screen
01-05 10:13:35.369 W/ContextImpl(  436): Calling a method in the system process without a qualified user: android.app.ContextImpl.sendBroadcast:1344 com.android.server.power.PowerManagerService.handleprotectScreen:2000 com.android.server.power.PowerManagerService.access$3100:96 com.android.server.power.PowerManagerService$PowerManagerHandler.handleMessage:2894 android.os.Handler.dispatchMessage:102 
01-05 10:13:35.371 I/NINE    (  436): action_power_protect_screen
01-05 10:13:35.372 D/MSC_LOG (  924): QISRSessionBegin End
01-05 10:13:35.372 D/MscSpeechLog(  924): QISRSessionBegin end: 0 time:20
01-05 10:13:35.372 D/MSC_LOG (  924): QISRRegisterNotify Begin
01-05 10:13:35.372 D/MSC_LOG (  924): QISRRegisterNotify Findclass
01-05 10:13:35.372 D/MSC_LOG (  924): QISRRegisterNotify GetstaticMethodID
01-05 10:13:35.372 D/MSC_LOG (  924): QISRRegisterNotify Get sessionID
01-05 10:13:35.372 D/MSC_LOG (  924): QISRRegisterNotify start call
01-05 10:13:35.372 D/MSC_LOG (  924): QISRRegisterNotify End
01-05 10:13:35.373 D/MscSpeechLog(  924): curStatus=start,setStatus=recording
01-05 10:13:35.373 D/MscSpeechLog(  924): setStatus success=recording
01-05 10:13:35.373 I/NINE    (  436): MSG_USER_ACTIVITY_TIMEOUT_PROTECT
01-05 10:13:35.373 I/NINE    (  436): send action_power_protect_screen
01-05 10:13:35.373 W/ContextImpl(  436): Calling a method in the system process without a qualified user: android.app.ContextImpl.sendBroadcast:1344 com.android.server.power.PowerManagerService.handleprotectScreen:2000 com.android.server.power.PowerManagerService.access$3100:96 com.android.server.power.PowerManagerService$PowerManagerHandler.handleMessage:2894 android.os.Handler.dispatchMessage:102 
01-05 10:13:35.375 I/NINE    (  436): action_power_protect_screen
01-05 10:13:35.380 D/AudioHardwareTiny(  163): Device     : 0x0
01-05 10:13:35.380 D/AudioHardwareTiny(  163): SampleRate : 0
01-05 10:13:35.380 D/AudioHardwareTiny(  163): Channels   : 0
01-05 10:13:35.380 D/AudioHardwareTiny(  163): Formate    : -1257692868
01-05 10:13:35.380 D/AudioHardwareTiny(  163): PreiodSize : 12
01-05 10:13:35.380 E/AudioHardwareTiny(  163): getInputRouteFromDevice:device:80000004
01-05 10:13:35.380 D/alsa_route(  163): route_pcm_open() route 21
01-05 10:13:35.380 D/alsa_route(  163): get_route_config() route 21
01-05 10:13:35.380 D/alsa_route(  163): route_info->sound_card 0, route_info->devices 0  
01-05 10:13:35.380 D/alsa_route(  163): route_pcm_close() route 25
01-05 10:13:35.380 D/alsa_route(  163): route_set_controls() set route 21
01-05 10:13:35.381 D/alsa_route(  163): get_route_config() route 21
01-05 10:13:35.381 D/alsa_route(  163): set_controls() ctls_count 1
01-05 10:13:35.381 D/alsa_route(  163): set_controls() set ctl Capture MIC Path to Main Mic
01-05 10:13:35.381 D/alsa_route(  163): route_pcm_open exit
01-05 10:13:35.454 D/MSC_LOG (  924): JNI_IsrStatusCB
01-05 10:13:35.454 D/MSC_LOG (  924): JNI_IsrStatusCB AttachCurrentThread
01-05 10:13:35.455 D/MSC_LOG (  924): JNI_IsrStatusCB get sessionID chararray
01-05 10:13:35.455 D/MSC_LOG (  924): JNI_IsrStatusCB get param2 bytearray
01-05 10:13:35.455 D/MSC_LOG (  924): JNI_IsrStatusCB CallVoidMethod
01-05 10:13:35.455 D/MSC_LOG (  924): JNI_IsrStatusCB DetachCurrentThread
01-05 10:13:35.538 D/MSC_LOG (  924): JNI_IsrStatusCB
01-05 10:13:35.539 D/MSC_LOG (  924): JNI_IsrStatusCB AttachCurrentThread
01-05 10:13:35.540 D/MSC_LOG (  924): JNI_IsrStatusCB get sessionID chararray
01-05 10:13:35.540 D/MSC_LOG (  924): JNI_IsrStatusCB get param2 bytearray
01-05 10:13:35.540 D/MSC_LOG (  924): JNI_IsrStatusCB CallVoidMethod
01-05 10:13:35.540 D/MSC_LOG (  924): JNI_IsrStatusCB DetachCurrentThread
01-05 10:13:35.755 D/hwcomposer(  157): Skip 5 layer 
01-05 10:13:38.350 D/alsa_route(  163): route_pcm_close() route 24
01-05 10:13:38.350 D/alsa_route(  163): route_set_controls() set route 24
01-05 10:13:38.350 D/alsa_route(  163): get_route_config() route 24
01-05 10:13:38.350 D/alsa_route(  163): set_controls() ctls_count 1
01-05 10:13:38.350 D/alsa_route(  163): set_controls() set ctl Playback Path to OFF
01-05 10:13:38.350 D/AudioHardwareTiny(  163): close device
01-05 10:13:38.351 I/NINE    (  436): MSG_USER_ACTIVITY_TIMEOUT_PROTECT
01-05 10:13:38.351 I/NINE    (  436): send action_power_protect_screen
01-05 10:13:38.352 W/ContextImpl(  436): Calling a method in the system process without a qualified user: android.app.ContextImpl.sendBroadcast:1344 com.android.server.power.PowerManagerService.handleprotectScreen:2000 com.android.server.power.PowerManagerService.access$3100:96 com.android.server.power.PowerManagerService$PowerManagerHandler.handleMessage:2894 android.os.Handler.dispatchMessage:102 
01-05 10:13:38.355 I/NINE    (  436): action_power_protect_screen
01-05 10:13:38.378 D/MSC_LOG (  924): JNI_IsrStatusCB
01-05 10:13:38.379 D/MSC_LOG (  924): JNI_IsrStatusCB AttachCurrentThread
01-05 10:13:38.379 D/MSC_LOG (  924): JNI_IsrStatusCB get sessionID chararray
01-05 10:13:38.379 D/MSC_LOG (  924): JNI_IsrStatusCB get param2 bytearray
01-05 10:13:38.379 D/MSC_LOG (  924): JNI_IsrStatusCB CallVoidMethod
01-05 10:13:38.380 D/MscRecognizer(  924): stusCb:3,type:0
01-05 10:13:38.380 D/MscSpeechLog(  924): Msc recognize vadEndCall
01-05 10:13:38.380 E/ControlService(  924): 
01-05 10:13:38.380 D/MscSpeechLog(  924): stopRecognize, current status is :recording usercancel : false
01-05 10:13:38.380 E/signway-cust-gpio(  924): ioctl error, fd = -1
01-05 10:13:38.380 E/signway-cust-gpio(  924): ioctl error, fd = -1
01-05 10:13:38.380 E/signway-cust-gpio(  924): ioctl error, fd = -1
01-05 10:13:38.380 D/MscSpeechLog(  924): stop record
01-05 10:13:38.380 D/MscSpeechLog(  924): curStatus=recording,setStatus=waitresult
01-05 10:13:38.381 D/MscSpeechLog(  924): setStatus success=waitresult
01-05 10:13:38.381 D/MSC_LOG (  924): JNI_IsrStatusCB DetachCurrentThread
01-05 10:13:38.381 D/MscSpeechLog(  924): recording stop
01-05 10:13:38.381 D/MscSpeechLog(  924): IsrSession pushEndFlag
01-05 10:13:38.400 D/MscSpeechLog(  924): release record begin
01-05 10:13:38.424 D/MscSpeechLog(  924): release record over
01-05 10:13:38.429 D/alsa_route(  163): route_pcm_close() route 25
01-05 10:13:38.429 D/alsa_route(  163): route_set_controls() set route 25
01-05 10:13:38.429 D/alsa_route(  163): get_route_config() route 25
01-05 10:13:38.429 D/alsa_route(  163): set_controls() ctls_count 1
01-05 10:13:38.429 D/alsa_route(  163): set_controls() set ctl Capture MIC Path to MIC OFF
01-05 10:13:38.430 I/NINE    (  436): MSG_USER_ACTIVITY_TIMEOUT_PROTECT
01-05 10:13:38.430 I/NINE    (  436): send action_power_protect_screen
01-05 10:13:38.431 W/ContextImpl(  436): Calling a method in the system process without a qualified user: android.app.ContextImpl.sendBroadcast:1344 com.android.server.power.PowerManagerService.handleprotectScreen:2000 com.android.server.power.PowerManagerService.access$3100:96 com.android.server.power.PowerManagerService$PowerManagerHandler.handleMessage:2894 android.os.Handler.dispatchMessage:102 
01-05 10:13:38.431 I/NINE    (  436): action_power_protect_screen
01-05 10:13:38.444 D/MSC_LOG (  924): JNI_IsrResultCB
01-05 10:13:38.444 D/MSC_LOG (  924): JNI_IsrResultCB AttachCurrentThread
01-05 10:13:38.445 D/MSC_LOG (  924): JNI_IsrResultCB get result chararray
01-05 10:13:38.445 D/MSC_LOG (  924): JNI_IsrResultCB get sessionID chararray
01-05 10:13:38.445 D/MSC_LOG (  924): JNI_IsrResultCB CallVoidMethod
01-05 10:13:38.446 D/MSC_LOG (  924): JNI_IsrResultCB DetachCurrentThread
01-05 10:13:38.446 W/System.err(  924): .(:10118)
01-05 10:13:38.446 W/System.err(  924): 	at com.iflytek.cloud.thirdparty.ax.a(Unknown Source)
01-05 10:13:38.447 W/System.err(  924): 	at com.iflytek.cloud.thirdparty.ax.c(Unknown Source)
01-05 10:13:38.447 W/System.err(  924): 	at com.iflytek.cloud.thirdparty.ax.a(Unknown Source)
01-05 10:13:38.447 W/System.err(  924): 	at com.iflytek.cloud.thirdparty.be.handleMessage(Unknown Source)
01-05 10:13:38.447 W/System.err(  924): 	at android.os.Handler.dispatchMessage(Handler.java:102)
01-05 10:13:38.447 W/System.err(  924): 	at android.os.Looper.loop(Looper.java:135)
01-05 10:13:38.447 W/System.err(  924): 	at android.os.HandlerThread.run(HandlerThread.java:61)
01-05 10:13:38.448 D/MscSpeechLog(  924): class com.iflytek.cloud.thirdparty.ax occur Error = .(:10118)
01-05 10:13:38.448 D/MscSpeechLog(  924): clear all message
01-05 10:13:38.448 D/MscSpeechLog(  924): DC getEnable enter.
01-05 10:13:38.448 D/MscSpeechLog(  924): DC getEnable static value=true
01-05 10:13:38.448 D/MscSpeechLog(  924): getMscParameter enter key=idc
01-05 10:13:38.449 D/MscSpeechLog(  924): getMscParameter value=gz
01-05 10:13:38.449 D/MscSpeechLog(  924): getMscParameter leave
01-05 10:13:38.449 D/MscSpeechLog(  924): DC getEnable msc val=gz
01-05 10:13:38.449 D/MscSpeechLog(  924): DC getEnable value=false
01-05 10:13:38.449 D/MscSpeechLog(  924): DC getEnable leave.
01-05 10:13:38.449 D/MscSpeechLog(  924): curStatus=waitresult,setStatus=exiting
01-05 10:13:38.449 D/MscSpeechLog(  924): setStatus success=exiting
01-05 10:13:38.449 D/MscSpeechLog(  924): onSessionEnd
01-05 10:13:38.450 D/MSC_LOG (  924): QISRSetParam Begin
01-05 10:13:38.450 D/MSC_LOG (  924): QISRSetParam End
01-05 10:13:38.450 D/MscSpeechLog(  924): sessionEnd enter 
01-05 10:13:38.450 D/MSC_LOG (  924): QISRSessionEnd Begin
01-05 10:13:38.458 D/MSC_LOG (  924): QISRSessionEnd End
01-05 10:13:38.458 D/MSC_LOG (  924): DeleteGlobalRef g_isrCbData.m_obj
01-05 10:13:38.458 D/MscSpeechLog(  924): sessionEnd leavel:true time:8
01-05 10:13:38.458 D/MscSpeechLog(  924): curStatus=exiting,setStatus=exited
01-05 10:13:38.458 D/MscSpeechLog(  924): setStatus success=exited
01-05 10:13:38.458 D/MscSpeechLog(  924): clear all message
01-05 10:13:38.459 D/MscSpeechLog(  924): RecognizerListener#onEnd
01-05 10:13:38.468 I/MediaFocusControl(  436):  AudioFocus  abandonAudioFocus() from android.media.AudioManager@144c4407
01-05 10:13:38.469 D/MscSpeechLog(  924): clear all message
01-05 10:13:38.469 E/ControlService(  924): .(:10118)
01-05 10:13:38.469 D/MscSpeechLog(  924): quit current Msc Handler thread
01-05 10:13:38.469 E/signway-cust-gpio(  924): ioctl error, fd = -1
01-05 10:13:38.469 E/signway-cust-gpio(  924): ioctl error, fd = -1
01-05 10:13:38.469 E/signway-cust-gpio(  924): ioctl error, fd = -1
01-05 10:13:39.766 D/hwcomposer(  157): Skip 5 layer 
01-05 10:13:40.209 E/WifiStateMachine(  436): WifiStateMachine CMD_START_SCAN source -2 txSuccessRate=45.52 rxSuccessRate=43.67 targetRoamBSSID=00:95:69:b4:66:2b RSSI=-41
01-05 10:13:40.210 E/WifiStateMachine(  436): WifiStateMachine L2Connected CMD_START_SCAN source -2 10, 12 -> obsolete
01-05 10:13:40.238 E/WifiStateMachine(  436): WifiStateMachine CMD_START_SCAN source -2 txSuccessRate=45.52 rxSuccessRate=43.67 targetRoamBSSID=00:95:69:b4:66:2b RSSI=-41
01-05 10:13:40.238 E/WifiStateMachine(  436): WifiStateMachine L2Connected CMD_START_SCAN source -2 11, 12 -> obsolete
01-05 10:13:40.777 D/hwcomposer(  157): Skip 5 layer 
01-05 10:13:41.771 D/hwcomposer(  157): Skip 5 layer 
01-05 10:13:43.068 I/Sensors (  436): **** Motion ****
01-05 10:13:45.782 D/hwcomposer(  157): Skip 5 layer 
01-05 10:13:46.744 E/HAL     (  806): load: ++++++++++++TWM++++++++++++++++id path=gralloc
01-05 10:13:46.744 E/HAL     (  806): load: ++++++++++++TWM++++++++++++++++module path=/system/lib/hw/gralloc.rk30board.so
01-05 10:13:46.744 E/HAL     (  806): load: ++++++++++++TWM++++++++++++++++id path=gralloc
01-05 10:13:46.744 E/HAL     (  806): load: ++++++++++++TWM++++++++++++++++module path=/system/lib/hw/gralloc.rk30board.so
01-05 10:13:46.776 D/hwcomposer(  157): Skip 5 layer 
01-05 10:13:46.811 E/HAL     (  157): load: ++++++++++++TWM++++++++++++++++id path=gralloc
01-05 10:13:46.812 E/HAL     (  157): load: ++++++++++++TWM++++++++++++++++module path=/system/lib/hw/gralloc.rk30board.so
01-05 10:13:46.814 D/hwcomposer(  157): Skip 5 layer 
01-05 10:13:46.827 D/hwcomposer(  157): Skip 5 layer 
01-05 10:13:46.896 D/hwcomposer(  157): Skip 5 layer 
01-05 10:13:49.056 D/hwcomposer(  157): Skip 5 layer 
01-05 10:13:49.073 D/hwcomposer(  157): Skip 5 layer 
01-05 10:13:49.090 D/hwcomposer(  157): Skip 5 layer 
01-05 10:13:49.107 D/hwcomposer(  157): Skip 5 layer 
01-05 10:13:49.124 D/hwcomposer(  157): Skip 5 layer 
01-05 10:13:49.141 D/hwcomposer(  157): Skip 5 layer 
01-05 10:13:49.158 D/hwcomposer(  157): Skip 5 layer 
01-05 10:13:49.169 I/PackageManager(  436): Setting last chosen activity com.android.launcher3/.Launcher for user 0:
01-05 10:13:49.170 I/PackageManager(  436):   Action: "android.intent.action.MAIN"
01-05 10:13:49.170 I/PackageManager(  436):   Category: "android.intent.category.HOME"
01-05 10:13:49.170 I/PackageManager(  436):   Category: "android.intent.category.DEFAULT"
01-05 10:13:49.171 I/ActivityStackSupervisor(  436): START u0 {act=android.intent.action.MAIN cat=[android.intent.category.HOME] flg=0x13000000 cmp=com.android.launcher3/.Launcher} from uid 0 on display 0
01-05 10:13:49.175 I/System.out(  436): com.android.launcher3.LauncheraddAppToken taskId:66
01-05 10:13:49.176 D/hwcomposer(  157): Skip 5 layer 
01-05 10:13:49.183 D/PermissionCache(  157): checking android.permission.READ_FRAME_BUFFER for uid=1000 => granted (312 us)
01-05 10:13:49.186 E/HAL     (  436): load: ++++++++++++TWM++++++++++++++++id path=gralloc
01-05 10:13:49.186 E/HAL     (  436): load: ++++++++++++TWM++++++++++++++++module path=/system/lib/hw/gralloc.rk30board.so
01-05 10:13:49.187 E/HAL     (  157): load: ++++++++++++TWM++++++++++++++++id path=gralloc
01-05 10:13:49.187 E/HAL     (  157): load: ++++++++++++TWM++++++++++++++++module path=/system/lib/hw/gralloc.rk30board.so
01-05 10:13:49.188 E/HAL     (  157): load: ++++++++++++TWM++++++++++++++++id path=gralloc
01-05 10:13:49.188 E/HAL     (  157): load: ++++++++++++TWM++++++++++++++++module path=/system/lib/hw/gralloc.rk30board.so
01-05 10:13:49.191 E/HAL     (  157): load: ++++++++++++TWM++++++++++++++++id path=gralloc
01-05 10:13:49.191 E/HAL     (  157): load: ++++++++++++TWM++++++++++++++++module path=/system/lib/hw/gralloc.rk30board.so
01-05 10:13:49.199 E/HAL     (  436): load: ++++++++++++TWM++++++++++++++++id path=gralloc
01-05 10:13:49.199 E/HAL     (  436): load: ++++++++++++TWM++++++++++++++++module path=/system/lib/hw/gralloc.rk30board.so
